<!doctype html public "-//w3c//dtd html 4.0 transitional//en">
<html><head>
<title>Static Call Graph - [.\Output\project.axf]</title></head>
<body><HR>
<H1>Static Call Graph for image .\Output\project.axf</H1><HR>
<BR><P>#&#060CALLGRAPH&#062# ARM Linker, 5060750: Last Updated: Wed Oct 19 16:02:45 2022
<BR><P>
<H3>Maximum Stack Usage =        408 bytes + Unknown(Cycles, Untraceable Function Pointers)</H3><H3>
Call chain for Maximum Stack Depth:</H3>
main &rArr; Test_Process &rArr; Disp_Set_Num &rArr; Disp_NumKeyboard_Set &rArr; WriteString_16 &rArr; PutChar &rArr; GetASCIICode &rArr; __aeabi_memcpy
<P>
<H3>
Mutually Recursive functions
</H3> <LI><a href="#[1]">NMI_Handler</a>&nbsp;&nbsp;&nbsp;&rArr;&nbsp;&nbsp;&nbsp;<a href="#[1]">NMI_Handler</a><BR>
 <LI><a href="#[2]">HardFault_Handler</a>&nbsp;&nbsp;&nbsp;&rArr;&nbsp;&nbsp;&nbsp;<a href="#[2]">HardFault_Handler</a><BR>
 <LI><a href="#[3]">MemManage_Handler</a>&nbsp;&nbsp;&nbsp;&rArr;&nbsp;&nbsp;&nbsp;<a href="#[3]">MemManage_Handler</a><BR>
 <LI><a href="#[4]">BusFault_Handler</a>&nbsp;&nbsp;&nbsp;&rArr;&nbsp;&nbsp;&nbsp;<a href="#[4]">BusFault_Handler</a><BR>
 <LI><a href="#[5]">UsageFault_Handler</a>&nbsp;&nbsp;&nbsp;&rArr;&nbsp;&nbsp;&nbsp;<a href="#[5]">UsageFault_Handler</a><BR>
 <LI><a href="#[6]">SVC_Handler</a>&nbsp;&nbsp;&nbsp;&rArr;&nbsp;&nbsp;&nbsp;<a href="#[6]">SVC_Handler</a><BR>
 <LI><a href="#[7]">DebugMon_Handler</a>&nbsp;&nbsp;&nbsp;&rArr;&nbsp;&nbsp;&nbsp;<a href="#[7]">DebugMon_Handler</a><BR>
 <LI><a href="#[8]">PendSV_Handler</a>&nbsp;&nbsp;&nbsp;&rArr;&nbsp;&nbsp;&nbsp;<a href="#[8]">PendSV_Handler</a><BR>
 <LI><a href="#[20]">ADC_IRQHandler</a>&nbsp;&nbsp;&nbsp;&rArr;&nbsp;&nbsp;&nbsp;<a href="#[20]">ADC_IRQHandler</a><BR>
</UL>
<P>
<H3>
Function Pointers
</H3><UL>
 <LI><a href="#[20]">ADC_IRQHandler</a> from startup_lpc177x_8x.o(.text) referenced from startup_lpc177x_8x.o(RESET)
 <LI><a href="#[21]">BOD_IRQHandler</a> from startup_lpc177x_8x.o(.text) referenced from startup_lpc177x_8x.o(RESET)
 <LI><a href="#[4]">BusFault_Handler</a> from startup_lpc177x_8x.o(.text) referenced from startup_lpc177x_8x.o(RESET)
 <LI><a href="#[2c]">CANActivity_IRQHandler</a> from startup_lpc177x_8x.o(.text) referenced from startup_lpc177x_8x.o(RESET)
 <LI><a href="#[23]">CAN_IRQHandler</a> from startup_lpc177x_8x.o(.text) referenced from startup_lpc177x_8x.o(RESET)
 <LI><a href="#[24]">DMA_IRQHandler</a> from dma.o(.text) referenced from startup_lpc177x_8x.o(RESET)
 <LI><a href="#[7]">DebugMon_Handler</a> from startup_lpc177x_8x.o(.text) referenced from startup_lpc177x_8x.o(RESET)
 <LI><a href="#[32]">EEPROM_IRQHandler</a> from startup_lpc177x_8x.o(.text) referenced from startup_lpc177x_8x.o(RESET)
 <LI><a href="#[1c]">EINT0_IRQHandler</a> from startup_lpc177x_8x.o(.text) referenced from startup_lpc177x_8x.o(RESET)
 <LI><a href="#[1d]">EINT1_IRQHandler</a> from startup_lpc177x_8x.o(.text) referenced from startup_lpc177x_8x.o(RESET)
 <LI><a href="#[1e]">EINT2_IRQHandler</a> from startup_lpc177x_8x.o(.text) referenced from startup_lpc177x_8x.o(RESET)
 <LI><a href="#[1f]">EINT3_IRQHandler</a> from startup_lpc177x_8x.o(.text) referenced from startup_lpc177x_8x.o(RESET)
 <LI><a href="#[26]">ENET_IRQHandler</a> from startup_lpc177x_8x.o(.text) referenced from startup_lpc177x_8x.o(RESET)
 <LI><a href="#[30]">GPIO_IRQHandler</a> from main.o(.text) referenced from startup_lpc177x_8x.o(RESET)
 <LI><a href="#[2]">HardFault_Handler</a> from startup_lpc177x_8x.o(.text) referenced from startup_lpc177x_8x.o(RESET)
 <LI><a href="#[14]">I2C0_IRQHandler</a> from startup_lpc177x_8x.o(.text) referenced from startup_lpc177x_8x.o(RESET)
 <LI><a href="#[15]">I2C1_IRQHandler</a> from startup_lpc177x_8x.o(.text) referenced from startup_lpc177x_8x.o(RESET)
 <LI><a href="#[16]">I2C2_IRQHandler</a> from startup_lpc177x_8x.o(.text) referenced from startup_lpc177x_8x.o(RESET)
 <LI><a href="#[25]">I2S_IRQHandler</a> from startup_lpc177x_8x.o(.text) referenced from startup_lpc177x_8x.o(RESET)
 <LI><a href="#[2f]">LCD_IRQHandler</a> from startup_lpc177x_8x.o(.text) referenced from startup_lpc177x_8x.o(RESET)
 <LI><a href="#[27]">MCI_IRQHandler</a> from startup_lpc177x_8x.o(.text) referenced from startup_lpc177x_8x.o(RESET)
 <LI><a href="#[28]">MCPWM_IRQHandler</a> from startup_lpc177x_8x.o(.text) referenced from startup_lpc177x_8x.o(RESET)
 <LI><a href="#[3]">MemManage_Handler</a> from startup_lpc177x_8x.o(.text) referenced from startup_lpc177x_8x.o(RESET)
 <LI><a href="#[1]">NMI_Handler</a> from startup_lpc177x_8x.o(.text) referenced from startup_lpc177x_8x.o(RESET)
 <LI><a href="#[1a]">PLL0_IRQHandler</a> from startup_lpc177x_8x.o(.text) referenced from startup_lpc177x_8x.o(RESET)
 <LI><a href="#[2a]">PLL1_IRQHandler</a> from startup_lpc177x_8x.o(.text) referenced from startup_lpc177x_8x.o(RESET)
 <LI><a href="#[31]">PWM0_IRQHandler</a> from startup_lpc177x_8x.o(.text) referenced from startup_lpc177x_8x.o(RESET)
 <LI><a href="#[13]">PWM1_IRQHandler</a> from startup_lpc177x_8x.o(.text) referenced from startup_lpc177x_8x.o(RESET)
 <LI><a href="#[8]">PendSV_Handler</a> from startup_lpc177x_8x.o(.text) referenced from startup_lpc177x_8x.o(RESET)
 <LI><a href="#[29]">QEI_IRQHandler</a> from startup_lpc177x_8x.o(.text) referenced from startup_lpc177x_8x.o(RESET)
 <LI><a href="#[1b]">RTC_IRQHandler</a> from rtc.o(.text) referenced from startup_lpc177x_8x.o(RESET)
 <LI><a href="#[0]">Reset_Handler</a> from startup_lpc177x_8x.o(.text) referenced from startup_lpc177x_8x.o(RESET)
 <LI><a href="#[17]">SPIFI_IRQHandler</a> from startup_lpc177x_8x.o(.text) referenced from startup_lpc177x_8x.o(RESET)
 <LI><a href="#[18]">SSP0_IRQHandler</a> from startup_lpc177x_8x.o(.text) referenced from startup_lpc177x_8x.o(RESET)
 <LI><a href="#[19]">SSP1_IRQHandler</a> from startup_lpc177x_8x.o(.text) referenced from startup_lpc177x_8x.o(RESET)
 <LI><a href="#[2e]">SSP2_IRQHandler</a> from startup_lpc177x_8x.o(.text) referenced from startup_lpc177x_8x.o(RESET)
 <LI><a href="#[6]">SVC_Handler</a> from startup_lpc177x_8x.o(.text) referenced from startup_lpc177x_8x.o(RESET)
 <LI><a href="#[9]">SysTick_Handler</a> from main.o(.text) referenced from startup_lpc177x_8x.o(RESET)
 <LI><a href="#[34]">SystemInit</a> from system_lpc177x_8x.o(.text) referenced from startup_lpc177x_8x.o(.text)
 <LI><a href="#[b]">TIMER0_IRQHandler</a> from timer.o(.text) referenced from startup_lpc177x_8x.o(RESET)
 <LI><a href="#[c]">TIMER1_IRQHandler</a> from timer.o(.text) referenced from startup_lpc177x_8x.o(RESET)
 <LI><a href="#[d]">TIMER2_IRQHandler</a> from timer.o(.text) referenced from startup_lpc177x_8x.o(RESET)
 <LI><a href="#[e]">TIMER3_IRQHandler</a> from timer.o(.text) referenced from startup_lpc177x_8x.o(RESET)
 <LI><a href="#[f]">UART0_IRQHandler</a> from debug_frmwrk.o(.text) referenced from startup_lpc177x_8x.o(RESET)
 <LI><a href="#[10]">UART1_IRQHandler</a> from startup_lpc177x_8x.o(.text) referenced from startup_lpc177x_8x.o(RESET)
 <LI><a href="#[11]">UART2_IRQHandler</a> from startup_lpc177x_8x.o(.text) referenced from startup_lpc177x_8x.o(RESET)
 <LI><a href="#[12]">UART3_IRQHandler</a> from debug_frmwrk.o(.text) referenced from startup_lpc177x_8x.o(RESET)
 <LI><a href="#[2d]">UART4_IRQHandler</a> from startup_lpc177x_8x.o(.text) referenced from startup_lpc177x_8x.o(RESET)
 <LI><a href="#[1a9]">UARTGetChar</a> from debug_frmwrk.o(.text) referenced 2 times from debug_frmwrk.o(.text)
 <LI><a href="#[1aa]">UARTGetValue</a> from debug_frmwrk.o(.text) referenced 2 times from debug_frmwrk.o(.text)
 <LI><a href="#[1a8]">UARTPutChar</a> from debug_frmwrk.o(.text) referenced 2 times from debug_frmwrk.o(.text)
 <LI><a href="#[1ad]">UARTPutDec</a> from debug_frmwrk.o(.text) referenced 2 times from debug_frmwrk.o(.text)
 <LI><a href="#[1ae]">UARTPutDec16</a> from debug_frmwrk.o(.text) referenced 2 times from debug_frmwrk.o(.text)
 <LI><a href="#[1af]">UARTPutDec32</a> from debug_frmwrk.o(.text) referenced 2 times from debug_frmwrk.o(.text)
 <LI><a href="#[1b1]">UARTPutHex</a> from debug_frmwrk.o(.text) referenced 2 times from debug_frmwrk.o(.text)
 <LI><a href="#[1b3]">UARTPutHex16</a> from debug_frmwrk.o(.text) referenced 2 times from debug_frmwrk.o(.text)
 <LI><a href="#[1b2]">UARTPutHex16_</a> from debug_frmwrk.o(.text) referenced 2 times from debug_frmwrk.o(.text)
 <LI><a href="#[1b5]">UARTPutHex32</a> from debug_frmwrk.o(.text) referenced 2 times from debug_frmwrk.o(.text)
 <LI><a href="#[1b4]">UARTPutHex32_</a> from debug_frmwrk.o(.text) referenced 2 times from debug_frmwrk.o(.text)
 <LI><a href="#[1b0]">UARTPutHex_</a> from debug_frmwrk.o(.text) referenced 2 times from debug_frmwrk.o(.text)
 <LI><a href="#[fe]">UARTPuts</a> from debug_frmwrk.o(.text) referenced 2 times from debug_frmwrk.o(.text)
 <LI><a href="#[1ac]">UARTPuts_</a> from debug_frmwrk.o(.text) referenced 2 times from debug_frmwrk.o(.text)
 <LI><a href="#[2b]">USBActivity_IRQHandler</a> from startup_lpc177x_8x.o(.text) referenced from startup_lpc177x_8x.o(RESET)
 <LI><a href="#[22]">USB_IRQHandler</a> from usbhost_lpc17xx.o(.text) referenced from startup_lpc177x_8x.o(RESET)
 <LI><a href="#[5]">UsageFault_Handler</a> from startup_lpc177x_8x.o(.text) referenced from startup_lpc177x_8x.o(RESET)
 <LI><a href="#[a]">WDT_IRQHandler</a> from startup_lpc177x_8x.o(.text) referenced from startup_lpc177x_8x.o(RESET)
 <LI><a href="#[35]">__main</a> from entry.o(.ARM.Collect$$$$00000000) referenced from startup_lpc177x_8x.o(.text)
 <LI><a href="#[36]">_sputc</a> from printfa.o(i._sputc) referenced from printfa.o(i.__0sprintf)
 <LI><a href="#[36]">_sputc</a> from printfa.o(i._sputc) referenced from printfa.o(i.__0vsprintf)
 <LI><a href="#[33]">main</a> from main.o(.text) referenced from entry9a.o(.ARM.Collect$$$$0000000B)
</UL>
<P>
<H3>
Global Symbols
</H3>
<P><STRONG><a name="[35]"></a>__main</STRONG> (Thumb, 0 bytes, Stack size unknown bytes, entry.o(.ARM.Collect$$$$00000000))
<BR>[Address Reference Count : 1]<UL><LI> startup_lpc177x_8x.o(.text)
</UL>
<P><STRONG><a name="[21e]"></a>_main_stk</STRONG> (Thumb, 0 bytes, Stack size unknown bytes, entry2.o(.ARM.Collect$$$$00000001))

<P><STRONG><a name="[37]"></a>_main_scatterload</STRONG> (Thumb, 0 bytes, Stack size unknown bytes, entry5.o(.ARM.Collect$$$$00000004))
<BR><BR>[Calls]<UL><LI><a href="#[38]">&gt;&gt;</a>&nbsp;&nbsp;&nbsp;__scatterload
</UL>

<P><STRONG><a name="[20a]"></a>__main_after_scatterload</STRONG> (Thumb, 0 bytes, Stack size unknown bytes, entry5.o(.ARM.Collect$$$$00000004))
<BR><BR>[Called By]<UL><LI><a href="#[38]">&gt;&gt;</a>&nbsp;&nbsp;&nbsp;__scatterload
</UL>

<P><STRONG><a name="[21f]"></a>_main_clock</STRONG> (Thumb, 0 bytes, Stack size unknown bytes, entry7b.o(.ARM.Collect$$$$00000008))

<P><STRONG><a name="[220]"></a>_main_cpp_init</STRONG> (Thumb, 0 bytes, Stack size unknown bytes, entry8b.o(.ARM.Collect$$$$0000000A))

<P><STRONG><a name="[221]"></a>_main_init</STRONG> (Thumb, 0 bytes, Stack size unknown bytes, entry9a.o(.ARM.Collect$$$$0000000B))

<P><STRONG><a name="[222]"></a>__rt_final_cpp</STRONG> (Thumb, 0 bytes, Stack size unknown bytes, entry10a.o(.ARM.Collect$$$$0000000D))

<P><STRONG><a name="[223]"></a>__rt_final_exit</STRONG> (Thumb, 0 bytes, Stack size unknown bytes, entry11a.o(.ARM.Collect$$$$0000000F))

<P><STRONG><a name="[3a]"></a>EMC_GPIO_Init</STRONG> (Thumb, 272 bytes, Stack size 0 bytes, ex_sdram.o(.text))
<BR><BR>[Called By]<UL><LI><a href="#[39]">&gt;&gt;</a>&nbsp;&nbsp;&nbsp;SDRAM_Init
</UL>

<P><STRONG><a name="[39]"></a>SDRAM_Init</STRONG> (Thumb, 254 bytes, Stack size 24 bytes, ex_sdram.o(.text))
<BR><BR>[Stack]<UL><LI>Max Depth = 44<LI>Call Chain = SDRAM_Init &rArr; delayMs
</UL>
<BR>[Calls]<UL><LI><a href="#[3b]">&gt;&gt;</a>&nbsp;&nbsp;&nbsp;delayMs
<LI><a href="#[3a]">&gt;&gt;</a>&nbsp;&nbsp;&nbsp;EMC_GPIO_Init
</UL>
<BR>[Called By]<UL><LI><a href="#[33]">&gt;&gt;</a>&nbsp;&nbsp;&nbsp;main
</UL>

<P><STRONG><a name="[30]"></a>GPIO_IRQHandler</STRONG> (Thumb, 68 bytes, Stack size 8 bytes, main.o(.text))
<BR><BR>[Stack]<UL><LI>Max Depth = 16<LI>Call Chain = GPIO_IRQHandler &rArr; GPIO_GetIntStatus
</UL>
<BR>[Calls]<UL><LI><a href="#[3c]">&gt;&gt;</a>&nbsp;&nbsp;&nbsp;GPIO_GetIntStatus
<LI><a href="#[3d]">&gt;&gt;</a>&nbsp;&nbsp;&nbsp;GPIO_ClearInt
</UL>
<BR>[Address Reference Count : 1]<UL><LI> startup_lpc177x_8x.o(RESET)
</UL>
<P><STRONG><a name="[33]"></a>main</STRONG> (Thumb, 306 bytes, Stack size 0 bytes, main.o(.text))
<BR><BR>[Stack]<UL><LI>Max Depth = 408<LI>Call Chain = main &rArr; Test_Process &rArr; Disp_Set_Num &rArr; Disp_NumKeyboard_Set &rArr; WriteString_16 &rArr; PutChar &rArr; GetASCIICode &rArr; __aeabi_memcpy
</UL>
<BR>[Calls]<UL><LI><a href="#[46]">&gt;&gt;</a>&nbsp;&nbsp;&nbsp;lpc1788_DMA_Init
<LI><a href="#[50]">&gt;&gt;</a>&nbsp;&nbsp;&nbsp;lcd_Clear
<LI><a href="#[4e]">&gt;&gt;</a>&nbsp;&nbsp;&nbsp;delay_ms
<LI><a href="#[45]">&gt;&gt;</a>&nbsp;&nbsp;&nbsp;debug_uart3_init
<LI><a href="#[44]">&gt;&gt;</a>&nbsp;&nbsp;&nbsp;debug_frmwrk_init
<LI><a href="#[56]">&gt;&gt;</a>&nbsp;&nbsp;&nbsp;Use_SysSetProcess
<LI><a href="#[52]">&gt;&gt;</a>&nbsp;&nbsp;&nbsp;Test_Process
<LI><a href="#[53]">&gt;&gt;</a>&nbsp;&nbsp;&nbsp;Soft_Turnon
<LI><a href="#[55]">&gt;&gt;</a>&nbsp;&nbsp;&nbsp;Setup_Process
<LI><a href="#[48]">&gt;&gt;</a>&nbsp;&nbsp;&nbsp;RTC_INT
<LI><a href="#[49]">&gt;&gt;</a>&nbsp;&nbsp;&nbsp;RE485
<LI><a href="#[54]">&gt;&gt;</a>&nbsp;&nbsp;&nbsp;Power_Process
<LI><a href="#[42]">&gt;&gt;</a>&nbsp;&nbsp;&nbsp;HW_keyInt
<LI><a href="#[4d]">&gt;&gt;</a>&nbsp;&nbsp;&nbsp;HW_Sendvalueto164
<LI><a href="#[4f]">&gt;&gt;</a>&nbsp;&nbsp;&nbsp;HW_KeyScsn
<LI><a href="#[43]">&gt;&gt;</a>&nbsp;&nbsp;&nbsp;GPIO_Plc_Configuration
<LI><a href="#[4a]">&gt;&gt;</a>&nbsp;&nbsp;&nbsp;GPIO_Led_Configuration
<LI><a href="#[41]">&gt;&gt;</a>&nbsp;&nbsp;&nbsp;GPIO_IntCmd
<LI><a href="#[4c]">&gt;&gt;</a>&nbsp;&nbsp;&nbsp;GLCD_Init
<LI><a href="#[4b]">&gt;&gt;</a>&nbsp;&nbsp;&nbsp;GLCD_Ctrl
<LI><a href="#[57]">&gt;&gt;</a>&nbsp;&nbsp;&nbsp;Fac_DebugProcess
<LI><a href="#[47]">&gt;&gt;</a>&nbsp;&nbsp;&nbsp;EEPROM_Init
<LI><a href="#[3e]">&gt;&gt;</a>&nbsp;&nbsp;&nbsp;CLKPWR_GetCLK
<LI><a href="#[51]">&gt;&gt;</a>&nbsp;&nbsp;&nbsp;Beep_Off
<LI><a href="#[40]">&gt;&gt;</a>&nbsp;&nbsp;&nbsp;NVIC_SetPriority
<LI><a href="#[3f]">&gt;&gt;</a>&nbsp;&nbsp;&nbsp;NVIC_EnableIRQ
<LI><a href="#[39]">&gt;&gt;</a>&nbsp;&nbsp;&nbsp;SDRAM_Init
</UL>
<BR>[Address Reference Count : 1]<UL><LI> entry9a.o(.ARM.Collect$$$$0000000B)
</UL>
<P><STRONG><a name="[9]"></a>SysTick_Handler</STRONG> (Thumb, 10 bytes, Stack size 0 bytes, main.o(.text))
<BR>[Address Reference Count : 1]<UL><LI> startup_lpc177x_8x.o(RESET)
</UL>
<P><STRONG><a name="[fd]"></a>Delay</STRONG> (Thumb, 14 bytes, Stack size 0 bytes, main.o(.text))
<BR><BR>[Called By]<UL><LI><a href="#[f2]">&gt;&gt;</a>&nbsp;&nbsp;&nbsp;Key_Beep
<LI><a href="#[105]">&gt;&gt;</a>&nbsp;&nbsp;&nbsp;Exit_correction
<LI><a href="#[104]">&gt;&gt;</a>&nbsp;&nbsp;&nbsp;Save_R
<LI><a href="#[103]">&gt;&gt;</a>&nbsp;&nbsp;&nbsp;Correction_R
<LI><a href="#[102]">&gt;&gt;</a>&nbsp;&nbsp;&nbsp;Init_R
<LI><a href="#[101]">&gt;&gt;</a>&nbsp;&nbsp;&nbsp;Save_C
<LI><a href="#[100]">&gt;&gt;</a>&nbsp;&nbsp;&nbsp;Correction_C
<LI><a href="#[ff]">&gt;&gt;</a>&nbsp;&nbsp;&nbsp;Init_C
<LI><a href="#[fc]">&gt;&gt;</a>&nbsp;&nbsp;&nbsp;Start_Correction
<LI><a href="#[56]">&gt;&gt;</a>&nbsp;&nbsp;&nbsp;Use_SysSetProcess
<LI><a href="#[54]">&gt;&gt;</a>&nbsp;&nbsp;&nbsp;Power_Process
<LI><a href="#[4f]">&gt;&gt;</a>&nbsp;&nbsp;&nbsp;HW_KeyScsn
<LI><a href="#[174]">&gt;&gt;</a>&nbsp;&nbsp;&nbsp;Power_Relay
</UL>

<P><STRONG><a name="[3b]"></a>delayMs</STRONG> (Thumb, 166 bytes, Stack size 20 bytes, timer.o(.text))
<BR><BR>[Stack]<UL><LI>Max Depth = 20<LI>Call Chain = delayMs
</UL>
<BR>[Called By]<UL><LI><a href="#[39]">&gt;&gt;</a>&nbsp;&nbsp;&nbsp;SDRAM_Init
</UL>

<P><STRONG><a name="[b]"></a>TIMER0_IRQHandler</STRONG> (Thumb, 64 bytes, Stack size 0 bytes, timer.o(.text))
<BR><BR>[Stack]<UL><LI>Max Depth = 24<LI>Call Chain = TIMER0_IRQHandler &rArr; EncodeScan &rArr; GPIO_ReadValue
</UL>
<BR>[Calls]<UL><LI><a href="#[58]">&gt;&gt;</a>&nbsp;&nbsp;&nbsp;EncodeScan
</UL>
<BR>[Address Reference Count : 1]<UL><LI> startup_lpc177x_8x.o(RESET)
</UL>
<P><STRONG><a name="[c]"></a>TIMER1_IRQHandler</STRONG> (Thumb, 16 bytes, Stack size 0 bytes, timer.o(.text))
<BR>[Address Reference Count : 1]<UL><LI> startup_lpc177x_8x.o(RESET)
</UL>
<P><STRONG><a name="[d]"></a>TIMER2_IRQHandler</STRONG> (Thumb, 16 bytes, Stack size 0 bytes, timer.o(.text))
<BR>[Address Reference Count : 1]<UL><LI> startup_lpc177x_8x.o(RESET)
</UL>
<P><STRONG><a name="[e]"></a>TIMER3_IRQHandler</STRONG> (Thumb, 20 bytes, Stack size 0 bytes, timer.o(.text))
<BR>[Address Reference Count : 1]<UL><LI> startup_lpc177x_8x.o(RESET)
</UL>
<P><STRONG><a name="[133]"></a>enable_timer</STRONG> (Thumb, 36 bytes, Stack size 0 bytes, timer.o(.text))
<BR><BR>[Called By]<UL><LI><a href="#[54]">&gt;&gt;</a>&nbsp;&nbsp;&nbsp;Power_Process
</UL>

<P><STRONG><a name="[224]"></a>disable_timer</STRONG> (Thumb, 34 bytes, Stack size 0 bytes, timer.o(.text), UNUSED)

<P><STRONG><a name="[225]"></a>reset_timer</STRONG> (Thumb, 40 bytes, Stack size 0 bytes, timer.o(.text), UNUSED)

<P><STRONG><a name="[226]"></a>timer3Init</STRONG> (Thumb, 88 bytes, Stack size 0 bytes, timer.o(.text), UNUSED)

<P><STRONG><a name="[59]"></a>init_timer</STRONG> (Thumb, 150 bytes, Stack size 16 bytes, timer.o(.text))
<BR><BR>[Stack]<UL><LI>Max Depth = 16<LI>Call Chain = init_timer
</UL>
<BR>[Calls]<UL><LI><a href="#[5a]">&gt;&gt;</a>&nbsp;&nbsp;&nbsp;NVIC_EnableIRQ
</UL>
<BR>[Called By]<UL><LI><a href="#[54]">&gt;&gt;</a>&nbsp;&nbsp;&nbsp;Power_Process
</UL>

<P><STRONG><a name="[4b]"></a>GLCD_Ctrl</STRONG> (Thumb, 66 bytes, Stack size 8 bytes, lpc177x_8x_lcd.o(.text))
<BR><BR>[Stack]<UL><LI>Max Depth = 8<LI>Call Chain = GLCD_Ctrl
</UL>
<BR>[Called By]<UL><LI><a href="#[33]">&gt;&gt;</a>&nbsp;&nbsp;&nbsp;main
</UL>

<P><STRONG><a name="[5b]"></a>GLCD_SetPallet</STRONG> (Thumb, 16 bytes, Stack size 0 bytes, lpc177x_8x_lcd.o(.text))
<BR><BR>[Called By]<UL><LI><a href="#[4c]">&gt;&gt;</a>&nbsp;&nbsp;&nbsp;GLCD_Init
</UL>

<P><STRONG><a name="[4c]"></a>GLCD_Init</STRONG> (Thumb, 418 bytes, Stack size 16 bytes, lpc177x_8x_lcd.o(.text))
<BR><BR>[Stack]<UL><LI>Max Depth = 16<LI>Call Chain = GLCD_Init
</UL>
<BR>[Calls]<UL><LI><a href="#[5b]">&gt;&gt;</a>&nbsp;&nbsp;&nbsp;GLCD_SetPallet
</UL>
<BR>[Called By]<UL><LI><a href="#[33]">&gt;&gt;</a>&nbsp;&nbsp;&nbsp;main
</UL>

<P><STRONG><a name="[50]"></a>lcd_Clear</STRONG> (Thumb, 18 bytes, Stack size 0 bytes, lpc177x_8x_lcd.o(.text))
<BR><BR>[Called By]<UL><LI><a href="#[cd]">&gt;&gt;</a>&nbsp;&nbsp;&nbsp;Disp_Serve_correctionR
<LI><a href="#[cc]">&gt;&gt;</a>&nbsp;&nbsp;&nbsp;Disp_Start_Corr
<LI><a href="#[cb]">&gt;&gt;</a>&nbsp;&nbsp;&nbsp;Disp_Serve_correction
<LI><a href="#[88]">&gt;&gt;</a>&nbsp;&nbsp;&nbsp;TouchPanel_Calibrate
<LI><a href="#[56]">&gt;&gt;</a>&nbsp;&nbsp;&nbsp;Use_SysSetProcess
<LI><a href="#[54]">&gt;&gt;</a>&nbsp;&nbsp;&nbsp;Power_Process
<LI><a href="#[57]">&gt;&gt;</a>&nbsp;&nbsp;&nbsp;Fac_DebugProcess
<LI><a href="#[33]">&gt;&gt;</a>&nbsp;&nbsp;&nbsp;main
</UL>

<P><STRONG><a name="[8b]"></a>LCD_DrawRect</STRONG> (Thumb, 62 bytes, Stack size 20 bytes, lpc177x_8x_lcd.o(.text))
<BR><BR>[Stack]<UL><LI>Max Depth = 20<LI>Call Chain = LCD_DrawRect
</UL>
<BR>[Called By]<UL><LI><a href="#[f1]">&gt;&gt;</a>&nbsp;&nbsp;&nbsp;Disp_Button_Fun_Set
<LI><a href="#[cf]">&gt;&gt;</a>&nbsp;&nbsp;&nbsp;Disp_Correction_SetR
<LI><a href="#[ce]">&gt;&gt;</a>&nbsp;&nbsp;&nbsp;Disp_Correction_Set
<LI><a href="#[ca]">&gt;&gt;</a>&nbsp;&nbsp;&nbsp;Disp_serve_Screen
<LI><a href="#[c7]">&gt;&gt;</a>&nbsp;&nbsp;&nbsp;Disp_Sys_Screen
<LI><a href="#[c3]">&gt;&gt;</a>&nbsp;&nbsp;&nbsp;Disp_ListScan_MidRect
<LI><a href="#[c0]">&gt;&gt;</a>&nbsp;&nbsp;&nbsp;Disp_LimitList_MidRect
<LI><a href="#[be]">&gt;&gt;</a>&nbsp;&nbsp;&nbsp;Disp_Fac_Debug_C
<LI><a href="#[bd]">&gt;&gt;</a>&nbsp;&nbsp;&nbsp;Disp_Fac_Debug_R
<LI><a href="#[bc]">&gt;&gt;</a>&nbsp;&nbsp;&nbsp;Disp_FacCal
<LI><a href="#[ba]">&gt;&gt;</a>&nbsp;&nbsp;&nbsp;Disp_Usercheck_Screen
<LI><a href="#[b8]">&gt;&gt;</a>&nbsp;&nbsp;&nbsp;Disp_Sys_value
<LI><a href="#[b7]">&gt;&gt;</a>&nbsp;&nbsp;&nbsp;Disp_Debug_value
<LI><a href="#[b6]">&gt;&gt;</a>&nbsp;&nbsp;&nbsp;Disp_LimitSEt_value
<LI><a href="#[b4]">&gt;&gt;</a>&nbsp;&nbsp;&nbsp;DispSet_value
<LI><a href="#[b3]">&gt;&gt;</a>&nbsp;&nbsp;&nbsp;Disp_Test_value
<LI><a href="#[b2]">&gt;&gt;</a>&nbsp;&nbsp;&nbsp;Disp_LIMIT_ComDispValue
<LI><a href="#[b1]">&gt;&gt;</a>&nbsp;&nbsp;&nbsp;Disp_Scan_SetCompvalue
<LI><a href="#[af]">&gt;&gt;</a>&nbsp;&nbsp;&nbsp;Disp_Range_ComDispValue
<LI><a href="#[ae]">&gt;&gt;</a>&nbsp;&nbsp;&nbsp;Disp_RangeDispValue
<LI><a href="#[ac]">&gt;&gt;</a>&nbsp;&nbsp;&nbsp;Disp_TestSetScreen
<LI><a href="#[ab]">&gt;&gt;</a>&nbsp;&nbsp;&nbsp;Disp_TestSet_MidRect
<LI><a href="#[a8]">&gt;&gt;</a>&nbsp;&nbsp;&nbsp;Disp_List_Count_MidRect
<LI><a href="#[a4]">&gt;&gt;</a>&nbsp;&nbsp;&nbsp;Disp_Range_CountScreen
<LI><a href="#[a3]">&gt;&gt;</a>&nbsp;&nbsp;&nbsp;Disp_Rang_Count_MidRect
<LI><a href="#[a0]">&gt;&gt;</a>&nbsp;&nbsp;&nbsp;Disp_RangeScreen
<LI><a href="#[9f]">&gt;&gt;</a>&nbsp;&nbsp;&nbsp;Disp_Range_MidRect
<LI><a href="#[9d]">&gt;&gt;</a>&nbsp;&nbsp;&nbsp;Disp_TestScreen
<LI><a href="#[9c]">&gt;&gt;</a>&nbsp;&nbsp;&nbsp;Disp_MidRect
<LI><a href="#[9b]">&gt;&gt;</a>&nbsp;&nbsp;&nbsp;Disp_TopBar_Color
<LI><a href="#[8c]">&gt;&gt;</a>&nbsp;&nbsp;&nbsp;Disp_Fastbutton
<LI><a href="#[8a]">&gt;&gt;</a>&nbsp;&nbsp;&nbsp;DrawLogo
<LI><a href="#[161]">&gt;&gt;</a>&nbsp;&nbsp;&nbsp;input_num
<LI><a href="#[158]">&gt;&gt;</a>&nbsp;&nbsp;&nbsp;Input_compvalue
<LI><a href="#[137]">&gt;&gt;</a>&nbsp;&nbsp;&nbsp;Disp_NumKeyboard_Set
<LI><a href="#[135]">&gt;&gt;</a>&nbsp;&nbsp;&nbsp;Disp_NumKeyboard_time
<LI><a href="#[12b]">&gt;&gt;</a>&nbsp;&nbsp;&nbsp;input_password
</UL>

<P><STRONG><a name="[5d]"></a>LCD_SetPoint</STRONG> (Thumb, 38 bytes, Stack size 0 bytes, lpc177x_8x_lcd.o(.text))
<BR><BR>[Called By]<UL><LI><a href="#[89]">&gt;&gt;</a>&nbsp;&nbsp;&nbsp;TP_DrawPoint
<LI><a href="#[66]">&gt;&gt;</a>&nbsp;&nbsp;&nbsp;LCD_ShowFontCN
<LI><a href="#[65]">&gt;&gt;</a>&nbsp;&nbsp;&nbsp;LCD_ShowFontCN_16
<LI><a href="#[64]">&gt;&gt;</a>&nbsp;&nbsp;&nbsp;LCD_ShowFontCN_40_55
<LI><a href="#[63]">&gt;&gt;</a>&nbsp;&nbsp;&nbsp;lcd_display_coord
<LI><a href="#[60]">&gt;&gt;</a>&nbsp;&nbsp;&nbsp;PutChar_12
<LI><a href="#[5e]">&gt;&gt;</a>&nbsp;&nbsp;&nbsp;PutChar
<LI><a href="#[5c]">&gt;&gt;</a>&nbsp;&nbsp;&nbsp;LCD_DrawLine
</UL>

<P><STRONG><a name="[5c]"></a>LCD_DrawLine</STRONG> (Thumb, 220 bytes, Stack size 28 bytes, lpc177x_8x_lcd.o(.text))
<BR><BR>[Stack]<UL><LI>Max Depth = 28<LI>Call Chain = LCD_DrawLine
</UL>
<BR>[Calls]<UL><LI><a href="#[5d]">&gt;&gt;</a>&nbsp;&nbsp;&nbsp;LCD_SetPoint
</UL>
<BR>[Called By]<UL><LI><a href="#[c6]">&gt;&gt;</a>&nbsp;&nbsp;&nbsp;Disp_SysLine
<LI><a href="#[8c]">&gt;&gt;</a>&nbsp;&nbsp;&nbsp;Disp_Fastbutton
<LI><a href="#[8a]">&gt;&gt;</a>&nbsp;&nbsp;&nbsp;DrawLogo
<LI><a href="#[161]">&gt;&gt;</a>&nbsp;&nbsp;&nbsp;input_num
<LI><a href="#[12b]">&gt;&gt;</a>&nbsp;&nbsp;&nbsp;input_password
</UL>

<P><STRONG><a name="[5e]"></a>PutChar</STRONG> (Thumb, 82 bytes, Stack size 56 bytes, lpc177x_8x_lcd.o(.text))
<BR><BR>[Stack]<UL><LI>Max Depth = 64<LI>Call Chain = PutChar &rArr; GetASCIICode &rArr; __aeabi_memcpy
</UL>
<BR>[Calls]<UL><LI><a href="#[5f]">&gt;&gt;</a>&nbsp;&nbsp;&nbsp;GetASCIICode
<LI><a href="#[5d]">&gt;&gt;</a>&nbsp;&nbsp;&nbsp;LCD_SetPoint
</UL>
<BR>[Called By]<UL><LI><a href="#[6d]">&gt;&gt;</a>&nbsp;&nbsp;&nbsp;WriteString_16
<LI><a href="#[69]">&gt;&gt;</a>&nbsp;&nbsp;&nbsp;WriteString
<LI><a href="#[62]">&gt;&gt;</a>&nbsp;&nbsp;&nbsp;GUI_Text
<LI><a href="#[158]">&gt;&gt;</a>&nbsp;&nbsp;&nbsp;Input_compvalue
</UL>

<P><STRONG><a name="[60]"></a>PutChar_12</STRONG> (Thumb, 128 bytes, Stack size 48 bytes, lpc177x_8x_lcd.o(.text), UNUSED)
<BR><BR>[Calls]<UL><LI><a href="#[61]">&gt;&gt;</a>&nbsp;&nbsp;&nbsp;GetASCIICode_12
<LI><a href="#[5d]">&gt;&gt;</a>&nbsp;&nbsp;&nbsp;LCD_SetPoint
</UL>
<BR>[Called By]<UL><LI><a href="#[6f]">&gt;&gt;</a>&nbsp;&nbsp;&nbsp;WriteString_12
</UL>

<P><STRONG><a name="[62]"></a>GUI_Text</STRONG> (Thumb, 70 bytes, Stack size 32 bytes, lpc177x_8x_lcd.o(.text), UNUSED)
<BR><BR>[Calls]<UL><LI><a href="#[5e]">&gt;&gt;</a>&nbsp;&nbsp;&nbsp;PutChar
</UL>
<BR>[Called By]<UL><LI><a href="#[88]">&gt;&gt;</a>&nbsp;&nbsp;&nbsp;TouchPanel_Calibrate
</UL>

<P><STRONG><a name="[63]"></a>lcd_display_coord</STRONG> (Thumb, 264 bytes, Stack size 56 bytes, lpc177x_8x_lcd.o(.text), UNUSED)
<BR><BR>[Calls]<UL><LI><a href="#[5d]">&gt;&gt;</a>&nbsp;&nbsp;&nbsp;LCD_SetPoint
</UL>
<BR>[Called By]<UL><LI><a href="#[88]">&gt;&gt;</a>&nbsp;&nbsp;&nbsp;TouchPanel_Calibrate
</UL>

<P><STRONG><a name="[6a]"></a>findHzIndex</STRONG> (Thumb, 42 bytes, Stack size 12 bytes, lpc177x_8x_lcd.o(.text), UNUSED)
<BR><BR>[Called By]<UL><LI><a href="#[69]">&gt;&gt;</a>&nbsp;&nbsp;&nbsp;WriteString
</UL>

<P><STRONG><a name="[6e]"></a>findHzIndex_16</STRONG> (Thumb, 46 bytes, Stack size 12 bytes, lpc177x_8x_lcd.o(.text))
<BR><BR>[Stack]<UL><LI>Max Depth = 12<LI>Call Chain = findHzIndex_16
</UL>
<BR>[Called By]<UL><LI><a href="#[6f]">&gt;&gt;</a>&nbsp;&nbsp;&nbsp;WriteString_12
<LI><a href="#[6d]">&gt;&gt;</a>&nbsp;&nbsp;&nbsp;WriteString_16
</UL>

<P><STRONG><a name="[64]"></a>LCD_ShowFontCN_40_55</STRONG> (Thumb, 106 bytes, Stack size 36 bytes, lpc177x_8x_lcd.o(.text))
<BR><BR>[Stack]<UL><LI>Max Depth = 36<LI>Call Chain = LCD_ShowFontCN_40_55
</UL>
<BR>[Calls]<UL><LI><a href="#[5d]">&gt;&gt;</a>&nbsp;&nbsp;&nbsp;LCD_SetPoint
</UL>
<BR>[Called By]<UL><LI><a href="#[124]">&gt;&gt;</a>&nbsp;&nbsp;&nbsp;Disp_Usbflag
<LI><a href="#[fb]">&gt;&gt;</a>&nbsp;&nbsp;&nbsp;Disp_Big_SecondUnit
<LI><a href="#[fa]">&gt;&gt;</a>&nbsp;&nbsp;&nbsp;Disp_Big_MainUnit
<LI><a href="#[f6]">&gt;&gt;</a>&nbsp;&nbsp;&nbsp;Disp_Testvalue
<LI><a href="#[f0]">&gt;&gt;</a>&nbsp;&nbsp;&nbsp;Disp_G_B
<LI><a href="#[ef]">&gt;&gt;</a>&nbsp;&nbsp;&nbsp;Disp_Rp_Q
<LI><a href="#[ee]">&gt;&gt;</a>&nbsp;&nbsp;&nbsp;Disp_Rs_Q
<LI><a href="#[ed]">&gt;&gt;</a>&nbsp;&nbsp;&nbsp;Disp_R_X
<LI><a href="#[ec]">&gt;&gt;</a>&nbsp;&nbsp;&nbsp;Disp_Y_r
<LI><a href="#[eb]">&gt;&gt;</a>&nbsp;&nbsp;&nbsp;Disp_Y_d
<LI><a href="#[ea]">&gt;&gt;</a>&nbsp;&nbsp;&nbsp;Disp_Z_r
<LI><a href="#[e9]">&gt;&gt;</a>&nbsp;&nbsp;&nbsp;Disp_Z_d
<LI><a href="#[e8]">&gt;&gt;</a>&nbsp;&nbsp;&nbsp;Disp_Ls_Rd
<LI><a href="#[e7]">&gt;&gt;</a>&nbsp;&nbsp;&nbsp;Disp_Ls_Rs
<LI><a href="#[e6]">&gt;&gt;</a>&nbsp;&nbsp;&nbsp;Disp_Ls_Q
<LI><a href="#[e5]">&gt;&gt;</a>&nbsp;&nbsp;&nbsp;Disp_Ls_D
<LI><a href="#[e4]">&gt;&gt;</a>&nbsp;&nbsp;&nbsp;Disp_Lp_G
<LI><a href="#[e3]">&gt;&gt;</a>&nbsp;&nbsp;&nbsp;Disp_Lp_D
<LI><a href="#[e2]">&gt;&gt;</a>&nbsp;&nbsp;&nbsp;Disp_Lp_Rd
<LI><a href="#[e1]">&gt;&gt;</a>&nbsp;&nbsp;&nbsp;Disp_Lp_Rp
<LI><a href="#[e0]">&gt;&gt;</a>&nbsp;&nbsp;&nbsp;Disp_Lp_Q
<LI><a href="#[df]">&gt;&gt;</a>&nbsp;&nbsp;&nbsp;Disp_Cs_Q
<LI><a href="#[de]">&gt;&gt;</a>&nbsp;&nbsp;&nbsp;Disp_Cs_D
<LI><a href="#[dd]">&gt;&gt;</a>&nbsp;&nbsp;&nbsp;Disp_Cs_Rs
<LI><a href="#[dc]">&gt;&gt;</a>&nbsp;&nbsp;&nbsp;Disp_Cp_Rp
<LI><a href="#[db]">&gt;&gt;</a>&nbsp;&nbsp;&nbsp;Disp_Cp_G
<LI><a href="#[da]">&gt;&gt;</a>&nbsp;&nbsp;&nbsp;Disp_Cp_Q
<LI><a href="#[d9]">&gt;&gt;</a>&nbsp;&nbsp;&nbsp;Disp_Cp_D
<LI><a href="#[a1]">&gt;&gt;</a>&nbsp;&nbsp;&nbsp;Disp_RangeDispvalue
<LI><a href="#[6c]">&gt;&gt;</a>&nbsp;&nbsp;&nbsp;WriteString_Big2
<LI><a href="#[6b]">&gt;&gt;</a>&nbsp;&nbsp;&nbsp;WriteString_Big
</UL>

<P><STRONG><a name="[65]"></a>LCD_ShowFontCN_16</STRONG> (Thumb, 192 bytes, Stack size 32 bytes, lpc177x_8x_lcd.o(.text))
<BR><BR>[Stack]<UL><LI>Max Depth = 32<LI>Call Chain = LCD_ShowFontCN_16
</UL>
<BR>[Calls]<UL><LI><a href="#[5d]">&gt;&gt;</a>&nbsp;&nbsp;&nbsp;LCD_SetPoint
</UL>
<BR>[Called By]<UL><LI><a href="#[68]">&gt;&gt;</a>&nbsp;&nbsp;&nbsp;WriteOneHzChar_16
</UL>

<P><STRONG><a name="[66]"></a>LCD_ShowFontCN</STRONG> (Thumb, 190 bytes, Stack size 32 bytes, lpc177x_8x_lcd.o(.text), UNUSED)
<BR><BR>[Calls]<UL><LI><a href="#[5d]">&gt;&gt;</a>&nbsp;&nbsp;&nbsp;LCD_SetPoint
</UL>
<BR>[Called By]<UL><LI><a href="#[67]">&gt;&gt;</a>&nbsp;&nbsp;&nbsp;WriteOneHzChar
</UL>

<P><STRONG><a name="[67]"></a>WriteOneHzChar</STRONG> (Thumb, 20 bytes, Stack size 12 bytes, lpc177x_8x_lcd.o(.text), UNUSED)
<BR><BR>[Calls]<UL><LI><a href="#[66]">&gt;&gt;</a>&nbsp;&nbsp;&nbsp;LCD_ShowFontCN
</UL>
<BR>[Called By]<UL><LI><a href="#[69]">&gt;&gt;</a>&nbsp;&nbsp;&nbsp;WriteString
</UL>

<P><STRONG><a name="[68]"></a>WriteOneHzChar_16</STRONG> (Thumb, 20 bytes, Stack size 12 bytes, lpc177x_8x_lcd.o(.text))
<BR><BR>[Stack]<UL><LI>Max Depth = 44<LI>Call Chain = WriteOneHzChar_16 &rArr; LCD_ShowFontCN_16
</UL>
<BR>[Calls]<UL><LI><a href="#[65]">&gt;&gt;</a>&nbsp;&nbsp;&nbsp;LCD_ShowFontCN_16
</UL>
<BR>[Called By]<UL><LI><a href="#[6f]">&gt;&gt;</a>&nbsp;&nbsp;&nbsp;WriteString_12
<LI><a href="#[6d]">&gt;&gt;</a>&nbsp;&nbsp;&nbsp;WriteString_16
</UL>

<P><STRONG><a name="[69]"></a>WriteString</STRONG> (Thumb, 150 bytes, Stack size 40 bytes, lpc177x_8x_lcd.o(.text), UNUSED)
<BR><BR>[Calls]<UL><LI><a href="#[67]">&gt;&gt;</a>&nbsp;&nbsp;&nbsp;WriteOneHzChar
<LI><a href="#[6a]">&gt;&gt;</a>&nbsp;&nbsp;&nbsp;findHzIndex
<LI><a href="#[5e]">&gt;&gt;</a>&nbsp;&nbsp;&nbsp;PutChar
</UL>

<P><STRONG><a name="[6b]"></a>WriteString_Big</STRONG> (Thumb, 82 bytes, Stack size 28 bytes, lpc177x_8x_lcd.o(.text), UNUSED)
<BR><BR>[Calls]<UL><LI><a href="#[64]">&gt;&gt;</a>&nbsp;&nbsp;&nbsp;LCD_ShowFontCN_40_55
</UL>

<P><STRONG><a name="[6c]"></a>WriteString_Big2</STRONG> (Thumb, 72 bytes, Stack size 28 bytes, lpc177x_8x_lcd.o(.text))
<BR><BR>[Stack]<UL><LI>Max Depth = 64<LI>Call Chain = WriteString_Big2 &rArr; LCD_ShowFontCN_40_55
</UL>
<BR>[Calls]<UL><LI><a href="#[64]">&gt;&gt;</a>&nbsp;&nbsp;&nbsp;LCD_ShowFontCN_40_55
</UL>
<BR>[Called By]<UL><LI><a href="#[f6]">&gt;&gt;</a>&nbsp;&nbsp;&nbsp;Disp_Testvalue
</UL>

<P><STRONG><a name="[6d]"></a>WriteString_16</STRONG> (Thumb, 168 bytes, Stack size 32 bytes, lpc177x_8x_lcd.o(.text))
<BR><BR>[Stack]<UL><LI>Max Depth = 96<LI>Call Chain = WriteString_16 &rArr; PutChar &rArr; GetASCIICode &rArr; __aeabi_memcpy
</UL>
<BR>[Calls]<UL><LI><a href="#[68]">&gt;&gt;</a>&nbsp;&nbsp;&nbsp;WriteOneHzChar_16
<LI><a href="#[6e]">&gt;&gt;</a>&nbsp;&nbsp;&nbsp;findHzIndex_16
<LI><a href="#[5e]">&gt;&gt;</a>&nbsp;&nbsp;&nbsp;PutChar
</UL>
<BR>[Called By]<UL><LI><a href="#[125]">&gt;&gt;</a>&nbsp;&nbsp;&nbsp;Disp_switch
<LI><a href="#[11e]">&gt;&gt;</a>&nbsp;&nbsp;&nbsp;Disp_Test_Unit_mA
<LI><a href="#[11d]">&gt;&gt;</a>&nbsp;&nbsp;&nbsp;Disp_Test_Unit_v
<LI><a href="#[11b]">&gt;&gt;</a>&nbsp;&nbsp;&nbsp;Disp_Range_Num
<LI><a href="#[11a]">&gt;&gt;</a>&nbsp;&nbsp;&nbsp;Disp_RangeTestvalue
<LI><a href="#[119]">&gt;&gt;</a>&nbsp;&nbsp;&nbsp;Disp_Range_DispSecondUnit
<LI><a href="#[118]">&gt;&gt;</a>&nbsp;&nbsp;&nbsp;Disp_Range_DispMainUnit
<LI><a href="#[f1]">&gt;&gt;</a>&nbsp;&nbsp;&nbsp;Disp_Button_Fun_Set
<LI><a href="#[cf]">&gt;&gt;</a>&nbsp;&nbsp;&nbsp;Disp_Correction_SetR
<LI><a href="#[ce]">&gt;&gt;</a>&nbsp;&nbsp;&nbsp;Disp_Correction_Set
<LI><a href="#[cd]">&gt;&gt;</a>&nbsp;&nbsp;&nbsp;Disp_Serve_correctionR
<LI><a href="#[cc]">&gt;&gt;</a>&nbsp;&nbsp;&nbsp;Disp_Start_Corr
<LI><a href="#[cb]">&gt;&gt;</a>&nbsp;&nbsp;&nbsp;Disp_Serve_correction
<LI><a href="#[c8]">&gt;&gt;</a>&nbsp;&nbsp;&nbsp;Disp_Sys_Item
<LI><a href="#[c5]">&gt;&gt;</a>&nbsp;&nbsp;&nbsp;Disp_ListScan_Item
<LI><a href="#[c2]">&gt;&gt;</a>&nbsp;&nbsp;&nbsp;Disp_LimitList_Item
<LI><a href="#[bf]">&gt;&gt;</a>&nbsp;&nbsp;&nbsp;Disp_UserCheck_Item
<LI><a href="#[be]">&gt;&gt;</a>&nbsp;&nbsp;&nbsp;Disp_Fac_Debug_C
<LI><a href="#[bd]">&gt;&gt;</a>&nbsp;&nbsp;&nbsp;Disp_Fac_Debug_R
<LI><a href="#[bc]">&gt;&gt;</a>&nbsp;&nbsp;&nbsp;Disp_FacCal
<LI><a href="#[bb]">&gt;&gt;</a>&nbsp;&nbsp;&nbsp;Disp_FacrCheck_Item
<LI><a href="#[b8]">&gt;&gt;</a>&nbsp;&nbsp;&nbsp;Disp_Sys_value
<LI><a href="#[b7]">&gt;&gt;</a>&nbsp;&nbsp;&nbsp;Disp_Debug_value
<LI><a href="#[b6]">&gt;&gt;</a>&nbsp;&nbsp;&nbsp;Disp_LimitSEt_value
<LI><a href="#[b4]">&gt;&gt;</a>&nbsp;&nbsp;&nbsp;DispSet_value
<LI><a href="#[b3]">&gt;&gt;</a>&nbsp;&nbsp;&nbsp;Disp_Test_value
<LI><a href="#[b2]">&gt;&gt;</a>&nbsp;&nbsp;&nbsp;Disp_LIMIT_ComDispValue
<LI><a href="#[b1]">&gt;&gt;</a>&nbsp;&nbsp;&nbsp;Disp_Scan_SetCompvalue
<LI><a href="#[af]">&gt;&gt;</a>&nbsp;&nbsp;&nbsp;Disp_Range_ComDispValue
<LI><a href="#[ae]">&gt;&gt;</a>&nbsp;&nbsp;&nbsp;Disp_RangeDispValue
<LI><a href="#[ad]">&gt;&gt;</a>&nbsp;&nbsp;&nbsp;Disp_Test_Set_Item
<LI><a href="#[aa]">&gt;&gt;</a>&nbsp;&nbsp;&nbsp;Disp_List_Count_Item
<LI><a href="#[a6]">&gt;&gt;</a>&nbsp;&nbsp;&nbsp;Disp_Range_Count_Item
<LI><a href="#[a5]">&gt;&gt;</a>&nbsp;&nbsp;&nbsp;Disp_Set_Unit_16
<LI><a href="#[a2]">&gt;&gt;</a>&nbsp;&nbsp;&nbsp;Disp_Range_Item
<LI><a href="#[a1]">&gt;&gt;</a>&nbsp;&nbsp;&nbsp;Disp_RangeDispvalue
<LI><a href="#[9e]">&gt;&gt;</a>&nbsp;&nbsp;&nbsp;Disp_Test_Item
<LI><a href="#[9a]">&gt;&gt;</a>&nbsp;&nbsp;&nbsp;Disp_Button_Correction
<LI><a href="#[99]">&gt;&gt;</a>&nbsp;&nbsp;&nbsp;Disp_Button_SysSet
<LI><a href="#[98]">&gt;&gt;</a>&nbsp;&nbsp;&nbsp;Disp_Button_TestSet
<LI><a href="#[97]">&gt;&gt;</a>&nbsp;&nbsp;&nbsp;Disp_Button_ItemScanSet
<LI><a href="#[96]">&gt;&gt;</a>&nbsp;&nbsp;&nbsp;Disp_Button_ItemScan_no
<LI><a href="#[95]">&gt;&gt;</a>&nbsp;&nbsp;&nbsp;Disp_Button_value1
<LI><a href="#[94]">&gt;&gt;</a>&nbsp;&nbsp;&nbsp;Disp_Button_Test
<LI><a href="#[93]">&gt;&gt;</a>&nbsp;&nbsp;&nbsp;Disp_button_Num_Avg
<LI><a href="#[92]">&gt;&gt;</a>&nbsp;&nbsp;&nbsp;Disp_button_Num_Freq
<LI><a href="#[91]">&gt;&gt;</a>&nbsp;&nbsp;&nbsp;Disp_button_Num_Input
<LI><a href="#[90]">&gt;&gt;</a>&nbsp;&nbsp;&nbsp;Disp_button_Num_ms
<LI><a href="#[8f]">&gt;&gt;</a>&nbsp;&nbsp;&nbsp;Disp_button_Num_A
<LI><a href="#[8e]">&gt;&gt;</a>&nbsp;&nbsp;&nbsp;Disp_button_Num_V
<LI><a href="#[8d]">&gt;&gt;</a>&nbsp;&nbsp;&nbsp;Disp_button_Num_time
<LI><a href="#[c9]">&gt;&gt;</a>&nbsp;&nbsp;&nbsp;Disp_SysDot
<LI><a href="#[52]">&gt;&gt;</a>&nbsp;&nbsp;&nbsp;Test_Process
<LI><a href="#[161]">&gt;&gt;</a>&nbsp;&nbsp;&nbsp;input_num
<LI><a href="#[137]">&gt;&gt;</a>&nbsp;&nbsp;&nbsp;Disp_NumKeyboard_Set
<LI><a href="#[135]">&gt;&gt;</a>&nbsp;&nbsp;&nbsp;Disp_NumKeyboard_time
<LI><a href="#[12b]">&gt;&gt;</a>&nbsp;&nbsp;&nbsp;input_password
</UL>

<P><STRONG><a name="[6f]"></a>WriteString_12</STRONG> (Thumb, 148 bytes, Stack size 32 bytes, lpc177x_8x_lcd.o(.text), UNUSED)
<BR><BR>[Calls]<UL><LI><a href="#[68]">&gt;&gt;</a>&nbsp;&nbsp;&nbsp;WriteOneHzChar_16
<LI><a href="#[6e]">&gt;&gt;</a>&nbsp;&nbsp;&nbsp;findHzIndex_16
<LI><a href="#[60]">&gt;&gt;</a>&nbsp;&nbsp;&nbsp;PutChar_12
</UL>
<BR>[Called By]<UL><LI><a href="#[11c]">&gt;&gt;</a>&nbsp;&nbsp;&nbsp;Disp_RangeCount
<LI><a href="#[c2]">&gt;&gt;</a>&nbsp;&nbsp;&nbsp;Disp_LimitList_Item
<LI><a href="#[b6]">&gt;&gt;</a>&nbsp;&nbsp;&nbsp;Disp_LimitSEt_value
<LI><a href="#[b5]">&gt;&gt;</a>&nbsp;&nbsp;&nbsp;Disp_Set_Unit_12
<LI><a href="#[b1]">&gt;&gt;</a>&nbsp;&nbsp;&nbsp;Disp_Scan_SetCompvalue
<LI><a href="#[b0]">&gt;&gt;</a>&nbsp;&nbsp;&nbsp;Disp_Scan_Compvalue
<LI><a href="#[a6]">&gt;&gt;</a>&nbsp;&nbsp;&nbsp;Disp_Range_Count_Item
</UL>

<P><STRONG><a name="[a7]"></a>Hex_Format</STRONG> (Thumb, 170 bytes, Stack size 20 bytes, lpc177x_8x_lcd.o(.text))
<BR><BR>[Stack]<UL><LI>Max Depth = 20<LI>Call Chain = Hex_Format
</UL>
<BR>[Called By]<UL><LI><a href="#[11c]">&gt;&gt;</a>&nbsp;&nbsp;&nbsp;Disp_RangeCount
<LI><a href="#[f6]">&gt;&gt;</a>&nbsp;&nbsp;&nbsp;Disp_Testvalue
<LI><a href="#[bc]">&gt;&gt;</a>&nbsp;&nbsp;&nbsp;Disp_FacCal
<LI><a href="#[b8]">&gt;&gt;</a>&nbsp;&nbsp;&nbsp;Disp_Sys_value
<LI><a href="#[b6]">&gt;&gt;</a>&nbsp;&nbsp;&nbsp;Disp_LimitSEt_value
<LI><a href="#[b4]">&gt;&gt;</a>&nbsp;&nbsp;&nbsp;DispSet_value
<LI><a href="#[b3]">&gt;&gt;</a>&nbsp;&nbsp;&nbsp;Disp_Test_value
<LI><a href="#[b1]">&gt;&gt;</a>&nbsp;&nbsp;&nbsp;Disp_Scan_SetCompvalue
<LI><a href="#[b0]">&gt;&gt;</a>&nbsp;&nbsp;&nbsp;Disp_Scan_Compvalue
<LI><a href="#[a6]">&gt;&gt;</a>&nbsp;&nbsp;&nbsp;Disp_Range_Count_Item
</UL>

<P><STRONG><a name="[4e]"></a>delay_ms</STRONG> (Thumb, 28 bytes, Stack size 0 bytes, touchpanel.o(.text))
<BR><BR>[Called By]<UL><LI><a href="#[88]">&gt;&gt;</a>&nbsp;&nbsp;&nbsp;TouchPanel_Calibrate
<LI><a href="#[33]">&gt;&gt;</a>&nbsp;&nbsp;&nbsp;main
</UL>

<P><STRONG><a name="[227]"></a>delay_us</STRONG> (Thumb, 22 bytes, Stack size 0 bytes, touchpanel.o(.text), UNUSED)

<P><STRONG><a name="[70]"></a>SPI_WriteByte</STRONG> (Thumb, 40 bytes, Stack size 16 bytes, touchpanel.o(.text), UNUSED)
<BR><BR>[Calls]<UL><LI><a href="#[71]">&gt;&gt;</a>&nbsp;&nbsp;&nbsp;SSP_ReadWrite
</UL>
<BR>[Called By]<UL><LI><a href="#[7a]">&gt;&gt;</a>&nbsp;&nbsp;&nbsp;TP_GetAdXY
</UL>

<P><STRONG><a name="[72]"></a>SSPI1_Init</STRONG> (Thumb, 78 bytes, Stack size 32 bytes, touchpanel.o(.text), UNUSED)
<BR><BR>[Calls]<UL><LI><a href="#[75]">&gt;&gt;</a>&nbsp;&nbsp;&nbsp;SSP_Init
<LI><a href="#[74]">&gt;&gt;</a>&nbsp;&nbsp;&nbsp;SSP_ConfigStructInit
<LI><a href="#[76]">&gt;&gt;</a>&nbsp;&nbsp;&nbsp;SSP_Cmd
<LI><a href="#[73]">&gt;&gt;</a>&nbsp;&nbsp;&nbsp;PINSEL_ConfigPin
</UL>
<BR>[Called By]<UL><LI><a href="#[77]">&gt;&gt;</a>&nbsp;&nbsp;&nbsp;touch_init
</UL>

<P><STRONG><a name="[77]"></a>touch_init</STRONG> (Thumb, 50 bytes, Stack size 8 bytes, touchpanel.o(.text), UNUSED)
<BR><BR>[Calls]<UL><LI><a href="#[73]">&gt;&gt;</a>&nbsp;&nbsp;&nbsp;PINSEL_ConfigPin
<LI><a href="#[79]">&gt;&gt;</a>&nbsp;&nbsp;&nbsp;GPIO_SetValue
<LI><a href="#[78]">&gt;&gt;</a>&nbsp;&nbsp;&nbsp;GPIO_SetDir
<LI><a href="#[72]">&gt;&gt;</a>&nbsp;&nbsp;&nbsp;SSPI1_Init
</UL>

<P><STRONG><a name="[7a]"></a>TP_GetAdXY</STRONG> (Thumb, 120 bytes, Stack size 24 bytes, touchpanel.o(.text), UNUSED)
<BR><BR>[Calls]<UL><LI><a href="#[79]">&gt;&gt;</a>&nbsp;&nbsp;&nbsp;GPIO_SetValue
<LI><a href="#[78]">&gt;&gt;</a>&nbsp;&nbsp;&nbsp;GPIO_SetDir
<LI><a href="#[7b]">&gt;&gt;</a>&nbsp;&nbsp;&nbsp;GPIO_ClearValue
<LI><a href="#[70]">&gt;&gt;</a>&nbsp;&nbsp;&nbsp;SPI_WriteByte
</UL>
<BR>[Called By]<UL><LI><a href="#[7c]">&gt;&gt;</a>&nbsp;&nbsp;&nbsp;Read_XTP2046
</UL>

<P><STRONG><a name="[7c]"></a>Read_XTP2046</STRONG> (Thumb, 294 bytes, Stack size 104 bytes, touchpanel.o(.text), UNUSED)
<BR><BR>[Calls]<UL><LI><a href="#[7e]">&gt;&gt;</a>&nbsp;&nbsp;&nbsp;GPIO_ReadValue
<LI><a href="#[7a]">&gt;&gt;</a>&nbsp;&nbsp;&nbsp;TP_GetAdXY
<LI><a href="#[7d]">&gt;&gt;</a>&nbsp;&nbsp;&nbsp;__aeabi_memclr4
</UL>
<BR>[Called By]<UL><LI><a href="#[88]">&gt;&gt;</a>&nbsp;&nbsp;&nbsp;TouchPanel_Calibrate
</UL>

<P><STRONG><a name="[7f]"></a>setCalibrationMatrix</STRONG> (Thumb, 326 bytes, Stack size 32 bytes, touchpanel.o(.text), UNUSED)
<BR><BR>[Calls]<UL><LI><a href="#[80]">&gt;&gt;</a>&nbsp;&nbsp;&nbsp;__aeabi_i2d
<LI><a href="#[81]">&gt;&gt;</a>&nbsp;&nbsp;&nbsp;__aeabi_cdcmpeq
</UL>
<BR>[Called By]<UL><LI><a href="#[88]">&gt;&gt;</a>&nbsp;&nbsp;&nbsp;TouchPanel_Calibrate
</UL>

<P><STRONG><a name="[82]"></a>getDisplayPoint</STRONG> (Thumb, 180 bytes, Stack size 32 bytes, touchpanel.o(.text), UNUSED)
<BR><BR>[Calls]<UL><LI><a href="#[83]">&gt;&gt;</a>&nbsp;&nbsp;&nbsp;__aeabi_ui2d
<LI><a href="#[84]">&gt;&gt;</a>&nbsp;&nbsp;&nbsp;__aeabi_dmul
<LI><a href="#[86]">&gt;&gt;</a>&nbsp;&nbsp;&nbsp;__aeabi_ddiv
<LI><a href="#[85]">&gt;&gt;</a>&nbsp;&nbsp;&nbsp;__aeabi_dadd
<LI><a href="#[87]">&gt;&gt;</a>&nbsp;&nbsp;&nbsp;__aeabi_d2uiz
<LI><a href="#[81]">&gt;&gt;</a>&nbsp;&nbsp;&nbsp;__aeabi_cdcmpeq
</UL>

<P><STRONG><a name="[88]"></a>TouchPanel_Calibrate</STRONG> (Thumb, 124 bytes, Stack size 40 bytes, touchpanel.o(.text), UNUSED)
<BR><BR>[Calls]<UL><LI><a href="#[7f]">&gt;&gt;</a>&nbsp;&nbsp;&nbsp;setCalibrationMatrix
<LI><a href="#[7c]">&gt;&gt;</a>&nbsp;&nbsp;&nbsp;Read_XTP2046
<LI><a href="#[63]">&gt;&gt;</a>&nbsp;&nbsp;&nbsp;lcd_display_coord
<LI><a href="#[62]">&gt;&gt;</a>&nbsp;&nbsp;&nbsp;GUI_Text
<LI><a href="#[50]">&gt;&gt;</a>&nbsp;&nbsp;&nbsp;lcd_Clear
<LI><a href="#[4e]">&gt;&gt;</a>&nbsp;&nbsp;&nbsp;delay_ms
</UL>

<P><STRONG><a name="[89]"></a>TP_DrawPoint</STRONG> (Thumb, 50 bytes, Stack size 16 bytes, touchpanel.o(.text), UNUSED)
<BR><BR>[Calls]<UL><LI><a href="#[5d]">&gt;&gt;</a>&nbsp;&nbsp;&nbsp;LCD_SetPoint
</UL>

<P><STRONG><a name="[8a]"></a>DrawLogo</STRONG> (Thumb, 6016 bytes, Stack size 304 bytes, use_disp.o(.text))
<BR><BR>[Stack]<UL><LI>Max Depth = 332<LI>Call Chain = DrawLogo &rArr; LCD_DrawLine
</UL>
<BR>[Calls]<UL><LI><a href="#[5c]">&gt;&gt;</a>&nbsp;&nbsp;&nbsp;LCD_DrawLine
<LI><a href="#[8b]">&gt;&gt;</a>&nbsp;&nbsp;&nbsp;LCD_DrawRect
</UL>
<BR>[Called By]<UL><LI><a href="#[54]">&gt;&gt;</a>&nbsp;&nbsp;&nbsp;Power_Process
</UL>

<P><STRONG><a name="[8c]"></a>Disp_Fastbutton</STRONG> (Thumb, 166 bytes, Stack size 40 bytes, use_disp.o(.text))
<BR><BR>[Stack]<UL><LI>Max Depth = 68<LI>Call Chain = Disp_Fastbutton &rArr; LCD_DrawLine
</UL>
<BR>[Calls]<UL><LI><a href="#[5c]">&gt;&gt;</a>&nbsp;&nbsp;&nbsp;LCD_DrawLine
<LI><a href="#[8b]">&gt;&gt;</a>&nbsp;&nbsp;&nbsp;LCD_DrawRect
</UL>
<BR>[Called By]<UL><LI><a href="#[f1]">&gt;&gt;</a>&nbsp;&nbsp;&nbsp;Disp_Button_Fun_Set
<LI><a href="#[cf]">&gt;&gt;</a>&nbsp;&nbsp;&nbsp;Disp_Correction_SetR
<LI><a href="#[ce]">&gt;&gt;</a>&nbsp;&nbsp;&nbsp;Disp_Correction_Set
<LI><a href="#[ca]">&gt;&gt;</a>&nbsp;&nbsp;&nbsp;Disp_serve_Screen
<LI><a href="#[c7]">&gt;&gt;</a>&nbsp;&nbsp;&nbsp;Disp_Sys_Screen
<LI><a href="#[c4]">&gt;&gt;</a>&nbsp;&nbsp;&nbsp;Disp_ListScan_Screen
<LI><a href="#[c1]">&gt;&gt;</a>&nbsp;&nbsp;&nbsp;Disp_LimitList_Screen
<LI><a href="#[be]">&gt;&gt;</a>&nbsp;&nbsp;&nbsp;Disp_Fac_Debug_C
<LI><a href="#[bd]">&gt;&gt;</a>&nbsp;&nbsp;&nbsp;Disp_Fac_Debug_R
<LI><a href="#[bc]">&gt;&gt;</a>&nbsp;&nbsp;&nbsp;Disp_FacCal
<LI><a href="#[ba]">&gt;&gt;</a>&nbsp;&nbsp;&nbsp;Disp_Usercheck_Screen
<LI><a href="#[b8]">&gt;&gt;</a>&nbsp;&nbsp;&nbsp;Disp_Sys_value
<LI><a href="#[b7]">&gt;&gt;</a>&nbsp;&nbsp;&nbsp;Disp_Debug_value
<LI><a href="#[b6]">&gt;&gt;</a>&nbsp;&nbsp;&nbsp;Disp_LimitSEt_value
<LI><a href="#[b4]">&gt;&gt;</a>&nbsp;&nbsp;&nbsp;DispSet_value
<LI><a href="#[b3]">&gt;&gt;</a>&nbsp;&nbsp;&nbsp;Disp_Test_value
<LI><a href="#[b2]">&gt;&gt;</a>&nbsp;&nbsp;&nbsp;Disp_LIMIT_ComDispValue
<LI><a href="#[af]">&gt;&gt;</a>&nbsp;&nbsp;&nbsp;Disp_Range_ComDispValue
<LI><a href="#[ae]">&gt;&gt;</a>&nbsp;&nbsp;&nbsp;Disp_RangeDispValue
<LI><a href="#[ac]">&gt;&gt;</a>&nbsp;&nbsp;&nbsp;Disp_TestSetScreen
<LI><a href="#[a9]">&gt;&gt;</a>&nbsp;&nbsp;&nbsp;Disp_List_CountScreen
<LI><a href="#[a4]">&gt;&gt;</a>&nbsp;&nbsp;&nbsp;Disp_Range_CountScreen
<LI><a href="#[a0]">&gt;&gt;</a>&nbsp;&nbsp;&nbsp;Disp_RangeScreen
<LI><a href="#[9d]">&gt;&gt;</a>&nbsp;&nbsp;&nbsp;Disp_TestScreen
<LI><a href="#[98]">&gt;&gt;</a>&nbsp;&nbsp;&nbsp;Disp_Button_TestSet
<LI><a href="#[97]">&gt;&gt;</a>&nbsp;&nbsp;&nbsp;Disp_Button_ItemScanSet
<LI><a href="#[96]">&gt;&gt;</a>&nbsp;&nbsp;&nbsp;Disp_Button_ItemScan_no
<LI><a href="#[95]">&gt;&gt;</a>&nbsp;&nbsp;&nbsp;Disp_Button_value1
<LI><a href="#[94]">&gt;&gt;</a>&nbsp;&nbsp;&nbsp;Disp_Button_Test
<LI><a href="#[93]">&gt;&gt;</a>&nbsp;&nbsp;&nbsp;Disp_button_Num_Avg
<LI><a href="#[92]">&gt;&gt;</a>&nbsp;&nbsp;&nbsp;Disp_button_Num_Freq
<LI><a href="#[91]">&gt;&gt;</a>&nbsp;&nbsp;&nbsp;Disp_button_Num_Input
<LI><a href="#[90]">&gt;&gt;</a>&nbsp;&nbsp;&nbsp;Disp_button_Num_ms
<LI><a href="#[8f]">&gt;&gt;</a>&nbsp;&nbsp;&nbsp;Disp_button_Num_A
<LI><a href="#[8e]">&gt;&gt;</a>&nbsp;&nbsp;&nbsp;Disp_button_Num_V
<LI><a href="#[8d]">&gt;&gt;</a>&nbsp;&nbsp;&nbsp;Disp_button_Num_time
</UL>

<P><STRONG><a name="[8d]"></a>Disp_button_Num_time</STRONG> (Thumb, 46 bytes, Stack size 8 bytes, use_disp.o(.text), UNUSED)
<BR><BR>[Calls]<UL><LI><a href="#[8c]">&gt;&gt;</a>&nbsp;&nbsp;&nbsp;Disp_Fastbutton
<LI><a href="#[6d]">&gt;&gt;</a>&nbsp;&nbsp;&nbsp;WriteString_16
</UL>
<BR>[Called By]<UL><LI><a href="#[164]">&gt;&gt;</a>&nbsp;&nbsp;&nbsp;Disp_Set_CompNum
</UL>

<P><STRONG><a name="[8e]"></a>Disp_button_Num_V</STRONG> (Thumb, 34 bytes, Stack size 8 bytes, use_disp.o(.text))
<BR><BR>[Stack]<UL><LI>Max Depth = 104<LI>Call Chain = Disp_button_Num_V &rArr; WriteString_16 &rArr; PutChar &rArr; GetASCIICode &rArr; __aeabi_memcpy
</UL>
<BR>[Calls]<UL><LI><a href="#[8c]">&gt;&gt;</a>&nbsp;&nbsp;&nbsp;Disp_Fastbutton
<LI><a href="#[6d]">&gt;&gt;</a>&nbsp;&nbsp;&nbsp;WriteString_16
</UL>
<BR>[Called By]<UL><LI><a href="#[139]">&gt;&gt;</a>&nbsp;&nbsp;&nbsp;Disp_Set_Num
</UL>

<P><STRONG><a name="[8f]"></a>Disp_button_Num_A</STRONG> (Thumb, 34 bytes, Stack size 8 bytes, use_disp.o(.text))
<BR><BR>[Stack]<UL><LI>Max Depth = 104<LI>Call Chain = Disp_button_Num_A &rArr; WriteString_16 &rArr; PutChar &rArr; GetASCIICode &rArr; __aeabi_memcpy
</UL>
<BR>[Calls]<UL><LI><a href="#[8c]">&gt;&gt;</a>&nbsp;&nbsp;&nbsp;Disp_Fastbutton
<LI><a href="#[6d]">&gt;&gt;</a>&nbsp;&nbsp;&nbsp;WriteString_16
</UL>
<BR>[Called By]<UL><LI><a href="#[138]">&gt;&gt;</a>&nbsp;&nbsp;&nbsp;Disp_Set_C
</UL>

<P><STRONG><a name="[90]"></a>Disp_button_Num_ms</STRONG> (Thumb, 34 bytes, Stack size 8 bytes, use_disp.o(.text))
<BR><BR>[Stack]<UL><LI>Max Depth = 104<LI>Call Chain = Disp_button_Num_ms &rArr; WriteString_16 &rArr; PutChar &rArr; GetASCIICode &rArr; __aeabi_memcpy
</UL>
<BR>[Calls]<UL><LI><a href="#[8c]">&gt;&gt;</a>&nbsp;&nbsp;&nbsp;Disp_Fastbutton
<LI><a href="#[6d]">&gt;&gt;</a>&nbsp;&nbsp;&nbsp;WriteString_16
</UL>
<BR>[Called By]<UL><LI><a href="#[136]">&gt;&gt;</a>&nbsp;&nbsp;&nbsp;Disp_Set_T
</UL>

<P><STRONG><a name="[91]"></a>Disp_button_Num_Input</STRONG> (Thumb, 180 bytes, Stack size 32 bytes, use_disp.o(.text), UNUSED)
<BR><BR>[Calls]<UL><LI><a href="#[8c]">&gt;&gt;</a>&nbsp;&nbsp;&nbsp;Disp_Fastbutton
<LI><a href="#[6d]">&gt;&gt;</a>&nbsp;&nbsp;&nbsp;WriteString_16
</UL>
<BR>[Called By]<UL><LI><a href="#[15b]">&gt;&gt;</a>&nbsp;&nbsp;&nbsp;Disp_Set_InputNum
<LI><a href="#[15a]">&gt;&gt;</a>&nbsp;&nbsp;&nbsp;Disp_Set_InputpreNum
<LI><a href="#[159]">&gt;&gt;</a>&nbsp;&nbsp;&nbsp;Disp_Set_InputpreSecNum
<LI><a href="#[158]">&gt;&gt;</a>&nbsp;&nbsp;&nbsp;Input_compvalue
</UL>

<P><STRONG><a name="[92]"></a>Disp_button_Num_Freq</STRONG> (Thumb, 46 bytes, Stack size 8 bytes, use_disp.o(.text), UNUSED)
<BR><BR>[Calls]<UL><LI><a href="#[8c]">&gt;&gt;</a>&nbsp;&nbsp;&nbsp;Disp_Fastbutton
<LI><a href="#[6d]">&gt;&gt;</a>&nbsp;&nbsp;&nbsp;WriteString_16
</UL>
<BR>[Called By]<UL><LI><a href="#[156]">&gt;&gt;</a>&nbsp;&nbsp;&nbsp;Freq_Set_Num
</UL>

<P><STRONG><a name="[93]"></a>Disp_button_Num_Avg</STRONG> (Thumb, 34 bytes, Stack size 8 bytes, use_disp.o(.text), UNUSED)
<BR><BR>[Calls]<UL><LI><a href="#[8c]">&gt;&gt;</a>&nbsp;&nbsp;&nbsp;Disp_Fastbutton
<LI><a href="#[6d]">&gt;&gt;</a>&nbsp;&nbsp;&nbsp;WriteString_16
</UL>
<BR>[Called By]<UL><LI><a href="#[165]">&gt;&gt;</a>&nbsp;&nbsp;&nbsp;Avg_Set_Num
</UL>

<P><STRONG><a name="[94]"></a>Disp_Button_Test</STRONG> (Thumb, 80 bytes, Stack size 8 bytes, use_disp.o(.text))
<BR><BR>[Stack]<UL><LI>Max Depth = 104<LI>Call Chain = Disp_Button_Test &rArr; WriteString_16 &rArr; PutChar &rArr; GetASCIICode &rArr; __aeabi_memcpy
</UL>
<BR>[Calls]<UL><LI><a href="#[8c]">&gt;&gt;</a>&nbsp;&nbsp;&nbsp;Disp_Fastbutton
<LI><a href="#[6d]">&gt;&gt;</a>&nbsp;&nbsp;&nbsp;WriteString_16
</UL>
<BR>[Called By]<UL><LI><a href="#[9e]">&gt;&gt;</a>&nbsp;&nbsp;&nbsp;Disp_Test_Item
</UL>

<P><STRONG><a name="[95]"></a>Disp_Button_value1</STRONG> (Thumb, 262 bytes, Stack size 8 bytes, use_disp.o(.text))
<BR><BR>[Stack]<UL><LI>Max Depth = 104<LI>Call Chain = Disp_Button_value1 &rArr; WriteString_16 &rArr; PutChar &rArr; GetASCIICode &rArr; __aeabi_memcpy
</UL>
<BR>[Calls]<UL><LI><a href="#[8c]">&gt;&gt;</a>&nbsp;&nbsp;&nbsp;Disp_Fastbutton
<LI><a href="#[6d]">&gt;&gt;</a>&nbsp;&nbsp;&nbsp;WriteString_16
</UL>
<BR>[Called By]<UL><LI><a href="#[b2]">&gt;&gt;</a>&nbsp;&nbsp;&nbsp;Disp_LIMIT_ComDispValue
<LI><a href="#[af]">&gt;&gt;</a>&nbsp;&nbsp;&nbsp;Disp_Range_ComDispValue
<LI><a href="#[ae]">&gt;&gt;</a>&nbsp;&nbsp;&nbsp;Disp_RangeDispValue
<LI><a href="#[aa]">&gt;&gt;</a>&nbsp;&nbsp;&nbsp;Disp_List_Count_Item
<LI><a href="#[a6]">&gt;&gt;</a>&nbsp;&nbsp;&nbsp;Disp_Range_Count_Item
<LI><a href="#[a2]">&gt;&gt;</a>&nbsp;&nbsp;&nbsp;Disp_Range_Item
<LI><a href="#[155]">&gt;&gt;</a>&nbsp;&nbsp;&nbsp;ItemProcess
<LI><a href="#[12b]">&gt;&gt;</a>&nbsp;&nbsp;&nbsp;input_password
</UL>

<P><STRONG><a name="[96]"></a>Disp_Button_ItemScan_no</STRONG> (Thumb, 428 bytes, Stack size 8 bytes, use_disp.o(.text), UNUSED)
<BR><BR>[Calls]<UL><LI><a href="#[8c]">&gt;&gt;</a>&nbsp;&nbsp;&nbsp;Disp_Fastbutton
<LI><a href="#[6d]">&gt;&gt;</a>&nbsp;&nbsp;&nbsp;WriteString_16
</UL>
<BR>[Called By]<UL><LI><a href="#[b1]">&gt;&gt;</a>&nbsp;&nbsp;&nbsp;Disp_Scan_SetCompvalue
</UL>

<P><STRONG><a name="[97]"></a>Disp_Button_ItemScanSet</STRONG> (Thumb, 308 bytes, Stack size 16 bytes, use_disp.o(.text), UNUSED)
<BR><BR>[Calls]<UL><LI><a href="#[8c]">&gt;&gt;</a>&nbsp;&nbsp;&nbsp;Disp_Fastbutton
<LI><a href="#[6d]">&gt;&gt;</a>&nbsp;&nbsp;&nbsp;WriteString_16
</UL>
<BR>[Called By]<UL><LI><a href="#[b1]">&gt;&gt;</a>&nbsp;&nbsp;&nbsp;Disp_Scan_SetCompvalue
</UL>

<P><STRONG><a name="[98]"></a>Disp_Button_TestSet</STRONG> (Thumb, 376 bytes, Stack size 8 bytes, use_disp.o(.text))
<BR><BR>[Stack]<UL><LI>Max Depth = 104<LI>Call Chain = Disp_Button_TestSet &rArr; WriteString_16 &rArr; PutChar &rArr; GetASCIICode &rArr; __aeabi_memcpy
</UL>
<BR>[Calls]<UL><LI><a href="#[8c]">&gt;&gt;</a>&nbsp;&nbsp;&nbsp;Disp_Fastbutton
<LI><a href="#[6d]">&gt;&gt;</a>&nbsp;&nbsp;&nbsp;WriteString_16
</UL>
<BR>[Called By]<UL><LI><a href="#[c5]">&gt;&gt;</a>&nbsp;&nbsp;&nbsp;Disp_ListScan_Item
<LI><a href="#[c2]">&gt;&gt;</a>&nbsp;&nbsp;&nbsp;Disp_LimitList_Item
<LI><a href="#[bf]">&gt;&gt;</a>&nbsp;&nbsp;&nbsp;Disp_UserCheck_Item
<LI><a href="#[be]">&gt;&gt;</a>&nbsp;&nbsp;&nbsp;Disp_Fac_Debug_C
<LI><a href="#[bd]">&gt;&gt;</a>&nbsp;&nbsp;&nbsp;Disp_Fac_Debug_R
<LI><a href="#[bc]">&gt;&gt;</a>&nbsp;&nbsp;&nbsp;Disp_FacCal
<LI><a href="#[bb]">&gt;&gt;</a>&nbsp;&nbsp;&nbsp;Disp_FacrCheck_Item
<LI><a href="#[b7]">&gt;&gt;</a>&nbsp;&nbsp;&nbsp;Disp_Debug_value
<LI><a href="#[b6]">&gt;&gt;</a>&nbsp;&nbsp;&nbsp;Disp_LimitSEt_value
<LI><a href="#[b4]">&gt;&gt;</a>&nbsp;&nbsp;&nbsp;DispSet_value
<LI><a href="#[ad]">&gt;&gt;</a>&nbsp;&nbsp;&nbsp;Disp_Test_Set_Item
<LI><a href="#[157]">&gt;&gt;</a>&nbsp;&nbsp;&nbsp;Use_ITEMSetProcess
</UL>

<P><STRONG><a name="[99]"></a>Disp_Button_SysSet</STRONG> (Thumb, 80 bytes, Stack size 8 bytes, use_disp.o(.text))
<BR><BR>[Stack]<UL><LI>Max Depth = 104<LI>Call Chain = Disp_Button_SysSet &rArr; WriteString_16 &rArr; PutChar &rArr; GetASCIICode &rArr; __aeabi_memcpy
</UL>
<BR>[Calls]<UL><LI><a href="#[6d]">&gt;&gt;</a>&nbsp;&nbsp;&nbsp;WriteString_16
</UL>
<BR>[Called By]<UL><LI><a href="#[c8]">&gt;&gt;</a>&nbsp;&nbsp;&nbsp;Disp_Sys_Item
<LI><a href="#[b8]">&gt;&gt;</a>&nbsp;&nbsp;&nbsp;Disp_Sys_value
</UL>

<P><STRONG><a name="[9a]"></a>Disp_Button_Correction</STRONG> (Thumb, 132 bytes, Stack size 16 bytes, use_disp.o(.text))
<BR><BR>[Stack]<UL><LI>Max Depth = 112<LI>Call Chain = Disp_Button_Correction &rArr; WriteString_16 &rArr; PutChar &rArr; GetASCIICode &rArr; __aeabi_memcpy
</UL>
<BR>[Calls]<UL><LI><a href="#[6d]">&gt;&gt;</a>&nbsp;&nbsp;&nbsp;WriteString_16
</UL>
<BR>[Called By]<UL><LI><a href="#[cd]">&gt;&gt;</a>&nbsp;&nbsp;&nbsp;Disp_Serve_correctionR
<LI><a href="#[cc]">&gt;&gt;</a>&nbsp;&nbsp;&nbsp;Disp_Start_Corr
<LI><a href="#[cb]">&gt;&gt;</a>&nbsp;&nbsp;&nbsp;Disp_Serve_correction
</UL>

<P><STRONG><a name="[9b]"></a>Disp_TopBar_Color</STRONG> (Thumb, 20 bytes, Stack size 8 bytes, use_disp.o(.text), UNUSED)
<BR><BR>[Calls]<UL><LI><a href="#[8b]">&gt;&gt;</a>&nbsp;&nbsp;&nbsp;LCD_DrawRect
</UL>
<BR>[Called By]<UL><LI><a href="#[c4]">&gt;&gt;</a>&nbsp;&nbsp;&nbsp;Disp_ListScan_Screen
<LI><a href="#[c1]">&gt;&gt;</a>&nbsp;&nbsp;&nbsp;Disp_LimitList_Screen
<LI><a href="#[a9]">&gt;&gt;</a>&nbsp;&nbsp;&nbsp;Disp_List_CountScreen
</UL>

<P><STRONG><a name="[9c]"></a>Disp_MidRect</STRONG> (Thumb, 22 bytes, Stack size 8 bytes, use_disp.o(.text))
<BR><BR>[Stack]<UL><LI>Max Depth = 28<LI>Call Chain = Disp_MidRect &rArr; LCD_DrawRect
</UL>
<BR>[Calls]<UL><LI><a href="#[8b]">&gt;&gt;</a>&nbsp;&nbsp;&nbsp;LCD_DrawRect
</UL>
<BR>[Called By]<UL><LI><a href="#[9d]">&gt;&gt;</a>&nbsp;&nbsp;&nbsp;Disp_TestScreen
</UL>

<P><STRONG><a name="[9d]"></a>Disp_TestScreen</STRONG> (Thumb, 390 bytes, Stack size 8 bytes, use_disp.o(.text))
<BR><BR>[Stack]<UL><LI>Max Depth = 76<LI>Call Chain = Disp_TestScreen &rArr; Disp_Fastbutton &rArr; LCD_DrawLine
</UL>
<BR>[Calls]<UL><LI><a href="#[9c]">&gt;&gt;</a>&nbsp;&nbsp;&nbsp;Disp_MidRect
<LI><a href="#[8c]">&gt;&gt;</a>&nbsp;&nbsp;&nbsp;Disp_Fastbutton
<LI><a href="#[8b]">&gt;&gt;</a>&nbsp;&nbsp;&nbsp;LCD_DrawRect
</UL>
<BR>[Called By]<UL><LI><a href="#[9e]">&gt;&gt;</a>&nbsp;&nbsp;&nbsp;Disp_Test_Item
</UL>

<P><STRONG><a name="[9e]"></a>Disp_Test_Item</STRONG> (Thumb, 200 bytes, Stack size 32 bytes, use_disp.o(.text))
<BR><BR>[Stack]<UL><LI>Max Depth = 136<LI>Call Chain = Disp_Test_Item &rArr; Disp_Button_Test &rArr; WriteString_16 &rArr; PutChar &rArr; GetASCIICode &rArr; __aeabi_memcpy
</UL>
<BR>[Calls]<UL><LI><a href="#[9d]">&gt;&gt;</a>&nbsp;&nbsp;&nbsp;Disp_TestScreen
<LI><a href="#[94]">&gt;&gt;</a>&nbsp;&nbsp;&nbsp;Disp_Button_Test
<LI><a href="#[6d]">&gt;&gt;</a>&nbsp;&nbsp;&nbsp;WriteString_16
</UL>
<BR>[Called By]<UL><LI><a href="#[52]">&gt;&gt;</a>&nbsp;&nbsp;&nbsp;Test_Process
</UL>

<P><STRONG><a name="[9f]"></a>Disp_Range_MidRect</STRONG> (Thumb, 22 bytes, Stack size 8 bytes, use_disp.o(.text), UNUSED)
<BR><BR>[Calls]<UL><LI><a href="#[8b]">&gt;&gt;</a>&nbsp;&nbsp;&nbsp;LCD_DrawRect
</UL>
<BR>[Called By]<UL><LI><a href="#[a0]">&gt;&gt;</a>&nbsp;&nbsp;&nbsp;Disp_RangeScreen
</UL>

<P><STRONG><a name="[a0]"></a>Disp_RangeScreen</STRONG> (Thumb, 28 bytes, Stack size 8 bytes, use_disp.o(.text), UNUSED)
<BR><BR>[Calls]<UL><LI><a href="#[9f]">&gt;&gt;</a>&nbsp;&nbsp;&nbsp;Disp_Range_MidRect
<LI><a href="#[8c]">&gt;&gt;</a>&nbsp;&nbsp;&nbsp;Disp_Fastbutton
<LI><a href="#[8b]">&gt;&gt;</a>&nbsp;&nbsp;&nbsp;LCD_DrawRect
</UL>
<BR>[Called By]<UL><LI><a href="#[a2]">&gt;&gt;</a>&nbsp;&nbsp;&nbsp;Disp_Range_Item
</UL>

<P><STRONG><a name="[a1]"></a>Disp_RangeDispvalue</STRONG> (Thumb, 102 bytes, Stack size 16 bytes, use_disp.o(.text), UNUSED)
<BR><BR>[Calls]<UL><LI><a href="#[6d]">&gt;&gt;</a>&nbsp;&nbsp;&nbsp;WriteString_16
<LI><a href="#[64]">&gt;&gt;</a>&nbsp;&nbsp;&nbsp;LCD_ShowFontCN_40_55
</UL>
<BR>[Called By]<UL><LI><a href="#[a2]">&gt;&gt;</a>&nbsp;&nbsp;&nbsp;Disp_Range_Item
</UL>

<P><STRONG><a name="[a2]"></a>Disp_Range_Item</STRONG> (Thumb, 198 bytes, Stack size 32 bytes, use_disp.o(.text), UNUSED)
<BR><BR>[Calls]<UL><LI><a href="#[a1]">&gt;&gt;</a>&nbsp;&nbsp;&nbsp;Disp_RangeDispvalue
<LI><a href="#[a0]">&gt;&gt;</a>&nbsp;&nbsp;&nbsp;Disp_RangeScreen
<LI><a href="#[95]">&gt;&gt;</a>&nbsp;&nbsp;&nbsp;Disp_Button_value1
<LI><a href="#[6d]">&gt;&gt;</a>&nbsp;&nbsp;&nbsp;WriteString_16
</UL>
<BR>[Called By]<UL><LI><a href="#[14d]">&gt;&gt;</a>&nbsp;&nbsp;&nbsp;Range_Process
</UL>

<P><STRONG><a name="[a3]"></a>Disp_Rang_Count_MidRect</STRONG> (Thumb, 38 bytes, Stack size 16 bytes, use_disp.o(.text), UNUSED)
<BR><BR>[Calls]<UL><LI><a href="#[8b]">&gt;&gt;</a>&nbsp;&nbsp;&nbsp;LCD_DrawRect
</UL>
<BR>[Called By]<UL><LI><a href="#[a4]">&gt;&gt;</a>&nbsp;&nbsp;&nbsp;Disp_Range_CountScreen
</UL>

<P><STRONG><a name="[a4]"></a>Disp_Range_CountScreen</STRONG> (Thumb, 28 bytes, Stack size 8 bytes, use_disp.o(.text), UNUSED)
<BR><BR>[Calls]<UL><LI><a href="#[a3]">&gt;&gt;</a>&nbsp;&nbsp;&nbsp;Disp_Rang_Count_MidRect
<LI><a href="#[8c]">&gt;&gt;</a>&nbsp;&nbsp;&nbsp;Disp_Fastbutton
<LI><a href="#[8b]">&gt;&gt;</a>&nbsp;&nbsp;&nbsp;LCD_DrawRect
</UL>
<BR>[Called By]<UL><LI><a href="#[a6]">&gt;&gt;</a>&nbsp;&nbsp;&nbsp;Disp_Range_Count_Item
</UL>

<P><STRONG><a name="[a5]"></a>Disp_Set_Unit_16</STRONG> (Thumb, 30 bytes, Stack size 8 bytes, use_disp.o(.text), UNUSED)
<BR><BR>[Calls]<UL><LI><a href="#[6d]">&gt;&gt;</a>&nbsp;&nbsp;&nbsp;WriteString_16
</UL>
<BR>[Called By]<UL><LI><a href="#[c2]">&gt;&gt;</a>&nbsp;&nbsp;&nbsp;Disp_LimitList_Item
<LI><a href="#[b6]">&gt;&gt;</a>&nbsp;&nbsp;&nbsp;Disp_LimitSEt_value
<LI><a href="#[a6]">&gt;&gt;</a>&nbsp;&nbsp;&nbsp;Disp_Range_Count_Item
</UL>

<P><STRONG><a name="[a6]"></a>Disp_Range_Count_Item</STRONG> (Thumb, 836 bytes, Stack size 40 bytes, use_disp.o(.text), UNUSED)
<BR><BR>[Calls]<UL><LI><a href="#[a5]">&gt;&gt;</a>&nbsp;&nbsp;&nbsp;Disp_Set_Unit_16
<LI><a href="#[a4]">&gt;&gt;</a>&nbsp;&nbsp;&nbsp;Disp_Range_CountScreen
<LI><a href="#[95]">&gt;&gt;</a>&nbsp;&nbsp;&nbsp;Disp_Button_value1
<LI><a href="#[a7]">&gt;&gt;</a>&nbsp;&nbsp;&nbsp;Hex_Format
<LI><a href="#[6f]">&gt;&gt;</a>&nbsp;&nbsp;&nbsp;WriteString_12
<LI><a href="#[6d]">&gt;&gt;</a>&nbsp;&nbsp;&nbsp;WriteString_16
</UL>
<BR>[Called By]<UL><LI><a href="#[154]">&gt;&gt;</a>&nbsp;&nbsp;&nbsp;Range_CountProcess
</UL>

<P><STRONG><a name="[a8]"></a>Disp_List_Count_MidRect</STRONG> (Thumb, 22 bytes, Stack size 8 bytes, use_disp.o(.text), UNUSED)
<BR><BR>[Calls]<UL><LI><a href="#[8b]">&gt;&gt;</a>&nbsp;&nbsp;&nbsp;LCD_DrawRect
</UL>
<BR>[Called By]<UL><LI><a href="#[a9]">&gt;&gt;</a>&nbsp;&nbsp;&nbsp;Disp_List_CountScreen
</UL>

<P><STRONG><a name="[a9]"></a>Disp_List_CountScreen</STRONG> (Thumb, 16 bytes, Stack size 8 bytes, use_disp.o(.text), UNUSED)
<BR><BR>[Calls]<UL><LI><a href="#[a8]">&gt;&gt;</a>&nbsp;&nbsp;&nbsp;Disp_List_Count_MidRect
<LI><a href="#[9b]">&gt;&gt;</a>&nbsp;&nbsp;&nbsp;Disp_TopBar_Color
<LI><a href="#[8c]">&gt;&gt;</a>&nbsp;&nbsp;&nbsp;Disp_Fastbutton
</UL>
<BR>[Called By]<UL><LI><a href="#[aa]">&gt;&gt;</a>&nbsp;&nbsp;&nbsp;Disp_List_Count_Item
</UL>

<P><STRONG><a name="[aa]"></a>Disp_List_Count_Item</STRONG> (Thumb, 168 bytes, Stack size 16 bytes, use_disp.o(.text), UNUSED)
<BR><BR>[Calls]<UL><LI><a href="#[a9]">&gt;&gt;</a>&nbsp;&nbsp;&nbsp;Disp_List_CountScreen
<LI><a href="#[95]">&gt;&gt;</a>&nbsp;&nbsp;&nbsp;Disp_Button_value1
<LI><a href="#[6d]">&gt;&gt;</a>&nbsp;&nbsp;&nbsp;WriteString_16
</UL>
<BR>[Called By]<UL><LI><a href="#[155]">&gt;&gt;</a>&nbsp;&nbsp;&nbsp;ItemProcess
</UL>

<P><STRONG><a name="[ab]"></a>Disp_TestSet_MidRect</STRONG> (Thumb, 22 bytes, Stack size 8 bytes, use_disp.o(.text))
<BR><BR>[Stack]<UL><LI>Max Depth = 28<LI>Call Chain = Disp_TestSet_MidRect &rArr; LCD_DrawRect
</UL>
<BR>[Calls]<UL><LI><a href="#[8b]">&gt;&gt;</a>&nbsp;&nbsp;&nbsp;LCD_DrawRect
</UL>
<BR>[Called By]<UL><LI><a href="#[ac]">&gt;&gt;</a>&nbsp;&nbsp;&nbsp;Disp_TestSetScreen
</UL>

<P><STRONG><a name="[ac]"></a>Disp_TestSetScreen</STRONG> (Thumb, 28 bytes, Stack size 8 bytes, use_disp.o(.text))
<BR><BR>[Stack]<UL><LI>Max Depth = 76<LI>Call Chain = Disp_TestSetScreen &rArr; Disp_Fastbutton &rArr; LCD_DrawLine
</UL>
<BR>[Calls]<UL><LI><a href="#[ab]">&gt;&gt;</a>&nbsp;&nbsp;&nbsp;Disp_TestSet_MidRect
<LI><a href="#[8c]">&gt;&gt;</a>&nbsp;&nbsp;&nbsp;Disp_Fastbutton
<LI><a href="#[8b]">&gt;&gt;</a>&nbsp;&nbsp;&nbsp;LCD_DrawRect
</UL>
<BR>[Called By]<UL><LI><a href="#[ad]">&gt;&gt;</a>&nbsp;&nbsp;&nbsp;Disp_Test_Set_Item
</UL>

<P><STRONG><a name="[ad]"></a>Disp_Test_Set_Item</STRONG> (Thumb, 248 bytes, Stack size 40 bytes, use_disp.o(.text))
<BR><BR>[Stack]<UL><LI>Max Depth = 144<LI>Call Chain = Disp_Test_Set_Item &rArr; Disp_Button_TestSet &rArr; WriteString_16 &rArr; PutChar &rArr; GetASCIICode &rArr; __aeabi_memcpy
</UL>
<BR>[Calls]<UL><LI><a href="#[ac]">&gt;&gt;</a>&nbsp;&nbsp;&nbsp;Disp_TestSetScreen
<LI><a href="#[98]">&gt;&gt;</a>&nbsp;&nbsp;&nbsp;Disp_Button_TestSet
<LI><a href="#[6d]">&gt;&gt;</a>&nbsp;&nbsp;&nbsp;WriteString_16
</UL>
<BR>[Called By]<UL><LI><a href="#[55]">&gt;&gt;</a>&nbsp;&nbsp;&nbsp;Setup_Process
</UL>

<P><STRONG><a name="[ae]"></a>Disp_RangeDispValue</STRONG> (Thumb, 454 bytes, Stack size 32 bytes, use_disp.o(.text), UNUSED)
<BR><BR>[Calls]<UL><LI><a href="#[95]">&gt;&gt;</a>&nbsp;&nbsp;&nbsp;Disp_Button_value1
<LI><a href="#[8c]">&gt;&gt;</a>&nbsp;&nbsp;&nbsp;Disp_Fastbutton
<LI><a href="#[6d]">&gt;&gt;</a>&nbsp;&nbsp;&nbsp;WriteString_16
<LI><a href="#[8b]">&gt;&gt;</a>&nbsp;&nbsp;&nbsp;LCD_DrawRect
</UL>
<BR>[Called By]<UL><LI><a href="#[14d]">&gt;&gt;</a>&nbsp;&nbsp;&nbsp;Range_Process
</UL>

<P><STRONG><a name="[af]"></a>Disp_Range_ComDispValue</STRONG> (Thumb, 160 bytes, Stack size 24 bytes, use_disp.o(.text), UNUSED)
<BR><BR>[Calls]<UL><LI><a href="#[95]">&gt;&gt;</a>&nbsp;&nbsp;&nbsp;Disp_Button_value1
<LI><a href="#[8c]">&gt;&gt;</a>&nbsp;&nbsp;&nbsp;Disp_Fastbutton
<LI><a href="#[6d]">&gt;&gt;</a>&nbsp;&nbsp;&nbsp;WriteString_16
<LI><a href="#[8b]">&gt;&gt;</a>&nbsp;&nbsp;&nbsp;LCD_DrawRect
</UL>
<BR>[Called By]<UL><LI><a href="#[154]">&gt;&gt;</a>&nbsp;&nbsp;&nbsp;Range_CountProcess
</UL>

<P><STRONG><a name="[b0]"></a>Disp_Scan_Compvalue</STRONG> (Thumb, 414 bytes, Stack size 40 bytes, use_disp.o(.text), UNUSED)
<BR><BR>[Calls]<UL><LI><a href="#[a7]">&gt;&gt;</a>&nbsp;&nbsp;&nbsp;Hex_Format
<LI><a href="#[6f]">&gt;&gt;</a>&nbsp;&nbsp;&nbsp;WriteString_12
</UL>
<BR>[Called By]<UL><LI><a href="#[155]">&gt;&gt;</a>&nbsp;&nbsp;&nbsp;ItemProcess
</UL>

<P><STRONG><a name="[b1]"></a>Disp_Scan_SetCompvalue</STRONG> (Thumb, 788 bytes, Stack size 40 bytes, use_disp.o(.text), UNUSED)
<BR><BR>[Calls]<UL><LI><a href="#[97]">&gt;&gt;</a>&nbsp;&nbsp;&nbsp;Disp_Button_ItemScanSet
<LI><a href="#[96]">&gt;&gt;</a>&nbsp;&nbsp;&nbsp;Disp_Button_ItemScan_no
<LI><a href="#[a7]">&gt;&gt;</a>&nbsp;&nbsp;&nbsp;Hex_Format
<LI><a href="#[6f]">&gt;&gt;</a>&nbsp;&nbsp;&nbsp;WriteString_12
<LI><a href="#[6d]">&gt;&gt;</a>&nbsp;&nbsp;&nbsp;WriteString_16
<LI><a href="#[8b]">&gt;&gt;</a>&nbsp;&nbsp;&nbsp;LCD_DrawRect
</UL>
<BR>[Called By]<UL><LI><a href="#[157]">&gt;&gt;</a>&nbsp;&nbsp;&nbsp;Use_ITEMSetProcess
</UL>

<P><STRONG><a name="[b2]"></a>Disp_LIMIT_ComDispValue</STRONG> (Thumb, 238 bytes, Stack size 32 bytes, use_disp.o(.text), UNUSED)
<BR><BR>[Calls]<UL><LI><a href="#[95]">&gt;&gt;</a>&nbsp;&nbsp;&nbsp;Disp_Button_value1
<LI><a href="#[8c]">&gt;&gt;</a>&nbsp;&nbsp;&nbsp;Disp_Fastbutton
<LI><a href="#[6d]">&gt;&gt;</a>&nbsp;&nbsp;&nbsp;WriteString_16
<LI><a href="#[8b]">&gt;&gt;</a>&nbsp;&nbsp;&nbsp;LCD_DrawRect
</UL>
<BR>[Called By]<UL><LI><a href="#[155]">&gt;&gt;</a>&nbsp;&nbsp;&nbsp;ItemProcess
</UL>

<P><STRONG><a name="[b3]"></a>Disp_Test_value</STRONG> (Thumb, 1012 bytes, Stack size 40 bytes, use_disp.o(.text))
<BR><BR>[Stack]<UL><LI>Max Depth = 136<LI>Call Chain = Disp_Test_value &rArr; WriteString_16 &rArr; PutChar &rArr; GetASCIICode &rArr; __aeabi_memcpy
</UL>
<BR>[Calls]<UL><LI><a href="#[8c]">&gt;&gt;</a>&nbsp;&nbsp;&nbsp;Disp_Fastbutton
<LI><a href="#[a7]">&gt;&gt;</a>&nbsp;&nbsp;&nbsp;Hex_Format
<LI><a href="#[6d]">&gt;&gt;</a>&nbsp;&nbsp;&nbsp;WriteString_16
<LI><a href="#[8b]">&gt;&gt;</a>&nbsp;&nbsp;&nbsp;LCD_DrawRect
</UL>
<BR>[Called By]<UL><LI><a href="#[52]">&gt;&gt;</a>&nbsp;&nbsp;&nbsp;Test_Process
<LI><a href="#[1c0]">&gt;&gt;</a>&nbsp;&nbsp;&nbsp;MODS_WriteRegValue
</UL>

<P><STRONG><a name="[b4]"></a>DispSet_value</STRONG> (Thumb, 512 bytes, Stack size 40 bytes, use_disp.o(.text))
<BR><BR>[Stack]<UL><LI>Max Depth = 144<LI>Call Chain = DispSet_value &rArr; Disp_Button_TestSet &rArr; WriteString_16 &rArr; PutChar &rArr; GetASCIICode &rArr; __aeabi_memcpy
</UL>
<BR>[Calls]<UL><LI><a href="#[98]">&gt;&gt;</a>&nbsp;&nbsp;&nbsp;Disp_Button_TestSet
<LI><a href="#[8c]">&gt;&gt;</a>&nbsp;&nbsp;&nbsp;Disp_Fastbutton
<LI><a href="#[a7]">&gt;&gt;</a>&nbsp;&nbsp;&nbsp;Hex_Format
<LI><a href="#[6d]">&gt;&gt;</a>&nbsp;&nbsp;&nbsp;WriteString_16
<LI><a href="#[8b]">&gt;&gt;</a>&nbsp;&nbsp;&nbsp;LCD_DrawRect
</UL>
<BR>[Called By]<UL><LI><a href="#[55]">&gt;&gt;</a>&nbsp;&nbsp;&nbsp;Setup_Process
</UL>

<P><STRONG><a name="[b5]"></a>Disp_Set_Unit_12</STRONG> (Thumb, 26 bytes, Stack size 8 bytes, use_disp.o(.text), UNUSED)
<BR><BR>[Calls]<UL><LI><a href="#[6f]">&gt;&gt;</a>&nbsp;&nbsp;&nbsp;WriteString_12
</UL>
<BR>[Called By]<UL><LI><a href="#[b6]">&gt;&gt;</a>&nbsp;&nbsp;&nbsp;Disp_LimitSEt_value
</UL>

<P><STRONG><a name="[b6]"></a>Disp_LimitSEt_value</STRONG> (Thumb, 1302 bytes, Stack size 40 bytes, use_disp.o(.text), UNUSED)
<BR><BR>[Calls]<UL><LI><a href="#[b5]">&gt;&gt;</a>&nbsp;&nbsp;&nbsp;Disp_Set_Unit_12
<LI><a href="#[a5]">&gt;&gt;</a>&nbsp;&nbsp;&nbsp;Disp_Set_Unit_16
<LI><a href="#[98]">&gt;&gt;</a>&nbsp;&nbsp;&nbsp;Disp_Button_TestSet
<LI><a href="#[8c]">&gt;&gt;</a>&nbsp;&nbsp;&nbsp;Disp_Fastbutton
<LI><a href="#[a7]">&gt;&gt;</a>&nbsp;&nbsp;&nbsp;Hex_Format
<LI><a href="#[6f]">&gt;&gt;</a>&nbsp;&nbsp;&nbsp;WriteString_12
<LI><a href="#[6d]">&gt;&gt;</a>&nbsp;&nbsp;&nbsp;WriteString_16
<LI><a href="#[8b]">&gt;&gt;</a>&nbsp;&nbsp;&nbsp;LCD_DrawRect
</UL>
<BR>[Called By]<UL><LI><a href="#[15c]">&gt;&gt;</a>&nbsp;&nbsp;&nbsp;Use_LimitSetProcess
</UL>

<P><STRONG><a name="[b7]"></a>Disp_Debug_value</STRONG> (Thumb, 1112 bytes, Stack size 40 bytes, use_disp.o(.text), UNUSED)
<BR><BR>[Calls]<UL><LI><a href="#[98]">&gt;&gt;</a>&nbsp;&nbsp;&nbsp;Disp_Button_TestSet
<LI><a href="#[8c]">&gt;&gt;</a>&nbsp;&nbsp;&nbsp;Disp_Fastbutton
<LI><a href="#[6d]">&gt;&gt;</a>&nbsp;&nbsp;&nbsp;WriteString_16
<LI><a href="#[8b]">&gt;&gt;</a>&nbsp;&nbsp;&nbsp;LCD_DrawRect
</UL>
<BR>[Called By]<UL><LI><a href="#[160]">&gt;&gt;</a>&nbsp;&nbsp;&nbsp;Use_DebugProcess
</UL>

<P><STRONG><a name="[b8]"></a>Disp_Sys_value</STRONG> (Thumb, 2026 bytes, Stack size 40 bytes, use_disp.o(.text))
<BR><BR>[Stack]<UL><LI>Max Depth = 144<LI>Call Chain = Disp_Sys_value &rArr; Disp_Button_SysSet &rArr; WriteString_16 &rArr; PutChar &rArr; GetASCIICode &rArr; __aeabi_memcpy
</UL>
<BR>[Calls]<UL><LI><a href="#[99]">&gt;&gt;</a>&nbsp;&nbsp;&nbsp;Disp_Button_SysSet
<LI><a href="#[8c]">&gt;&gt;</a>&nbsp;&nbsp;&nbsp;Disp_Fastbutton
<LI><a href="#[a7]">&gt;&gt;</a>&nbsp;&nbsp;&nbsp;Hex_Format
<LI><a href="#[6d]">&gt;&gt;</a>&nbsp;&nbsp;&nbsp;WriteString_16
<LI><a href="#[8b]">&gt;&gt;</a>&nbsp;&nbsp;&nbsp;LCD_DrawRect
<LI><a href="#[b9]">&gt;&gt;</a>&nbsp;&nbsp;&nbsp;__2sprintf
</UL>
<BR>[Called By]<UL><LI><a href="#[56]">&gt;&gt;</a>&nbsp;&nbsp;&nbsp;Use_SysSetProcess
</UL>

<P><STRONG><a name="[ba]"></a>Disp_Usercheck_Screen</STRONG> (Thumb, 26 bytes, Stack size 8 bytes, use_disp.o(.text))
<BR><BR>[Stack]<UL><LI>Max Depth = 76<LI>Call Chain = Disp_Usercheck_Screen &rArr; Disp_Fastbutton &rArr; LCD_DrawLine
</UL>
<BR>[Calls]<UL><LI><a href="#[8c]">&gt;&gt;</a>&nbsp;&nbsp;&nbsp;Disp_Fastbutton
<LI><a href="#[8b]">&gt;&gt;</a>&nbsp;&nbsp;&nbsp;LCD_DrawRect
</UL>
<BR>[Called By]<UL><LI><a href="#[bf]">&gt;&gt;</a>&nbsp;&nbsp;&nbsp;Disp_UserCheck_Item
<LI><a href="#[bb]">&gt;&gt;</a>&nbsp;&nbsp;&nbsp;Disp_FacrCheck_Item
</UL>

<P><STRONG><a name="[bb]"></a>Disp_FacrCheck_Item</STRONG> (Thumb, 216 bytes, Stack size 16 bytes, use_disp.o(.text))
<BR><BR>[Stack]<UL><LI>Max Depth = 120<LI>Call Chain = Disp_FacrCheck_Item &rArr; Disp_Button_TestSet &rArr; WriteString_16 &rArr; PutChar &rArr; GetASCIICode &rArr; __aeabi_memcpy
</UL>
<BR>[Calls]<UL><LI><a href="#[ba]">&gt;&gt;</a>&nbsp;&nbsp;&nbsp;Disp_Usercheck_Screen
<LI><a href="#[98]">&gt;&gt;</a>&nbsp;&nbsp;&nbsp;Disp_Button_TestSet
<LI><a href="#[6d]">&gt;&gt;</a>&nbsp;&nbsp;&nbsp;WriteString_16
</UL>
<BR>[Called By]<UL><LI><a href="#[57]">&gt;&gt;</a>&nbsp;&nbsp;&nbsp;Fac_DebugProcess
</UL>

<P><STRONG><a name="[bc]"></a>Disp_FacCal</STRONG> (Thumb, 626 bytes, Stack size 40 bytes, use_disp.o(.text))
<BR><BR>[Stack]<UL><LI>Max Depth = 144<LI>Call Chain = Disp_FacCal &rArr; Disp_Button_TestSet &rArr; WriteString_16 &rArr; PutChar &rArr; GetASCIICode &rArr; __aeabi_memcpy
</UL>
<BR>[Calls]<UL><LI><a href="#[98]">&gt;&gt;</a>&nbsp;&nbsp;&nbsp;Disp_Button_TestSet
<LI><a href="#[8c]">&gt;&gt;</a>&nbsp;&nbsp;&nbsp;Disp_Fastbutton
<LI><a href="#[a7]">&gt;&gt;</a>&nbsp;&nbsp;&nbsp;Hex_Format
<LI><a href="#[6d]">&gt;&gt;</a>&nbsp;&nbsp;&nbsp;WriteString_16
<LI><a href="#[8b]">&gt;&gt;</a>&nbsp;&nbsp;&nbsp;LCD_DrawRect
</UL>
<BR>[Called By]<UL><LI><a href="#[57]">&gt;&gt;</a>&nbsp;&nbsp;&nbsp;Fac_DebugProcess
</UL>

<P><STRONG><a name="[bd]"></a>Disp_Fac_Debug_R</STRONG> (Thumb, 388 bytes, Stack size 24 bytes, use_disp.o(.text), UNUSED)
<BR><BR>[Calls]<UL><LI><a href="#[98]">&gt;&gt;</a>&nbsp;&nbsp;&nbsp;Disp_Button_TestSet
<LI><a href="#[8c]">&gt;&gt;</a>&nbsp;&nbsp;&nbsp;Disp_Fastbutton
<LI><a href="#[6d]">&gt;&gt;</a>&nbsp;&nbsp;&nbsp;WriteString_16
<LI><a href="#[8b]">&gt;&gt;</a>&nbsp;&nbsp;&nbsp;LCD_DrawRect
</UL>

<P><STRONG><a name="[be]"></a>Disp_Fac_Debug_C</STRONG> (Thumb, 488 bytes, Stack size 24 bytes, use_disp.o(.text), UNUSED)
<BR><BR>[Calls]<UL><LI><a href="#[98]">&gt;&gt;</a>&nbsp;&nbsp;&nbsp;Disp_Button_TestSet
<LI><a href="#[8c]">&gt;&gt;</a>&nbsp;&nbsp;&nbsp;Disp_Fastbutton
<LI><a href="#[6d]">&gt;&gt;</a>&nbsp;&nbsp;&nbsp;WriteString_16
<LI><a href="#[8b]">&gt;&gt;</a>&nbsp;&nbsp;&nbsp;LCD_DrawRect
</UL>

<P><STRONG><a name="[bf]"></a>Disp_UserCheck_Item</STRONG> (Thumb, 118 bytes, Stack size 16 bytes, use_disp.o(.text), UNUSED)
<BR><BR>[Calls]<UL><LI><a href="#[ba]">&gt;&gt;</a>&nbsp;&nbsp;&nbsp;Disp_Usercheck_Screen
<LI><a href="#[98]">&gt;&gt;</a>&nbsp;&nbsp;&nbsp;Disp_Button_TestSet
<LI><a href="#[6d]">&gt;&gt;</a>&nbsp;&nbsp;&nbsp;WriteString_16
</UL>
<BR>[Called By]<UL><LI><a href="#[160]">&gt;&gt;</a>&nbsp;&nbsp;&nbsp;Use_DebugProcess
</UL>

<P><STRONG><a name="[c0]"></a>Disp_LimitList_MidRect</STRONG> (Thumb, 22 bytes, Stack size 8 bytes, use_disp.o(.text), UNUSED)
<BR><BR>[Calls]<UL><LI><a href="#[8b]">&gt;&gt;</a>&nbsp;&nbsp;&nbsp;LCD_DrawRect
</UL>

<P><STRONG><a name="[c1]"></a>Disp_LimitList_Screen</STRONG> (Thumb, 14 bytes, Stack size 8 bytes, use_disp.o(.text), UNUSED)
<BR><BR>[Calls]<UL><LI><a href="#[9b]">&gt;&gt;</a>&nbsp;&nbsp;&nbsp;Disp_TopBar_Color
<LI><a href="#[8c]">&gt;&gt;</a>&nbsp;&nbsp;&nbsp;Disp_Fastbutton
</UL>
<BR>[Called By]<UL><LI><a href="#[c2]">&gt;&gt;</a>&nbsp;&nbsp;&nbsp;Disp_LimitList_Item
</UL>

<P><STRONG><a name="[c2]"></a>Disp_LimitList_Item</STRONG> (Thumb, 448 bytes, Stack size 40 bytes, use_disp.o(.text), UNUSED)
<BR><BR>[Calls]<UL><LI><a href="#[c1]">&gt;&gt;</a>&nbsp;&nbsp;&nbsp;Disp_LimitList_Screen
<LI><a href="#[a5]">&gt;&gt;</a>&nbsp;&nbsp;&nbsp;Disp_Set_Unit_16
<LI><a href="#[98]">&gt;&gt;</a>&nbsp;&nbsp;&nbsp;Disp_Button_TestSet
<LI><a href="#[6f]">&gt;&gt;</a>&nbsp;&nbsp;&nbsp;WriteString_12
<LI><a href="#[6d]">&gt;&gt;</a>&nbsp;&nbsp;&nbsp;WriteString_16
</UL>
<BR>[Called By]<UL><LI><a href="#[15c]">&gt;&gt;</a>&nbsp;&nbsp;&nbsp;Use_LimitSetProcess
</UL>

<P><STRONG><a name="[c3]"></a>Disp_ListScan_MidRect</STRONG> (Thumb, 22 bytes, Stack size 8 bytes, use_disp.o(.text), UNUSED)
<BR><BR>[Calls]<UL><LI><a href="#[8b]">&gt;&gt;</a>&nbsp;&nbsp;&nbsp;LCD_DrawRect
</UL>

<P><STRONG><a name="[c4]"></a>Disp_ListScan_Screen</STRONG> (Thumb, 14 bytes, Stack size 8 bytes, use_disp.o(.text), UNUSED)
<BR><BR>[Calls]<UL><LI><a href="#[9b]">&gt;&gt;</a>&nbsp;&nbsp;&nbsp;Disp_TopBar_Color
<LI><a href="#[8c]">&gt;&gt;</a>&nbsp;&nbsp;&nbsp;Disp_Fastbutton
</UL>
<BR>[Called By]<UL><LI><a href="#[c5]">&gt;&gt;</a>&nbsp;&nbsp;&nbsp;Disp_ListScan_Item
</UL>

<P><STRONG><a name="[c5]"></a>Disp_ListScan_Item</STRONG> (Thumb, 182 bytes, Stack size 16 bytes, use_disp.o(.text), UNUSED)
<BR><BR>[Calls]<UL><LI><a href="#[c4]">&gt;&gt;</a>&nbsp;&nbsp;&nbsp;Disp_ListScan_Screen
<LI><a href="#[98]">&gt;&gt;</a>&nbsp;&nbsp;&nbsp;Disp_Button_TestSet
<LI><a href="#[6d]">&gt;&gt;</a>&nbsp;&nbsp;&nbsp;WriteString_16
</UL>
<BR>[Called By]<UL><LI><a href="#[157]">&gt;&gt;</a>&nbsp;&nbsp;&nbsp;Use_ITEMSetProcess
</UL>

<P><STRONG><a name="[c6]"></a>Disp_SysLine</STRONG> (Thumb, 174 bytes, Stack size 32 bytes, use_disp.o(.text))
<BR><BR>[Stack]<UL><LI>Max Depth = 60<LI>Call Chain = Disp_SysLine &rArr; LCD_DrawLine
</UL>
<BR>[Calls]<UL><LI><a href="#[5c]">&gt;&gt;</a>&nbsp;&nbsp;&nbsp;LCD_DrawLine
</UL>
<BR>[Called By]<UL><LI><a href="#[c8]">&gt;&gt;</a>&nbsp;&nbsp;&nbsp;Disp_Sys_Item
</UL>

<P><STRONG><a name="[c7]"></a>Disp_Sys_Screen</STRONG> (Thumb, 26 bytes, Stack size 8 bytes, use_disp.o(.text))
<BR><BR>[Stack]<UL><LI>Max Depth = 76<LI>Call Chain = Disp_Sys_Screen &rArr; Disp_Fastbutton &rArr; LCD_DrawLine
</UL>
<BR>[Calls]<UL><LI><a href="#[8c]">&gt;&gt;</a>&nbsp;&nbsp;&nbsp;Disp_Fastbutton
<LI><a href="#[8b]">&gt;&gt;</a>&nbsp;&nbsp;&nbsp;LCD_DrawRect
</UL>
<BR>[Called By]<UL><LI><a href="#[c8]">&gt;&gt;</a>&nbsp;&nbsp;&nbsp;Disp_Sys_Item
</UL>

<P><STRONG><a name="[c8]"></a>Disp_Sys_Item</STRONG> (Thumb, 226 bytes, Stack size 24 bytes, use_disp.o(.text))
<BR><BR>[Stack]<UL><LI>Max Depth = 144<LI>Call Chain = Disp_Sys_Item &rArr; Disp_SysDot &rArr; WriteString_16 &rArr; PutChar &rArr; GetASCIICode &rArr; __aeabi_memcpy
</UL>
<BR>[Calls]<UL><LI><a href="#[c7]">&gt;&gt;</a>&nbsp;&nbsp;&nbsp;Disp_Sys_Screen
<LI><a href="#[c6]">&gt;&gt;</a>&nbsp;&nbsp;&nbsp;Disp_SysLine
<LI><a href="#[99]">&gt;&gt;</a>&nbsp;&nbsp;&nbsp;Disp_Button_SysSet
<LI><a href="#[c9]">&gt;&gt;</a>&nbsp;&nbsp;&nbsp;Disp_SysDot
<LI><a href="#[6d]">&gt;&gt;</a>&nbsp;&nbsp;&nbsp;WriteString_16
</UL>
<BR>[Called By]<UL><LI><a href="#[56]">&gt;&gt;</a>&nbsp;&nbsp;&nbsp;Use_SysSetProcess
</UL>

<P><STRONG><a name="[ca]"></a>Disp_serve_Screen</STRONG> (Thumb, 26 bytes, Stack size 8 bytes, use_disp.o(.text))
<BR><BR>[Stack]<UL><LI>Max Depth = 76<LI>Call Chain = Disp_serve_Screen &rArr; Disp_Fastbutton &rArr; LCD_DrawLine
</UL>
<BR>[Calls]<UL><LI><a href="#[8c]">&gt;&gt;</a>&nbsp;&nbsp;&nbsp;Disp_Fastbutton
<LI><a href="#[8b]">&gt;&gt;</a>&nbsp;&nbsp;&nbsp;LCD_DrawRect
</UL>
<BR>[Called By]<UL><LI><a href="#[cd]">&gt;&gt;</a>&nbsp;&nbsp;&nbsp;Disp_Serve_correctionR
<LI><a href="#[cc]">&gt;&gt;</a>&nbsp;&nbsp;&nbsp;Disp_Start_Corr
<LI><a href="#[cb]">&gt;&gt;</a>&nbsp;&nbsp;&nbsp;Disp_Serve_correction
</UL>

<P><STRONG><a name="[cb]"></a>Disp_Serve_correction</STRONG> (Thumb, 156 bytes, Stack size 24 bytes, use_disp.o(.text))
<BR><BR>[Stack]<UL><LI>Max Depth = 136<LI>Call Chain = Disp_Serve_correction &rArr; Disp_Button_Correction &rArr; WriteString_16 &rArr; PutChar &rArr; GetASCIICode &rArr; __aeabi_memcpy
</UL>
<BR>[Calls]<UL><LI><a href="#[ca]">&gt;&gt;</a>&nbsp;&nbsp;&nbsp;Disp_serve_Screen
<LI><a href="#[9a]">&gt;&gt;</a>&nbsp;&nbsp;&nbsp;Disp_Button_Correction
<LI><a href="#[6d]">&gt;&gt;</a>&nbsp;&nbsp;&nbsp;WriteString_16
<LI><a href="#[50]">&gt;&gt;</a>&nbsp;&nbsp;&nbsp;lcd_Clear
</UL>
<BR>[Called By]<UL><LI><a href="#[56]">&gt;&gt;</a>&nbsp;&nbsp;&nbsp;Use_SysSetProcess
</UL>

<P><STRONG><a name="[cc]"></a>Disp_Start_Corr</STRONG> (Thumb, 88 bytes, Stack size 16 bytes, use_disp.o(.text))
<BR><BR>[Stack]<UL><LI>Max Depth = 128<LI>Call Chain = Disp_Start_Corr &rArr; Disp_Button_Correction &rArr; WriteString_16 &rArr; PutChar &rArr; GetASCIICode &rArr; __aeabi_memcpy
</UL>
<BR>[Calls]<UL><LI><a href="#[ca]">&gt;&gt;</a>&nbsp;&nbsp;&nbsp;Disp_serve_Screen
<LI><a href="#[9a]">&gt;&gt;</a>&nbsp;&nbsp;&nbsp;Disp_Button_Correction
<LI><a href="#[6d]">&gt;&gt;</a>&nbsp;&nbsp;&nbsp;WriteString_16
<LI><a href="#[50]">&gt;&gt;</a>&nbsp;&nbsp;&nbsp;lcd_Clear
</UL>
<BR>[Called By]<UL><LI><a href="#[56]">&gt;&gt;</a>&nbsp;&nbsp;&nbsp;Use_SysSetProcess
</UL>

<P><STRONG><a name="[cd]"></a>Disp_Serve_correctionR</STRONG> (Thumb, 162 bytes, Stack size 16 bytes, use_disp.o(.text))
<BR><BR>[Stack]<UL><LI>Max Depth = 128<LI>Call Chain = Disp_Serve_correctionR &rArr; Disp_Button_Correction &rArr; WriteString_16 &rArr; PutChar &rArr; GetASCIICode &rArr; __aeabi_memcpy
</UL>
<BR>[Calls]<UL><LI><a href="#[ca]">&gt;&gt;</a>&nbsp;&nbsp;&nbsp;Disp_serve_Screen
<LI><a href="#[9a]">&gt;&gt;</a>&nbsp;&nbsp;&nbsp;Disp_Button_Correction
<LI><a href="#[6d]">&gt;&gt;</a>&nbsp;&nbsp;&nbsp;WriteString_16
<LI><a href="#[50]">&gt;&gt;</a>&nbsp;&nbsp;&nbsp;lcd_Clear
</UL>
<BR>[Called By]<UL><LI><a href="#[56]">&gt;&gt;</a>&nbsp;&nbsp;&nbsp;Use_SysSetProcess
</UL>

<P><STRONG><a name="[ce]"></a>Disp_Correction_Set</STRONG> (Thumb, 354 bytes, Stack size 40 bytes, use_disp.o(.text), UNUSED)
<BR><BR>[Calls]<UL><LI><a href="#[8c]">&gt;&gt;</a>&nbsp;&nbsp;&nbsp;Disp_Fastbutton
<LI><a href="#[6d]">&gt;&gt;</a>&nbsp;&nbsp;&nbsp;WriteString_16
<LI><a href="#[8b]">&gt;&gt;</a>&nbsp;&nbsp;&nbsp;LCD_DrawRect
</UL>

<P><STRONG><a name="[cf]"></a>Disp_Correction_SetR</STRONG> (Thumb, 256 bytes, Stack size 40 bytes, use_disp.o(.text), UNUSED)
<BR><BR>[Calls]<UL><LI><a href="#[8c]">&gt;&gt;</a>&nbsp;&nbsp;&nbsp;Disp_Fastbutton
<LI><a href="#[6d]">&gt;&gt;</a>&nbsp;&nbsp;&nbsp;WriteString_16
<LI><a href="#[8b]">&gt;&gt;</a>&nbsp;&nbsp;&nbsp;LCD_DrawRect
</UL>

<P><STRONG><a name="[d0]"></a>Time_Set_Cot</STRONG> (Thumb, 16 bytes, Stack size 0 bytes, use_disp.o(.text))
<BR><BR>[Stack]<UL><LI>Max Depth = 8<LI>Call Chain = Time_Set_Cot &rArr; __aeabi_memcpy4
</UL>
<BR>[Calls]<UL><LI><a href="#[d1]">&gt;&gt;</a>&nbsp;&nbsp;&nbsp;__aeabi_memcpy4
</UL>
<BR>[Called By]<UL><LI><a href="#[136]">&gt;&gt;</a>&nbsp;&nbsp;&nbsp;Disp_Set_T
</UL>

<P><STRONG><a name="[d2]"></a>Time_Set_Cov</STRONG> (Thumb, 334 bytes, Stack size 24 bytes, use_disp.o(.text))
<BR><BR>[Stack]<UL><LI>Max Depth = 32<LI>Call Chain = Time_Set_Cov &rArr; __aeabi_memcpy4
</UL>
<BR>[Calls]<UL><LI><a href="#[d1]">&gt;&gt;</a>&nbsp;&nbsp;&nbsp;__aeabi_memcpy4
</UL>
<BR>[Called By]<UL><LI><a href="#[164]">&gt;&gt;</a>&nbsp;&nbsp;&nbsp;Disp_Set_CompNum
<LI><a href="#[139]">&gt;&gt;</a>&nbsp;&nbsp;&nbsp;Disp_Set_Num
<LI><a href="#[138]">&gt;&gt;</a>&nbsp;&nbsp;&nbsp;Disp_Set_C
</UL>

<P><STRONG><a name="[d3]"></a>Freq_Set_Cov</STRONG> (Thumb, 254 bytes, Stack size 16 bytes, use_disp.o(.text), UNUSED)
<BR><BR>[Calls]<UL><LI><a href="#[d1]">&gt;&gt;</a>&nbsp;&nbsp;&nbsp;__aeabi_memcpy4
</UL>
<BR>[Called By]<UL><LI><a href="#[165]">&gt;&gt;</a>&nbsp;&nbsp;&nbsp;Avg_Set_Num
<LI><a href="#[156]">&gt;&gt;</a>&nbsp;&nbsp;&nbsp;Freq_Set_Num
</UL>

<P><STRONG><a name="[d4]"></a>Input_Set_Cov</STRONG> (Thumb, 90 bytes, Stack size 16 bytes, use_disp.o(.text), UNUSED)
<BR><BR>[Calls]<UL><LI><a href="#[d5]">&gt;&gt;</a>&nbsp;&nbsp;&nbsp;__aeabi_ui2f
<LI><a href="#[d6]">&gt;&gt;</a>&nbsp;&nbsp;&nbsp;__aeabi_f2d
<LI><a href="#[87]">&gt;&gt;</a>&nbsp;&nbsp;&nbsp;__aeabi_d2uiz
<LI><a href="#[d1]">&gt;&gt;</a>&nbsp;&nbsp;&nbsp;__aeabi_memcpy4
<LI><a href="#[d7]">&gt;&gt;</a>&nbsp;&nbsp;&nbsp;pow
</UL>
<BR>[Called By]<UL><LI><a href="#[15b]">&gt;&gt;</a>&nbsp;&nbsp;&nbsp;Disp_Set_InputNum
<LI><a href="#[15a]">&gt;&gt;</a>&nbsp;&nbsp;&nbsp;Disp_Set_InputpreNum
<LI><a href="#[159]">&gt;&gt;</a>&nbsp;&nbsp;&nbsp;Disp_Set_InputpreSecNum
</UL>

<P><STRONG><a name="[d8]"></a>Input_Set_CovPre</STRONG> (Thumb, 64 bytes, Stack size 16 bytes, use_disp.o(.text), UNUSED)
<BR><BR>[Calls]<UL><LI><a href="#[d5]">&gt;&gt;</a>&nbsp;&nbsp;&nbsp;__aeabi_ui2f
<LI><a href="#[d6]">&gt;&gt;</a>&nbsp;&nbsp;&nbsp;__aeabi_f2d
<LI><a href="#[87]">&gt;&gt;</a>&nbsp;&nbsp;&nbsp;__aeabi_d2uiz
<LI><a href="#[d1]">&gt;&gt;</a>&nbsp;&nbsp;&nbsp;__aeabi_memcpy4
<LI><a href="#[d7]">&gt;&gt;</a>&nbsp;&nbsp;&nbsp;pow
</UL>
<BR>[Called By]<UL><LI><a href="#[15a]">&gt;&gt;</a>&nbsp;&nbsp;&nbsp;Disp_Set_InputpreNum
</UL>

<P><STRONG><a name="[d9]"></a>Disp_Cp_D</STRONG> (Thumb, 98 bytes, Stack size 16 bytes, use_disp.o(.text), UNUSED)
<BR><BR>[Calls]<UL><LI><a href="#[64]">&gt;&gt;</a>&nbsp;&nbsp;&nbsp;LCD_ShowFontCN_40_55
</UL>

<P><STRONG><a name="[da]"></a>Disp_Cp_Q</STRONG> (Thumb, 98 bytes, Stack size 16 bytes, use_disp.o(.text), UNUSED)
<BR><BR>[Calls]<UL><LI><a href="#[64]">&gt;&gt;</a>&nbsp;&nbsp;&nbsp;LCD_ShowFontCN_40_55
</UL>

<P><STRONG><a name="[db]"></a>Disp_Cp_G</STRONG> (Thumb, 98 bytes, Stack size 16 bytes, use_disp.o(.text), UNUSED)
<BR><BR>[Calls]<UL><LI><a href="#[64]">&gt;&gt;</a>&nbsp;&nbsp;&nbsp;LCD_ShowFontCN_40_55
</UL>

<P><STRONG><a name="[dc]"></a>Disp_Cp_Rp</STRONG> (Thumb, 96 bytes, Stack size 16 bytes, use_disp.o(.text), UNUSED)
<BR><BR>[Calls]<UL><LI><a href="#[64]">&gt;&gt;</a>&nbsp;&nbsp;&nbsp;LCD_ShowFontCN_40_55
</UL>

[...]
<LI><a href="#[151]">&gt;&gt;</a>&nbsp;&nbsp;&nbsp;__aeabi_fdiv
<LI><a href="#[150]">&gt;&gt;</a>&nbsp;&nbsp;&nbsp;__aeabi_fadd
</UL>

<P><STRONG><a name="[203]"></a>_float_epilogue</STRONG> (Thumb, 92 bytes, Stack size 4 bytes, fepilogue.o(.text))
<BR><BR>[Stack]<UL><LI>Max Depth = 4<LI>Call Chain = _float_epilogue
</UL>
<BR>[Called By]<UL><LI><a href="#[d5]">&gt;&gt;</a>&nbsp;&nbsp;&nbsp;__aeabi_ui2f
<LI><a href="#[150]">&gt;&gt;</a>&nbsp;&nbsp;&nbsp;__aeabi_fadd
</UL>

<P><STRONG><a name="[207]"></a>_double_round</STRONG> (Thumb, 30 bytes, Stack size 8 bytes, depilogue.o(.text))
<BR><BR>[Stack]<UL><LI>Max Depth = 8<LI>Call Chain = _double_round
</UL>
<BR>[Called By]<UL><LI><a href="#[86]">&gt;&gt;</a>&nbsp;&nbsp;&nbsp;__aeabi_ddiv
<LI><a href="#[85]">&gt;&gt;</a>&nbsp;&nbsp;&nbsp;__aeabi_dadd
<LI><a href="#[20b]">&gt;&gt;</a>&nbsp;&nbsp;&nbsp;_dsqrt
<LI><a href="#[206]">&gt;&gt;</a>&nbsp;&nbsp;&nbsp;_double_epilogue
</UL>

<P><STRONG><a name="[206]"></a>_double_epilogue</STRONG> (Thumb, 156 bytes, Stack size 32 bytes, depilogue.o(.text))
<BR><BR>[Stack]<UL><LI>Max Depth = 40<LI>Call Chain = _double_epilogue &rArr; _double_round
</UL>
<BR>[Calls]<UL><LI><a href="#[1ff]">&gt;&gt;</a>&nbsp;&nbsp;&nbsp;__aeabi_llsr
<LI><a href="#[200]">&gt;&gt;</a>&nbsp;&nbsp;&nbsp;__aeabi_llsl
<LI><a href="#[207]">&gt;&gt;</a>&nbsp;&nbsp;&nbsp;_double_round
</UL>
<BR>[Called By]<UL><LI><a href="#[83]">&gt;&gt;</a>&nbsp;&nbsp;&nbsp;__aeabi_ui2d
<LI><a href="#[80]">&gt;&gt;</a>&nbsp;&nbsp;&nbsp;__aeabi_i2d
<LI><a href="#[84]">&gt;&gt;</a>&nbsp;&nbsp;&nbsp;__aeabi_dmul
<LI><a href="#[85]">&gt;&gt;</a>&nbsp;&nbsp;&nbsp;__aeabi_dadd
</UL>

<P><STRONG><a name="[214]"></a>__ARM_scalbn</STRONG> (Thumb, 46 bytes, Stack size 16 bytes, dscalb.o(.text))
<BR><BR>[Stack]<UL><LI>Max Depth = 16<LI>Call Chain = __ARM_scalbn
</UL>
<BR>[Called By]<UL><LI><a href="#[215]">&gt;&gt;</a>&nbsp;&nbsp;&nbsp;__mathlib_dbl_underflow
<LI><a href="#[213]">&gt;&gt;</a>&nbsp;&nbsp;&nbsp;__mathlib_dbl_overflow
<LI><a href="#[d7]">&gt;&gt;</a>&nbsp;&nbsp;&nbsp;pow
</UL>

<P><STRONG><a name="[265]"></a>scalbn</STRONG> (Thumb, 0 bytes, Stack size 16 bytes, dscalb.o(.text), UNUSED)

<P><STRONG><a name="[209]"></a>__aeabi_d2ulz</STRONG> (Thumb, 48 bytes, Stack size 0 bytes, dfixul.o(.text), UNUSED)
<BR><BR>[Calls]<UL><LI><a href="#[1ff]">&gt;&gt;</a>&nbsp;&nbsp;&nbsp;__aeabi_llsr
<LI><a href="#[200]">&gt;&gt;</a>&nbsp;&nbsp;&nbsp;__aeabi_llsl
</UL>
<BR>[Called By]<UL><LI><a href="#[216]">&gt;&gt;</a>&nbsp;&nbsp;&nbsp;_fp_digits
</UL>

<P><STRONG><a name="[217]"></a>__aeabi_cdrcmple</STRONG> (Thumb, 48 bytes, Stack size 0 bytes, cdrcmple.o(.text))
<BR><BR>[Called By]<UL><LI><a href="#[216]">&gt;&gt;</a>&nbsp;&nbsp;&nbsp;_fp_digits
<LI><a href="#[d7]">&gt;&gt;</a>&nbsp;&nbsp;&nbsp;pow
</UL>

<P><STRONG><a name="[38]"></a>__scatterload</STRONG> (Thumb, 28 bytes, Stack size 0 bytes, init.o(.text))
<BR><BR>[Calls]<UL><LI><a href="#[20a]">&gt;&gt;</a>&nbsp;&nbsp;&nbsp;__main_after_scatterload
</UL>
<BR>[Called By]<UL><LI><a href="#[37]">&gt;&gt;</a>&nbsp;&nbsp;&nbsp;_main_scatterload
</UL>

<P><STRONG><a name="[266]"></a>__scatterload_rt2</STRONG> (Thumb, 0 bytes, Stack size 0 bytes, init.o(.text), UNUSED)

<P><STRONG><a name="[20b]"></a>_dsqrt</STRONG> (Thumb, 162 bytes, Stack size 32 bytes, dsqrt.o(.text))
<BR><BR>[Stack]<UL><LI>Max Depth = 40<LI>Call Chain = _dsqrt &rArr; _double_round
</UL>
<BR>[Calls]<UL><LI><a href="#[1ff]">&gt;&gt;</a>&nbsp;&nbsp;&nbsp;__aeabi_llsr
<LI><a href="#[207]">&gt;&gt;</a>&nbsp;&nbsp;&nbsp;_double_round
</UL>
<BR>[Called By]<UL><LI><a href="#[21c]">&gt;&gt;</a>&nbsp;&nbsp;&nbsp;sqrt
</UL>

<P><STRONG><a name="[267]"></a>__decompress</STRONG> (Thumb, 0 bytes, Stack size unknown bytes, __dczerorl2.o(.text), UNUSED)

<P><STRONG><a name="[268]"></a>__decompress1</STRONG> (Thumb, 86 bytes, Stack size unknown bytes, __dczerorl2.o(.text), UNUSED)

<P><STRONG><a name="[20c]"></a>__0sprintf</STRONG> (Thumb, 34 bytes, Stack size 24 bytes, printfa.o(i.__0sprintf), UNUSED)
<BR><BR>[Calls]<UL><LI><a href="#[36]">&gt;&gt;</a>&nbsp;&nbsp;&nbsp;_sputc
<LI><a href="#[20d]">&gt;&gt;</a>&nbsp;&nbsp;&nbsp;_printf_core
</UL>

<P><STRONG><a name="[269]"></a>__1sprintf</STRONG> (Thumb, 0 bytes, Stack size 24 bytes, printfa.o(i.__0sprintf), UNUSED)

<P><STRONG><a name="[b9]"></a>__2sprintf</STRONG> (Thumb, 0 bytes, Stack size 24 bytes, printfa.o(i.__0sprintf))
<BR><BR>[Stack]<UL><LI>Max Depth = 24<LI>Call Chain = __2sprintf
</UL>
<BR>[Called By]<UL><LI><a href="#[115]">&gt;&gt;</a>&nbsp;&nbsp;&nbsp;SerialRemoteHandleL
<LI><a href="#[112]">&gt;&gt;</a>&nbsp;&nbsp;&nbsp;SetErr_ACK
<LI><a href="#[10c]">&gt;&gt;</a>&nbsp;&nbsp;&nbsp;Send_Request
<LI><a href="#[b8]">&gt;&gt;</a>&nbsp;&nbsp;&nbsp;Disp_Sys_value
</UL>

<P><STRONG><a name="[26a]"></a>__c89sprintf</STRONG> (Thumb, 0 bytes, Stack size 24 bytes, printfa.o(i.__0sprintf), UNUSED)

<P><STRONG><a name="[26b]"></a>sprintf</STRONG> (Thumb, 0 bytes, Stack size 24 bytes, printfa.o(i.__0sprintf), UNUSED)

<P><STRONG><a name="[20e]"></a>__0vsprintf</STRONG> (Thumb, 30 bytes, Stack size 24 bytes, printfa.o(i.__0vsprintf), UNUSED)
<BR><BR>[Calls]<UL><LI><a href="#[36]">&gt;&gt;</a>&nbsp;&nbsp;&nbsp;_sputc
<LI><a href="#[20d]">&gt;&gt;</a>&nbsp;&nbsp;&nbsp;_printf_core
</UL>

<P><STRONG><a name="[26c]"></a>__1vsprintf</STRONG> (Thumb, 0 bytes, Stack size 24 bytes, printfa.o(i.__0vsprintf), UNUSED)

<P><STRONG><a name="[26d]"></a>__2vsprintf</STRONG> (Thumb, 0 bytes, Stack size 24 bytes, printfa.o(i.__0vsprintf), UNUSED)

<P><STRONG><a name="[1b7]"></a>__c89vsprintf</STRONG> (Thumb, 0 bytes, Stack size 24 bytes, printfa.o(i.__0vsprintf), UNUSED)
<BR><BR>[Called By]<UL><LI><a href="#[1b6]">&gt;&gt;</a>&nbsp;&nbsp;&nbsp;_printf
</UL>

<P><STRONG><a name="[26e]"></a>vsprintf</STRONG> (Thumb, 0 bytes, Stack size 24 bytes, printfa.o(i.__0vsprintf), UNUSED)

<P><STRONG><a name="[21d]"></a>__ARM_fpclassify</STRONG> (Thumb, 40 bytes, Stack size 0 bytes, fpclassify.o(i.__ARM_fpclassify))
<BR><BR>[Called By]<UL><LI><a href="#[d7]">&gt;&gt;</a>&nbsp;&nbsp;&nbsp;pow
</UL>

<P><STRONG><a name="[20f]"></a>__kernel_poly</STRONG> (Thumb, 170 bytes, Stack size 24 bytes, poly.o(i.__kernel_poly))
<BR><BR>[Stack]<UL><LI>Max Depth = 112<LI>Call Chain = __kernel_poly &rArr; __aeabi_dmul &rArr; _double_epilogue &rArr; _double_round
</UL>
<BR>[Calls]<UL><LI><a href="#[84]">&gt;&gt;</a>&nbsp;&nbsp;&nbsp;__aeabi_dmul
<LI><a href="#[85]">&gt;&gt;</a>&nbsp;&nbsp;&nbsp;__aeabi_dadd
</UL>
<BR>[Called By]<UL><LI><a href="#[d7]">&gt;&gt;</a>&nbsp;&nbsp;&nbsp;pow
</UL>

<P><STRONG><a name="[210]"></a>__mathlib_dbl_divzero</STRONG> (Thumb, 12 bytes, Stack size 0 bytes, dunder.o(i.__mathlib_dbl_divzero))
<BR><BR>[Stack]<UL><LI>Max Depth = 40<LI>Call Chain = __mathlib_dbl_divzero &rArr; __aeabi_ddiv &rArr; _double_round
</UL>
<BR>[Calls]<UL><LI><a href="#[86]">&gt;&gt;</a>&nbsp;&nbsp;&nbsp;__aeabi_ddiv
</UL>
<BR>[Called By]<UL><LI><a href="#[d7]">&gt;&gt;</a>&nbsp;&nbsp;&nbsp;pow
</UL>

<P><STRONG><a name="[211]"></a>__mathlib_dbl_infnan2</STRONG> (Thumb, 4 bytes, Stack size 0 bytes, dunder.o(i.__mathlib_dbl_infnan2))
<BR><BR>[Stack]<UL><LI>Max Depth = 88<LI>Call Chain = __mathlib_dbl_infnan2 &rArr; __aeabi_dadd &rArr; _double_epilogue &rArr; _double_round
</UL>
<BR>[Calls]<UL><LI><a href="#[85]">&gt;&gt;</a>&nbsp;&nbsp;&nbsp;__aeabi_dadd
</UL>
<BR>[Called By]<UL><LI><a href="#[d7]">&gt;&gt;</a>&nbsp;&nbsp;&nbsp;pow
</UL>

<P><STRONG><a name="[212]"></a>__mathlib_dbl_invalid</STRONG> (Thumb, 12 bytes, Stack size 0 bytes, dunder.o(i.__mathlib_dbl_invalid))
<BR><BR>[Stack]<UL><LI>Max Depth = 40<LI>Call Chain = __mathlib_dbl_invalid &rArr; __aeabi_ddiv &rArr; _double_round
</UL>
<BR>[Calls]<UL><LI><a href="#[86]">&gt;&gt;</a>&nbsp;&nbsp;&nbsp;__aeabi_ddiv
</UL>
<BR>[Called By]<UL><LI><a href="#[d7]">&gt;&gt;</a>&nbsp;&nbsp;&nbsp;pow
</UL>

<P><STRONG><a name="[213]"></a>__mathlib_dbl_overflow</STRONG> (Thumb, 14 bytes, Stack size 0 bytes, dunder.o(i.__mathlib_dbl_overflow))
<BR><BR>[Stack]<UL><LI>Max Depth = 16<LI>Call Chain = __mathlib_dbl_overflow &rArr; __ARM_scalbn
</UL>
<BR>[Calls]<UL><LI><a href="#[214]">&gt;&gt;</a>&nbsp;&nbsp;&nbsp;__ARM_scalbn
</UL>
<BR>[Called By]<UL><LI><a href="#[d7]">&gt;&gt;</a>&nbsp;&nbsp;&nbsp;pow
</UL>

<P><STRONG><a name="[215]"></a>__mathlib_dbl_underflow</STRONG> (Thumb, 10 bytes, Stack size 0 bytes, dunder.o(i.__mathlib_dbl_underflow))
<BR><BR>[Stack]<UL><LI>Max Depth = 16<LI>Call Chain = __mathlib_dbl_underflow &rArr; __ARM_scalbn
</UL>
<BR>[Calls]<UL><LI><a href="#[214]">&gt;&gt;</a>&nbsp;&nbsp;&nbsp;__ARM_scalbn
</UL>
<BR>[Called By]<UL><LI><a href="#[d7]">&gt;&gt;</a>&nbsp;&nbsp;&nbsp;pow
</UL>

<P><STRONG><a name="[26f]"></a>__scatterload_copy</STRONG> (Thumb, 14 bytes, Stack size unknown bytes, handlers.o(i.__scatterload_copy), UNUSED)

<P><STRONG><a name="[270]"></a>__scatterload_null</STRONG> (Thumb, 2 bytes, Stack size unknown bytes, handlers.o(i.__scatterload_null), UNUSED)

<P><STRONG><a name="[271]"></a>__scatterload_zeroinit</STRONG> (Thumb, 14 bytes, Stack size unknown bytes, handlers.o(i.__scatterload_zeroinit), UNUSED)

<P><STRONG><a name="[21b]"></a>__set_errno</STRONG> (Thumb, 6 bytes, Stack size 0 bytes, errno.o(i.__set_errno))
<BR><BR>[Called By]<UL><LI><a href="#[21c]">&gt;&gt;</a>&nbsp;&nbsp;&nbsp;sqrt
<LI><a href="#[d7]">&gt;&gt;</a>&nbsp;&nbsp;&nbsp;pow
</UL>

<P><STRONG><a name="[d7]"></a>pow</STRONG> (Thumb, 2512 bytes, Stack size 128 bytes, pow.o(i.pow))
<BR><BR>[Stack]<UL><LI>Max Depth = 240<LI>Call Chain = pow &rArr; __kernel_poly &rArr; __aeabi_dmul &rArr; _double_epilogue &rArr; _double_round
</UL>
<BR>[Calls]<UL><LI><a href="#[80]">&gt;&gt;</a>&nbsp;&nbsp;&nbsp;__aeabi_i2d
<LI><a href="#[84]">&gt;&gt;</a>&nbsp;&nbsp;&nbsp;__aeabi_dmul
<LI><a href="#[86]">&gt;&gt;</a>&nbsp;&nbsp;&nbsp;__aeabi_ddiv
<LI><a href="#[85]">&gt;&gt;</a>&nbsp;&nbsp;&nbsp;__aeabi_dadd
<LI><a href="#[13e]">&gt;&gt;</a>&nbsp;&nbsp;&nbsp;__aeabi_dsub
<LI><a href="#[21b]">&gt;&gt;</a>&nbsp;&nbsp;&nbsp;__set_errno
<LI><a href="#[21c]">&gt;&gt;</a>&nbsp;&nbsp;&nbsp;sqrt
<LI><a href="#[20f]">&gt;&gt;</a>&nbsp;&nbsp;&nbsp;__kernel_poly
<LI><a href="#[21d]">&gt;&gt;</a>&nbsp;&nbsp;&nbsp;__ARM_fpclassify
<LI><a href="#[215]">&gt;&gt;</a>&nbsp;&nbsp;&nbsp;__mathlib_dbl_underflow
<LI><a href="#[213]">&gt;&gt;</a>&nbsp;&nbsp;&nbsp;__mathlib_dbl_overflow
<LI><a href="#[212]">&gt;&gt;</a>&nbsp;&nbsp;&nbsp;__mathlib_dbl_invalid
<LI><a href="#[211]">&gt;&gt;</a>&nbsp;&nbsp;&nbsp;__mathlib_dbl_infnan2
<LI><a href="#[210]">&gt;&gt;</a>&nbsp;&nbsp;&nbsp;__mathlib_dbl_divzero
<LI><a href="#[208]">&gt;&gt;</a>&nbsp;&nbsp;&nbsp;__aeabi_drsub
<LI><a href="#[217]">&gt;&gt;</a>&nbsp;&nbsp;&nbsp;__aeabi_cdrcmple
<LI><a href="#[214]">&gt;&gt;</a>&nbsp;&nbsp;&nbsp;__ARM_scalbn
</UL>
<BR>[Called By]<UL><LI><a href="#[d8]">&gt;&gt;</a>&nbsp;&nbsp;&nbsp;Input_Set_CovPre
<LI><a href="#[d4]">&gt;&gt;</a>&nbsp;&nbsp;&nbsp;Input_Set_Cov
<LI><a href="#[52]">&gt;&gt;</a>&nbsp;&nbsp;&nbsp;Test_Process
<LI><a href="#[158]">&gt;&gt;</a>&nbsp;&nbsp;&nbsp;Input_compvalue
<LI><a href="#[14e]">&gt;&gt;</a>&nbsp;&nbsp;&nbsp;Inttofloat
<LI><a href="#[14a]">&gt;&gt;</a>&nbsp;&nbsp;&nbsp;Test_Comp
</UL>

<P><STRONG><a name="[21c]"></a>sqrt</STRONG> (Thumb, 76 bytes, Stack size 24 bytes, sqrt.o(i.sqrt))
<BR><BR>[Stack]<UL><LI>Max Depth = 64<LI>Call Chain = sqrt &rArr; _dsqrt &rArr; _double_round
</UL>
<BR>[Calls]<UL><LI><a href="#[21b]">&gt;&gt;</a>&nbsp;&nbsp;&nbsp;__set_errno
<LI><a href="#[20b]">&gt;&gt;</a>&nbsp;&nbsp;&nbsp;_dsqrt
</UL>
<BR>[Called By]<UL><LI><a href="#[d7]">&gt;&gt;</a>&nbsp;&nbsp;&nbsp;pow
</UL>
<P>
<H3>
Local Symbols
</H3>
<P><STRONG><a name="[3f]"></a>NVIC_EnableIRQ</STRONG> (Thumb, 22 bytes, Stack size 0 bytes, main.o(.text))
<BR><BR>[Called By]<UL><LI><a href="#[33]">&gt;&gt;</a>&nbsp;&nbsp;&nbsp;main
</UL>

<P><STRONG><a name="[40]"></a>NVIC_SetPriority</STRONG> (Thumb, 32 bytes, Stack size 0 bytes, main.o(.text))
<BR><BR>[Called By]<UL><LI><a href="#[33]">&gt;&gt;</a>&nbsp;&nbsp;&nbsp;main
</UL>

<P><STRONG><a name="[5a]"></a>NVIC_EnableIRQ</STRONG> (Thumb, 22 bytes, Stack size 0 bytes, timer.o(.text))
<BR><BR>[Called By]<UL><LI><a href="#[59]">&gt;&gt;</a>&nbsp;&nbsp;&nbsp;init_timer
</UL>

<P><STRONG><a name="[c9]"></a>Disp_SysDot</STRONG> (Thumb, 154 bytes, Stack size 24 bytes, use_disp.o(.text))
<BR><BR>[Stack]<UL><LI>Max Depth = 120<LI>Call Chain = Disp_SysDot &rArr; WriteString_16 &rArr; PutChar &rArr; GetASCIICode &rArr; __aeabi_memcpy
</UL>
<BR>[Calls]<UL><LI><a href="#[6d]">&gt;&gt;</a>&nbsp;&nbsp;&nbsp;WriteString_16
</UL>
<BR>[Called By]<UL><LI><a href="#[c8]">&gt;&gt;</a>&nbsp;&nbsp;&nbsp;Disp_Sys_Item
</UL>

<P><STRONG><a name="[13c]"></a>NVIC_EnableIRQ</STRONG> (Thumb, 22 bytes, Stack size 0 bytes, test.o(.text))
<BR><BR>[Called By]<UL><LI><a href="#[52]">&gt;&gt;</a>&nbsp;&nbsp;&nbsp;Test_Process
<LI><a href="#[53]">&gt;&gt;</a>&nbsp;&nbsp;&nbsp;Soft_Turnon
</UL>

<P><STRONG><a name="[184]"></a>GPIO_GetPointer</STRONG> (Thumb, 52 bytes, Stack size 0 bytes, lpc177x_8x_gpio.o(.text))
<BR><BR>[Called By]<UL><LI><a href="#[79]">&gt;&gt;</a>&nbsp;&nbsp;&nbsp;GPIO_SetValue
<LI><a href="#[78]">&gt;&gt;</a>&nbsp;&nbsp;&nbsp;GPIO_SetDir
<LI><a href="#[7e]">&gt;&gt;</a>&nbsp;&nbsp;&nbsp;GPIO_ReadValue
<LI><a href="#[7b]">&gt;&gt;</a>&nbsp;&nbsp;&nbsp;GPIO_ClearValue
<LI><a href="#[18d]">&gt;&gt;</a>&nbsp;&nbsp;&nbsp;FIO_SetMask
</UL>

<P><STRONG><a name="[18f]"></a>FIO_HalfWordGetPointer</STRONG> (Thumb, 52 bytes, Stack size 0 bytes, lpc177x_8x_gpio.o(.text), UNUSED)
<BR><BR>[Called By]<UL><LI><a href="#[193]">&gt;&gt;</a>&nbsp;&nbsp;&nbsp;FIO_HalfWordReadValue
<LI><a href="#[192]">&gt;&gt;</a>&nbsp;&nbsp;&nbsp;FIO_HalfWordClearValue
<LI><a href="#[191]">&gt;&gt;</a>&nbsp;&nbsp;&nbsp;FIO_HalfWordSetValue
<LI><a href="#[190]">&gt;&gt;</a>&nbsp;&nbsp;&nbsp;FIO_HalfWordSetMask
<LI><a href="#[18e]">&gt;&gt;</a>&nbsp;&nbsp;&nbsp;FIO_HalfWordSetDir
</UL>

<P><STRONG><a name="[195]"></a>FIO_ByteGetPointer</STRONG> (Thumb, 46 bytes, Stack size 0 bytes, lpc177x_8x_gpio.o(.text), UNUSED)
<BR><BR>[Called By]<UL><LI><a href="#[199]">&gt;&gt;</a>&nbsp;&nbsp;&nbsp;FIO_ByteReadValue
<LI><a href="#[198]">&gt;&gt;</a>&nbsp;&nbsp;&nbsp;FIO_ByteClearValue
<LI><a href="#[197]">&gt;&gt;</a>&nbsp;&nbsp;&nbsp;FIO_ByteSetValue
<LI><a href="#[196]">&gt;&gt;</a>&nbsp;&nbsp;&nbsp;FIO_ByteSetMask
<LI><a href="#[194]">&gt;&gt;</a>&nbsp;&nbsp;&nbsp;FIO_ByteSetDir
</UL>

<P><STRONG><a name="[19d]"></a>uart_set_divisors</STRONG> (Thumb, 300 bytes, Stack size 56 bytes, lpc177x_8x_uart.o(.text))
<BR><BR>[Stack]<UL><LI>Max Depth = 96<LI>Call Chain = uart_set_divisors &rArr; __aeabi_uldivmod
</UL>
<BR>[Calls]<UL><LI><a href="#[3e]">&gt;&gt;</a>&nbsp;&nbsp;&nbsp;CLKPWR_GetCLK
<LI><a href="#[19e]">&gt;&gt;</a>&nbsp;&nbsp;&nbsp;__aeabi_uldivmod
</UL>
<BR>[Called By]<UL><LI><a href="#[19f]">&gt;&gt;</a>&nbsp;&nbsp;&nbsp;UART_Init
</UL>

<P><STRONG><a name="[1c0]"></a>MODS_WriteRegValue</STRONG> (Thumb, 128 bytes, Stack size 16 bytes, debug_frmwrk.o(.text))
<BR><BR>[Stack]<UL><LI>Max Depth = 192<LI>Call Chain = MODS_WriteRegValue &rArr; Send_Request &rArr; __aeabi_ui2d &rArr; _double_epilogue &rArr; _double_round
</UL>
<BR>[Calls]<UL><LI><a href="#[10c]">&gt;&gt;</a>&nbsp;&nbsp;&nbsp;Send_Request
<LI><a href="#[b3]">&gt;&gt;</a>&nbsp;&nbsp;&nbsp;Disp_Test_value
</UL>
<BR>[Called By]<UL><LI><a href="#[1c1]">&gt;&gt;</a>&nbsp;&nbsp;&nbsp;MODS_06H
</UL>

<P><STRONG><a name="[1c1]"></a>MODS_06H</STRONG> (Thumb, 140 bytes, Stack size 16 bytes, debug_frmwrk.o(.text))
<BR><BR>[Stack]<UL><LI>Max Depth = 220<LI>Call Chain = MODS_06H &rArr; MODS_SendWithCRC &rArr; UART3SEND &rArr; UARTPutChar &rArr; UART_Send
</UL>
<BR>[Calls]<UL><LI><a href="#[1c2]">&gt;&gt;</a>&nbsp;&nbsp;&nbsp;BEBufToUint16
<LI><a href="#[1bb]">&gt;&gt;</a>&nbsp;&nbsp;&nbsp;MODS_SendWithCRC
<LI><a href="#[1bc]">&gt;&gt;</a>&nbsp;&nbsp;&nbsp;CRC16
<LI><a href="#[1c0]">&gt;&gt;</a>&nbsp;&nbsp;&nbsp;MODS_WriteRegValue
<LI><a href="#[183]">&gt;&gt;</a>&nbsp;&nbsp;&nbsp;DMASendInit
</UL>
<BR>[Called By]<UL><LI><a href="#[12a]">&gt;&gt;</a>&nbsp;&nbsp;&nbsp;RecHandle
</UL>

<P><STRONG><a name="[1c4]"></a>MODS_ReadRegValue</STRONG> (Thumb, 118 bytes, Stack size 20 bytes, debug_frmwrk.o(.text))
<BR><BR>[Stack]<UL><LI>Max Depth = 20<LI>Call Chain = MODS_ReadRegValue
</UL>
<BR>[Called By]<UL><LI><a href="#[1c3]">&gt;&gt;</a>&nbsp;&nbsp;&nbsp;MODS_03H
</UL>

<P><STRONG><a name="[1c3]"></a>MODS_03H</STRONG> (Thumb, 266 bytes, Stack size 104 bytes, debug_frmwrk.o(.text))
<BR><BR>[Stack]<UL><LI>Max Depth = 140<LI>Call Chain = MODS_03H &rArr; DMA_SendWithCRC &rArr; DMASendInit &rArr; GPDMA_Setup
</UL>
<BR>[Calls]<UL><LI><a href="#[1bd]">&gt;&gt;</a>&nbsp;&nbsp;&nbsp;DMA_SendWithCRC
<LI><a href="#[1c2]">&gt;&gt;</a>&nbsp;&nbsp;&nbsp;BEBufToUint16
<LI><a href="#[1c4]">&gt;&gt;</a>&nbsp;&nbsp;&nbsp;MODS_ReadRegValue
</UL>
<BR>[Called By]<UL><LI><a href="#[12a]">&gt;&gt;</a>&nbsp;&nbsp;&nbsp;RecHandle
</UL>

<P><STRONG><a name="[1c5]"></a>PIN_GetPointer</STRONG> (Thumb, 12 bytes, Stack size 0 bytes, lpc177x_8x_pinsel.o(.text))
<BR><BR>[Called By]<UL><LI><a href="#[73]">&gt;&gt;</a>&nbsp;&nbsp;&nbsp;PINSEL_ConfigPin
<LI><a href="#[1ce]">&gt;&gt;</a>&nbsp;&nbsp;&nbsp;PINSEL_SetFilter
<LI><a href="#[1cd]">&gt;&gt;</a>&nbsp;&nbsp;&nbsp;PINSEL_DacEnable
<LI><a href="#[1cc]">&gt;&gt;</a>&nbsp;&nbsp;&nbsp;PINSEL_SetAnalogPinMode
<LI><a href="#[1cb]">&gt;&gt;</a>&nbsp;&nbsp;&nbsp;PINSEL_SetOpenDrainMode
<LI><a href="#[1ca]">&gt;&gt;</a>&nbsp;&nbsp;&nbsp;PINSEL_SetI2CMode
<LI><a href="#[1c9]">&gt;&gt;</a>&nbsp;&nbsp;&nbsp;PINSEL_SetInBufMode
<LI><a href="#[1c8]">&gt;&gt;</a>&nbsp;&nbsp;&nbsp;PINSEL_SetSlewMode
<LI><a href="#[1c7]">&gt;&gt;</a>&nbsp;&nbsp;&nbsp;PINSEL_SetHysMode
<LI><a href="#[1c6]">&gt;&gt;</a>&nbsp;&nbsp;&nbsp;PINSEL_SetPinMode
</UL>

<P><STRONG><a name="[216]"></a>_fp_digits</STRONG> (Thumb, 366 bytes, Stack size 64 bytes, printfa.o(i._fp_digits), UNUSED)
<BR><BR>[Calls]<UL><LI><a href="#[84]">&gt;&gt;</a>&nbsp;&nbsp;&nbsp;__aeabi_dmul
<LI><a href="#[86]">&gt;&gt;</a>&nbsp;&nbsp;&nbsp;__aeabi_ddiv
<LI><a href="#[85]">&gt;&gt;</a>&nbsp;&nbsp;&nbsp;__aeabi_dadd
<LI><a href="#[209]">&gt;&gt;</a>&nbsp;&nbsp;&nbsp;__aeabi_d2ulz
<LI><a href="#[19e]">&gt;&gt;</a>&nbsp;&nbsp;&nbsp;__aeabi_uldivmod
<LI><a href="#[217]">&gt;&gt;</a>&nbsp;&nbsp;&nbsp;__aeabi_cdrcmple
</UL>
<BR>[Called By]<UL><LI><a href="#[20d]">&gt;&gt;</a>&nbsp;&nbsp;&nbsp;_printf_core
</UL>

<P><STRONG><a name="[20d]"></a>_printf_core</STRONG> (Thumb, 1744 bytes, Stack size 136 bytes, printfa.o(i._printf_core), UNUSED)
<BR><BR>[Calls]<UL><LI><a href="#[21a]">&gt;&gt;</a>&nbsp;&nbsp;&nbsp;__aeabi_uidivmod
<LI><a href="#[218]">&gt;&gt;</a>&nbsp;&nbsp;&nbsp;_printf_pre_padding
<LI><a href="#[219]">&gt;&gt;</a>&nbsp;&nbsp;&nbsp;_printf_post_padding
<LI><a href="#[216]">&gt;&gt;</a>&nbsp;&nbsp;&nbsp;_fp_digits
<LI><a href="#[19e]">&gt;&gt;</a>&nbsp;&nbsp;&nbsp;__aeabi_uldivmod
</UL>
<BR>[Called By]<UL><LI><a href="#[20e]">&gt;&gt;</a>&nbsp;&nbsp;&nbsp;__0vsprintf
<LI><a href="#[20c]">&gt;&gt;</a>&nbsp;&nbsp;&nbsp;__0sprintf
</UL>

<P><STRONG><a name="[219]"></a>_printf_post_padding</STRONG> (Thumb, 36 bytes, Stack size 24 bytes, printfa.o(i._printf_post_padding), UNUSED)
<BR><BR>[Called By]<UL><LI><a href="#[20d]">&gt;&gt;</a>&nbsp;&nbsp;&nbsp;_printf_core
</UL>

<P><STRONG><a name="[218]"></a>_printf_pre_padding</STRONG> (Thumb, 46 bytes, Stack size 24 bytes, printfa.o(i._printf_pre_padding), UNUSED)
<BR><BR>[Called By]<UL><LI><a href="#[20d]">&gt;&gt;</a>&nbsp;&nbsp;&nbsp;_printf_core
</UL>

<P><STRONG><a name="[36]"></a>_sputc</STRONG> (Thumb, 10 bytes, Stack size 0 bytes, printfa.o(i._sputc))
<BR><BR>[Called By]<UL><LI><a href="#[20e]">&gt;&gt;</a>&nbsp;&nbsp;&nbsp;__0vsprintf
<LI><a href="#[20c]">&gt;&gt;</a>&nbsp;&nbsp;&nbsp;__0sprintf
</UL>
<BR>[Address Reference Count : 2]<UL><LI> printfa.o(i.__0sprintf)
<LI> printfa.o(i.__0vsprintf)
</UL><P>
<H3>
Undefined Global Symbols
</H3><HR></body></html>
