Component: ARM Compiler 5.06 update 6 (build 750) Tool: armlink [4d35ed]

==============================================================================

Section Cross References

    ex_sdram.o(.text) refers to timer.o(.text) for delayMs
    ex_sdram.o(.text) refers to system_lpc177x_8x.o(.data) for SystemCoreClock
    main.o(.text) refers to lpc177x_8x_gpio.o(.text) for GPIO_GetIntStatus
    main.o(.text) refers to lpc177x_8x_clkpwr.o(.text) for CLKPWR_GetCLK
    main.o(.text) refers to key.o(.text) for HW_keyInt
    main.o(.text) refers to debug_frmwrk.o(.text) for debug_frmwrk_init
    main.o(.text) refers to dma.o(.text) for lpc1788_DMA_Init
    main.o(.text) refers to lpc177x_8x_eeprom.o(.text) for EEPROM_Init
    main.o(.text) refers to rtc.o(.text) for RTC_INT
    main.o(.text) refers to ex_sdram.o(.text) for SDRAM_Init
    main.o(.text) refers to lpc177x_8x_lcd.o(.text) for GLCD_Ctrl
    main.o(.text) refers to touchpanel.o(.text) for delay_ms
    main.o(.text) refers to test.o(.text) for Test_Process
    main.o(.text) refers to globalvalue.o(.data) for softswitch
    main.o(.text) refers to globalvalue.o(.data) for SystemStatus
    main.o(.text) refers to logo.o(.data) for LogoPic
    main.o(.text) refers to main.o(.data) for .data
    timer.o(.text) refers to test.o(.text) for EncodeScan
    timer.o(.text) refers to system_lpc177x_8x.o(.data) for PeripheralClock
    timer.o(.text) refers to timer.o(.data) for .data
    timer.o(.text) refers to test.o(.data) for Tick_10ms
    timer.o(.text) refers to globalvalue.o(.data) for mainswitch
    lpc177x_8x_lcd.o(.text) refers to asciilib.o(.text) for GetASCIICode
    lpc177x_8x_lcd.o(.text) refers to system_lpc177x_8x.o(.data) for PeripheralClock
    lpc177x_8x_lcd.o(.text) refers to lpc177x_8x_lcd.o(.constdata) for .constdata
    lpc177x_8x_lcd.o(.text) refers to lpc177x_8x_lcd.o(.data) for .data
    lpc177x_8x_lcd.o(.text) refers to asciilib.o(.constdata) for _num
    lpc177x_8x_lcd.o(.text) refers to asciilib.o(.constdata) for _num16
    lpc177x_8x_lcd.o(.text) refers to globalvalue.o(.bss) for DispBuf
    logo.o(.data) refers to logo.o(.constdata) for LogoStream
    logo.o(.data) refers to logo.o(.conststring) for .conststring
    touchpanel.o(.text) refers to lpc177x_8x_ssp.o(.text) for SSP_ReadWrite
    touchpanel.o(.text) refers to lpc177x_8x_pinsel.o(.text) for PINSEL_ConfigPin
    touchpanel.o(.text) refers to lpc177x_8x_gpio.o(.text) for GPIO_SetDir
    touchpanel.o(.text) refers to memseta.o(.text) for __aeabi_memclr4
    touchpanel.o(.text) refers to dflti.o(.text) for __aeabi_i2d
    touchpanel.o(.text) refers to cdcmple.o(.text) for __aeabi_cdcmpeq
    touchpanel.o(.text) refers to dfltui.o(.text) for __aeabi_ui2d
    touchpanel.o(.text) refers to dmul.o(.text) for __aeabi_dmul
    touchpanel.o(.text) refers to dadd.o(.text) for __aeabi_dadd
    touchpanel.o(.text) refers to ddiv.o(.text) for __aeabi_ddiv
    touchpanel.o(.text) refers to dfixui.o(.text) for __aeabi_d2uiz
    touchpanel.o(.text) refers to touchpanel.o(.bss) for .bss
    touchpanel.o(.text) refers to touchpanel.o(.data) for .data
    touchpanel.o(.text) refers to lpc177x_8x_lcd.o(.text) for lcd_Clear
    use_disp.o(.text) refers to lpc177x_8x_lcd.o(.text) for LCD_DrawLine
    use_disp.o(.text) refers to lpc177x_8x_lcd.o(.data) for Colour
    use_disp.o(.text) refers to use_disp.o(.constdata) for .constdata
    use_disp.o(.text) refers to globalvalue.o(.bss) for SaveSIM
    use_disp.o(.text) refers to asciilib.o(.constdata) for Out_Assic
    use_disp.o(.text) refers to globalvalue.o(.bss) for SaveData
    use_disp.o(.text) refers to globalvalue.o(.bss) for DispBuf
    use_disp.o(.text) refers to test.o(.data) for coder_flag
    use_disp.o(.text) refers to printfa.o(i.__0sprintf) for __2sprintf
    use_disp.o(.text) refers to globalvalue.o(.bss) for Saveeeprom
    use_disp.o(.text) refers to rtc.o(.bss) for RTC_TIME_DISP
    use_disp.o(.text) refers to memmovea.o(.text) for __aeabi_memcpy4
    use_disp.o(.text) refers to use_disp.o(.data) for .data
    use_disp.o(.text) refers to ffltui.o(.text) for __aeabi_ui2f
    use_disp.o(.text) refers to f2d.o(.text) for __aeabi_f2d
    use_disp.o(.text) refers to pow.o(i.pow) for pow
    use_disp.o(.text) refers to dfixui.o(.text) for __aeabi_d2uiz
    use_disp.o(.text) refers to asciilib.o(.constdata) for _C
    use_disp.o(.text) refers to asciilib.o(.constdata) for _p
    use_disp.o(.text) refers to key.o(.text) for HW_KeyScsn
    use_disp.o(.text) refers to ddiv.o(.text) for __aeabi_ddiv
    use_disp.o(.text) refers to dmul.o(.text) for __aeabi_dmul
    use_disp.o(.text) refers to d2f.o(.text) for __aeabi_d2f
    use_disp.o(.text) refers to fmul.o(.text) for __aeabi_fmul
    use_disp.o(.text) refers to ffixui.o(.text) for __aeabi_f2uiz
    use_disp.o(.text) refers to main.o(.text) for Delay
    use_disp.o(.text) refers to debug_frmwrk.o(.text) for UARTPuts
    use_disp.o(.text) refers to globalvalue.o(.data) for SystemStatus
[...]
    Disp_Test_Set_Item                       0x0001c09b   Thumb Code   248  use_disp.o(.text)
    Disp_RangeDispValue                      0x0001c193   Thumb Code   454  use_disp.o(.text)
    Disp_Range_ComDispValue                  0x0001c359   Thumb Code   160  use_disp.o(.text)
    Disp_Scan_Compvalue                      0x0001c3f9   Thumb Code   414  use_disp.o(.text)
    Disp_Scan_SetCompvalue                   0x0001c597   Thumb Code   788  use_disp.o(.text)
    Disp_LIMIT_ComDispValue                  0x0001c8ab   Thumb Code   238  use_disp.o(.text)
    Disp_Test_value                          0x0001c999   Thumb Code  1012  use_disp.o(.text)
    DispSet_value                            0x0001cd8d   Thumb Code   512  use_disp.o(.text)
    Disp_Set_Unit_12                         0x0001cf8d   Thumb Code    26  use_disp.o(.text)
    Disp_LimitSEt_value                      0x0001cfa7   Thumb Code  1302  use_disp.o(.text)
    Disp_Debug_value                         0x0001d4bd   Thumb Code  1112  use_disp.o(.text)
    Disp_Sys_value                           0x0001d915   Thumb Code  2026  use_disp.o(.text)
    Disp_Usercheck_Screen                    0x0001e0ff   Thumb Code    26  use_disp.o(.text)
    Disp_FacrCheck_Item                      0x0001e119   Thumb Code   216  use_disp.o(.text)
    Disp_FacCal                              0x0001e1f1   Thumb Code   626  use_disp.o(.text)
    Disp_Fac_Debug_R                         0x0001e463   Thumb Code   388  use_disp.o(.text)
    Disp_Fac_Debug_C                         0x0001e5e7   Thumb Code   488  use_disp.o(.text)
    Disp_UserCheck_Item                      0x0001e7cf   Thumb Code   118  use_disp.o(.text)
    Disp_LimitList_MidRect                   0x0001e845   Thumb Code    22  use_disp.o(.text)
    Disp_LimitList_Screen                    0x0001e85b   Thumb Code    14  use_disp.o(.text)
    Disp_LimitList_Item                      0x0001e869   Thumb Code   448  use_disp.o(.text)
    Disp_ListScan_MidRect                    0x0001ea29   Thumb Code    22  use_disp.o(.text)
    Disp_ListScan_Screen                     0x0001ea3f   Thumb Code    14  use_disp.o(.text)
    Disp_ListScan_Item                       0x0001ea4d   Thumb Code   182  use_disp.o(.text)
    Disp_SysLine                             0x0001eb03   Thumb Code   174  use_disp.o(.text)
    Disp_Sys_Screen                          0x0001ebb1   Thumb Code    26  use_disp.o(.text)
    Disp_Sys_Item                            0x0001ebcb   Thumb Code   226  use_disp.o(.text)
    Disp_serve_Screen                        0x0001ecad   Thumb Code    26  use_disp.o(.text)
    Disp_Serve_correction                    0x0001ecc7   Thumb Code   156  use_disp.o(.text)
    Disp_Start_Corr                          0x0001ed63   Thumb Code    88  use_disp.o(.text)
    Disp_Serve_correctionR                   0x0001edbb   Thumb Code   162  use_disp.o(.text)
    Disp_Correction_Set                      0x0001ee5d   Thumb Code   354  use_disp.o(.text)
    Disp_Correction_SetR                     0x0001efbf   Thumb Code   256  use_disp.o(.text)
    Time_Set_Cot                             0x0001f0bf   Thumb Code    16  use_disp.o(.text)
    Time_Set_Cov                             0x0001f0cf   Thumb Code   334  use_disp.o(.text)
    Freq_Set_Cov                             0x0001f21d   Thumb Code   254  use_disp.o(.text)
    Input_Set_Cov                            0x0001f31b   Thumb Code    90  use_disp.o(.text)
    Input_Set_CovPre                         0x0001f375   Thumb Code    64  use_disp.o(.text)
    Disp_Cp_D                                0x0001f3b5   Thumb Code    98  use_disp.o(.text)
    Disp_Cp_Q                                0x0001f417   Thumb Code    98  use_disp.o(.text)
    Disp_Cp_G                                0x0001f479   Thumb Code    98  use_disp.o(.text)
    Disp_Cp_Rp                               0x0001f4db   Thumb Code    96  use_disp.o(.text)
    Disp_Cs_Rs                               0x0001f53b   Thumb Code    96  use_disp.o(.text)
    Disp_Cs_D                                0x0001f59b   Thumb Code    98  use_disp.o(.text)
    Disp_Cs_Q                                0x0001f5fd   Thumb Code    98  use_disp.o(.text)
    Disp_Lp_Q                                0x0001f65f   Thumb Code    98  use_disp.o(.text)
    Disp_Lp_Rp                               0x0001f6c1   Thumb Code   148  use_disp.o(.text)
    Disp_Lp_Rd                               0x0001f755   Thumb Code    98  use_disp.o(.text)
    Disp_Lp_D                                0x0001f7b7   Thumb Code    98  use_disp.o(.text)
    Disp_Lp_G                                0x0001f819   Thumb Code    98  use_disp.o(.text)
    Disp_Ls_D                                0x0001f87b   Thumb Code    98  use_disp.o(.text)
    Disp_Ls_Q                                0x0001f8dd   Thumb Code    98  use_disp.o(.text)
    Disp_Ls_Rs                               0x0001f93f   Thumb Code    96  use_disp.o(.text)
    Disp_Ls_Rd                               0x0001f99f   Thumb Code    98  use_disp.o(.text)
    Disp_Z_d                                 0x0001fa01   Thumb Code    96  use_disp.o(.text)
    Disp_Z_r                                 0x0001fa61   Thumb Code    98  use_disp.o(.text)
    Disp_Y_d                                 0x0001fac3   Thumb Code    96  use_disp.o(.text)
    Disp_Y_r                                 0x0001fb23   Thumb Code   150  use_disp.o(.text)
    Disp_R_X                                 0x0001fbb9   Thumb Code   100  use_disp.o(.text)
    Disp_Rs_Q                                0x0001fc1d   Thumb Code    98  use_disp.o(.text)
    Disp_Rp_Q                                0x0001fc7f   Thumb Code    98  use_disp.o(.text)
    Disp_G_B                                 0x0001fce1   Thumb Code    96  use_disp.o(.text)
    Disp_Button_Fun_Set                      0x0001fd41   Thumb Code   708  use_disp.o(.text)
    FAN_CTRL                                 0x00020005   Thumb Code    64  use_disp.o(.text)
    Disp_Testvalue                           0x00020045   Thumb Code   488  use_disp.o(.text)
    Disp_Big_MainUnit                        0x0002022d   Thumb Code    70  use_disp.o(.text)
    Disp_Big_SecondUnit                      0x00020273   Thumb Code    90  use_disp.o(.text)
    Start_Correction                         0x000202cd   Thumb Code    60  use_disp.o(.text)
    Init_C                                   0x00020309   Thumb Code    54  use_disp.o(.text)
    Correction_C                             0x0002033f   Thumb Code    76  use_disp.o(.text)
    Save_C                                   0x0002038b   Thumb Code    52  use_disp.o(.text)
    Init_R                                   0x000203bf   Thumb Code   156  use_disp.o(.text)
    Correction_R                             0x0002045b   Thumb Code    76  use_disp.o(.text)
    Save_R                                   0x000204a7   Thumb Code    52  use_disp.o(.text)
    Exit_correction                          0x000204db   Thumb Code    64  use_disp.o(.text)
    Clear_Instr                              0x0002051b   Thumb Code    22  use_disp.o(.text)
    Close_Clear                              0x00020531   Thumb Code    22  use_disp.o(.text)
    Open_Clear                               0x00020547   Thumb Code    22  use_disp.o(.text)
    Short_Clear                              0x0002055d   Thumb Code    22  use_disp.o(.text)
    Send_Freq                                0x00020573   Thumb Code    50  use_disp.o(.text)
    Send_UartStart                           0x000205a5   Thumb Code   162  use_disp.o(.text)
    softdelay                                0x00020647   Thumb Code    12  use_disp.o(.text)
    Send_Request                             0x00020653   Thumb Code   386  use_disp.o(.text)
    SetErr_ACK                               0x000207d5   Thumb Code   114  use_disp.o(.text)
    SerialRemoteHandleL                      0x00020847   Thumb Code   780  use_disp.o(.text)
    Send_Main_Ord                            0x00020b53   Thumb Code   102  use_disp.o(.text)
    Disp_Range_DispMainUnit                  0x00020bb9   Thumb Code    58  use_disp.o(.text)
    Disp_Range_DispSecondUnit                0x00020bf3   Thumb Code    62  use_disp.o(.text)
    Disp_RangeTestvalue                      0x00020c31   Thumb Code   100  use_disp.o(.text)
    Disp_Range_Num                           0x00020c95   Thumb Code    20  use_disp.o(.text)
    Disp_RangeCount                          0x00020ca9   Thumb Code    80  use_disp.o(.text)
    Disp_Test_Unit_v                         0x00020cf9   Thumb Code    12  use_disp.o(.text)
    Disp_Test_Unit_mA                        0x00020d05   Thumb Code    12  use_disp.o(.text)
    Savetoeeprom                             0x00020d11   Thumb Code    22  use_disp.o(.text)
    ReadComp                                 0x00020d27   Thumb Code   146  use_disp.o(.text)
    ReadSavedata                             0x00020db9   Thumb Code    22  use_disp.o(.text)
    lcd_image                                0x00020dcf   Thumb Code    40  use_disp.o(.text)
    Send_Uart3                               0x00020df7   Thumb Code     8  use_disp.o(.text)
    Disp_Usbflag                             0x00020dff   Thumb Code    50  use_disp.o(.text)
    Disp_switch                              0x00020e31   Thumb Code    52  use_disp.o(.text)
    GetASCIICode                             0x00020f25   Thumb Code    16  asciilib.o(.text)
    GetASCIICode_12                          0x00020f35   Thumb Code    28  asciilib.o(.text)
    CMD_Resend                               0x00020f59   Thumb Code    30  test.o(.text)
    Read_Temp                                0x00020f77   Thumb Code     8  test.o(.text)
    MODS_Poll                                0x00020f7f   Thumb Code    40  test.o(.text)
    input_password                           0x00020fa7   Thumb Code   590  test.o(.text)
    Power_Process                            0x000211f5   Thumb Code   216  test.o(.text)
    Send_T0_USB                              0x000212cd   Thumb Code   430  test.o(.text)
    EncoderHandler                           0x0002147b   Thumb Code    56  test.o(.text)
    EncodeScan                               0x000214b3   Thumb Code    68  test.o(.text)
    Disp_NumKeyboard_time                    0x000214f7   Thumb Code   570  test.o(.text)
    Disp_Set_T                               0x00021731   Thumb Code    86  test.o(.text)
    Disp_NumKeyboard_Set                     0x00021787   Thumb Code   586  test.o(.text)
    Disp_Set_C                               0x000219d1   Thumb Code    84  test.o(.text)
    Disp_Set_Num                             0x00021a25   Thumb Code    72  test.o(.text)
    Test_Process                             0x00021a6d   Thumb Code  1402  test.o(.text)
    File_Process                             0x00021fe7   Thumb Code    22  test.o(.text)
    Setup_Process                            0x00021ffd   Thumb Code   546  test.o(.text)
    Data_StoreProcess                        0x0002221f   Thumb Code    22  test.o(.text)
    Test_Comp_Fmq                            0x00022235   Thumb Code    62  test.o(.text)
    Test_Comp                                0x00022273   Thumb Code   774  test.o(.text)
    Range_Process                            0x00022579   Thumb Code   298  test.o(.text)
    Inttofloat                               0x000226a3   Thumb Code   100  test.o(.text)
    Set_Compbcd_float                        0x00022707   Thumb Code   206  test.o(.text)
    Range_CountProcess                       0x000227d5   Thumb Code   310  test.o(.text)
    ItemProcess                              0x0002290b   Thumb Code   404  test.o(.text)
    Freq_Set_Num                             0x00022a9f   Thumb Code   100  test.o(.text)
    Use_ITEMSetProcess                       0x00022b03   Thumb Code   518  test.o(.text)
    Input_compvalue                          0x00022d09   Thumb Code   798  test.o(.text)
    Disp_Set_InputpreSecNum                  0x00023027   Thumb Code    76  test.o(.text)
    Disp_Set_InputpreNum                     0x00023073   Thumb Code    92  test.o(.text)
    Disp_Set_InputNum                        0x000230cf   Thumb Code    74  test.o(.text)
    Use_LimitSetProcess                      0x00023119   Thumb Code   786  test.o(.text)
    Use_SysSetProcess                        0x0002342b   Thumb Code  1650  test.o(.text)
    Use_DebugProcess                         0x00023a9d   Thumb Code   304  test.o(.text)
    input_num                                0x00023bcd   Thumb Code   486  test.o(.text)
    Fac_DebugProcess                         0x00023db3   Thumb Code   910  test.o(.text)
    Uart_Process                             0x00024141   Thumb Code    56  test.o(.text)
    Avg_Test                                 0x00024179   Thumb Code    60  test.o(.text)
    PackStandFrame                           0x000241b5   Thumb Code    36  test.o(.text)
    Disp_Set_CompNum                         0x000241d9   Thumb Code    74  test.o(.text)
    Avg_Set_Num                              0x00024223   Thumb Code   154  test.o(.text)
    Set_daot                                 0x000242bd   Thumb Code    74  test.o(.text)
    Write_Usbdata                            0x00024307   Thumb Code    50  test.o(.text)
    Soft_Turnon                              0x00024339   Thumb Code    76  test.o(.text)
    Uart3_Process                            0x00024385   Thumb Code    88  test.o(.text)
    InitGlobalValue                          0x0002441d   Thumb Code    50  globalvalue.o(.text)
    RTC_Init                                 0x00024459   Thumb Code    28  lpc177x_8x_rtc.o(.text)
    RTC_DeInit                               0x00024475   Thumb Code    12  lpc177x_8x_rtc.o(.text)
    RTC_ResetClockTickCounter                0x00024481   Thumb Code    18  lpc177x_8x_rtc.o(.text)
    RTC_Cmd                                  0x00024493   Thumb Code    20  lpc177x_8x_rtc.o(.text)
    RTC_CntIncrIntConfig                     0x000244a7   Thumb Code   166  lpc177x_8x_rtc.o(.text)
    RTC_AlarmIntConfig                       0x0002454d   Thumb Code   166  lpc177x_8x_rtc.o(.text)
    RTC_SetTime                              0x000245f3   Thumb Code   194  lpc177x_8x_rtc.o(.text)
    RTC_GetTime                              0x000246b5   Thumb Code    88  lpc177x_8x_rtc.o(.text)
    RTC_SetFullTime                          0x0002470d   Thumb Code    76  lpc177x_8x_rtc.o(.text)
    RTC_GetFullTime                          0x00024759   Thumb Code    76  lpc177x_8x_rtc.o(.text)
    RTC_SetAlarmTime                         0x000247a5   Thumb Code   200  lpc177x_8x_rtc.o(.text)
    RTC_GetAlarmTime                         0x0002486d   Thumb Code    92  lpc177x_8x_rtc.o(.text)
    RTC_SetFullAlarmTime                     0x000248c9   Thumb Code    78  lpc177x_8x_rtc.o(.text)
    RTC_GetFullAlarmTime                     0x00024917   Thumb Code    78  lpc177x_8x_rtc.o(.text)
    RTC_GetIntPending                        0x00024965   Thumb Code    10  lpc177x_8x_rtc.o(.text)
    RTC_ClearIntPending                      0x0002496f   Thumb Code     8  lpc177x_8x_rtc.o(.text)
    RTC_CalibCounterCmd                      0x00024977   Thumb Code    20  lpc177x_8x_rtc.o(.text)
    RTC_CalibConfig                          0x0002498b   Thumb Code    24  lpc177x_8x_rtc.o(.text)
    RTC_WriteGPREG                           0x000249a3   Thumb Code     8  lpc177x_8x_rtc.o(.text)
    RTC_ReadGPREG                            0x000249ab   Thumb Code     8  lpc177x_8x_rtc.o(.text)
    Start_Debugled                           0x000249b5   Thumb Code    46  key.o(.text)
    Beep_on                                  0x000249e3   Thumb Code    10  key.o(.text)
    Beep_Off                                 0x000249ed   Thumb Code    10  key.o(.text)
    Bais_LedOn                               0x000249f7   Thumb Code    10  key.o(.text)
    FAN_ON                                   0x00024a01   Thumb Code    26  key.o(.text)
    FAN_OFF                                  0x00024a1b   Thumb Code    26  key.o(.text)
    DE485                                    0x00024a35   Thumb Code    26  key.o(.text)
    RE485                                    0x00024a4f   Thumb Code    26  key.o(.text)
    Bais_LedOff                              0x00024a69   Thumb Code    10  key.o(.text)
    Lock_LedOn                               0x00024a73   Thumb Code     8  key.o(.text)
    Lock_LedOff                              0x00024a7b   Thumb Code     8  key.o(.text)
    Lock_Control_On                          0x00024a83   Thumb Code    10  key.o(.text)
    Lock_Control_Off                         0x00024a8d   Thumb Code    10  key.o(.text)
    Plc_pass                                 0x00024a97   Thumb Code    26  key.o(.text)
    Pass_Led                                 0x00024ab1   Thumb Code    24  key.o(.text)
    All_LedOff1                              0x00024ac9   Thumb Code    22  key.o(.text)
    Turnoff_backlight                        0x00024adf   Thumb Code     8  key.o(.text)
    All_LedOff                               0x00024ae7   Thumb Code    34  key.o(.text)
    Plc_Fail                                 0x00024b09   Thumb Code    26  key.o(.text)
    Fail_led                                 0x00024b23   Thumb Code    24  key.o(.text)
    Power_Relay                              0x00024b3b   Thumb Code    34  key.o(.text)
    Power_On_led                             0x00024b5d   Thumb Code    30  key.o(.text)
    Power_Off_led                            0x00024b7b   Thumb Code    30  key.o(.text)
    Turnon_backlight                         0x00024b99   Thumb Code     8  key.o(.text)
    GPIO_485_Config                          0x00024ba1   Thumb Code     2  key.o(.text)
    GPIO_Encoder_Config                      0x00024ba3   Thumb Code     2  key.o(.text)
    GPIO_Led_Configuration                   0x00024ba5   Thumb Code    86  key.o(.text)
    GPIO_Plc_Configuration                   0x00024bfb   Thumb Code    90  key.o(.text)
    GPIO_Key_Configuration                   0x00024c55   Thumb Code   106  key.o(.text)
    _164Delaay                               0x00024cbf   Thumb Code    12  key.o(.text)
    HW_Sendvalueto164                        0x00024ccb   Thumb Code    72  key.o(.text)
    HW_keyInt                                0x00024d13   Thumb Code    14  key.o(.text)
    HW_KeyScsn1                              0x00024d21   Thumb Code   200  key.o(.text)
    HW_KeyScsn                               0x00024de9   Thumb Code    40  key.o(.text)
    Delay_Key                                0x00024e11   Thumb Code    12  key.o(.text)
    Key_Beep                                 0x00024e1d   Thumb Code    26  key.o(.text)
    RTC_IRQHandler                           0x00024e45   Thumb Code    42  rtc.o(.text)
    RTC_INT                                  0x00024e6f   Thumb Code    48  rtc.o(.text)
    lpc1788_DMA_Init                         0x00024ead   Thumb Code   122  dma.o(.text)
    DMA_IRQHandler                           0x00024f27   Thumb Code   202  dma.o(.text)
    DMASendInit                              0x00024ff1   Thumb Code    56  dma.o(.text)
    Reset_Handler                            0x00025045   Thumb Code     8  startup_lpc177x_8x.o(.text)
    NMI_Handler                              0x0002504d   Thumb Code     2  startup_lpc177x_8x.o(.text)
    HardFault_Handler                        0x0002504f   Thumb Code     2  startup_lpc177x_8x.o(.text)
    MemManage_Handler                        0x00025051   Thumb Code     2  startup_lpc177x_8x.o(.text)
    BusFault_Handler                         0x00025053   Thumb Code     2  startup_lpc177x_8x.o(.text)
    UsageFault_Handler                       0x00025055   Thumb Code     2  startup_lpc177x_8x.o(.text)
    SVC_Handler                              0x00025057   Thumb Code     2  startup_lpc177x_8x.o(.text)
    DebugMon_Handler                         0x00025059   Thumb Code     2  startup_lpc177x_8x.o(.text)
    PendSV_Handler                           0x0002505b   Thumb Code     2  startup_lpc177x_8x.o(.text)
    ADC_IRQHandler                           0x0002505f   Thumb Code     0  startup_lpc177x_8x.o(.text)
    BOD_IRQHandler                           0x0002505f   Thumb Code     0  startup_lpc177x_8x.o(.text)
    CANActivity_IRQHandler                   0x0002505f   Thumb Code     0  startup_lpc177x_8x.o(.text)
    CAN_IRQHandler                           0x0002505f   Thumb Code     0  startup_lpc177x_8x.o(.text)
    EEPROM_IRQHandler                        0x0002505f   Thumb Code     0  startup_lpc177x_8x.o(.text)
    EINT0_IRQHandler                         0x0002505f   Thumb Code     0  startup_lpc177x_8x.o(.text)
    EINT1_IRQHandler                         0x0002505f   Thumb Code     0  startup_lpc177x_8x.o(.text)
    EINT2_IRQHandler                         0x0002505f   Thumb Code     0  startup_lpc177x_8x.o(.text)
    EINT3_IRQHandler                         0x0002505f   Thumb Code     0  startup_lpc177x_8x.o(.text)
    ENET_IRQHandler                          0x0002505f   Thumb Code     0  startup_lpc177x_8x.o(.text)
    I2C0_IRQHandler                          0x0002505f   Thumb Code     0  startup_lpc177x_8x.o(.text)
    I2C1_IRQHandler                          0x0002505f   Thumb Code     0  startup_lpc177x_8x.o(.text)
    I2C2_IRQHandler                          0x0002505f   Thumb Code     0  startup_lpc177x_8x.o(.text)
    I2S_IRQHandler                           0x0002505f   Thumb Code     0  startup_lpc177x_8x.o(.text)
    LCD_IRQHandler                           0x0002505f   Thumb Code     0  startup_lpc177x_8x.o(.text)
    MCI_IRQHandler                           0x0002505f   Thumb Code     0  startup_lpc177x_8x.o(.text)
    MCPWM_IRQHandler                         0x0002505f   Thumb Code     0  startup_lpc177x_8x.o(.text)
    PLL0_IRQHandler                          0x0002505f   Thumb Code     0  startup_lpc177x_8x.o(.text)
    PLL1_IRQHandler                          0x0002505f   Thumb Code     0  startup_lpc177x_8x.o(.text)
    PWM0_IRQHandler                          0x0002505f   Thumb Code     0  startup_lpc177x_8x.o(.text)
    PWM1_IRQHandler                          0x0002505f   Thumb Code     0  startup_lpc177x_8x.o(.text)
    QEI_IRQHandler                           0x0002505f   Thumb Code     0  startup_lpc177x_8x.o(.text)
    SPIFI_IRQHandler                         0x0002505f   Thumb Code     0  startup_lpc177x_8x.o(.text)
    SSP0_IRQHandler                          0x0002505f   Thumb Code     0  startup_lpc177x_8x.o(.text)
    SSP1_IRQHandler                          0x0002505f   Thumb Code     0  startup_lpc177x_8x.o(.text)
    SSP2_IRQHandler                          0x0002505f   Thumb Code     0  startup_lpc177x_8x.o(.text)
    UART1_IRQHandler                         0x0002505f   Thumb Code     0  startup_lpc177x_8x.o(.text)
    UART2_IRQHandler                         0x0002505f   Thumb Code     0  startup_lpc177x_8x.o(.text)
    UART4_IRQHandler                         0x0002505f   Thumb Code     0  startup_lpc177x_8x.o(.text)
    USBActivity_IRQHandler                   0x0002505f   Thumb Code     0  startup_lpc177x_8x.o(.text)
    WDT_IRQHandler                           0x0002505f   Thumb Code     0  startup_lpc177x_8x.o(.text)
    SystemCoreClockUpdate                    0x00025069   Thumb Code   284  system_lpc177x_8x.o(.text)
    SystemInit                               0x00025185   Thumb Code   134  system_lpc177x_8x.o(.text)
    GPIO_SetDir                              0x000252b7   Thumb Code    28  lpc177x_8x_gpio.o(.text)
    GPIO_SetValue                            0x000252d3   Thumb Code    16  lpc177x_8x_gpio.o(.text)
    GPIO_ClearValue                          0x000252e3   Thumb Code    16  lpc177x_8x_gpio.o(.text)
    GPIO_OutputValue                         0x000252f3   Thumb Code     6  lpc177x_8x_gpio.o(.text)
    GPIO_ReadValue                           0x000252f9   Thumb Code    14  lpc177x_8x_gpio.o(.text)
    GPIO_IntCmd                              0x00025307   Thumb Code    58  lpc177x_8x_gpio.o(.text)
    GPIO_GetIntStatus                        0x00025341   Thumb Code    64  lpc177x_8x_gpio.o(.text)
    GPIO_ClearInt                            0x00025381   Thumb Code    22  lpc177x_8x_gpio.o(.text)
    FIO_SetDir                               0x00025397   Thumb Code     2  lpc177x_8x_gpio.o(.text)
    FIO_SetValue                             0x00025399   Thumb Code     2  lpc177x_8x_gpio.o(.text)
    FIO_ClearValue                           0x0002539b   Thumb Code     2  lpc177x_8x_gpio.o(.text)
    FIO_ReadValue                            0x0002539d   Thumb Code     2  lpc177x_8x_gpio.o(.text)
    FIO_IntCmd                               0x0002539f   Thumb Code     2  lpc177x_8x_gpio.o(.text)
    FIO_GetIntStatus                         0x000253a1   Thumb Code     2  lpc177x_8x_gpio.o(.text)
    FIO_ClearInt                             0x000253a3   Thumb Code     2  lpc177x_8x_gpio.o(.text)
    FIO_SetMask                              0x000253a5   Thumb Code    28  lpc177x_8x_gpio.o(.text)
    FIO_HalfWordSetDir                       0x000253c1   Thumb Code    50  lpc177x_8x_gpio.o(.text)
    FIO_HalfWordSetMask                      0x000253f3   Thumb Code    50  lpc177x_8x_gpio.o(.text)
    FIO_HalfWordSetValue                     0x00025425   Thumb Code    24  lpc177x_8x_gpio.o(.text)
    FIO_HalfWordClearValue                   0x0002543d   Thumb Code    24  lpc177x_8x_gpio.o(.text)
    FIO_HalfWordReadValue                    0x00025455   Thumb Code    22  lpc177x_8x_gpio.o(.text)
    FIO_ByteSetDir                           0x0002546b   Thumb Code    40  lpc177x_8x_gpio.o(.text)
    FIO_ByteSetMask                          0x00025493   Thumb Code    44  lpc177x_8x_gpio.o(.text)
    FIO_ByteSetValue                         0x000254bf   Thumb Code    24  lpc177x_8x_gpio.o(.text)
    FIO_ByteClearValue                       0x000254d7   Thumb Code    24  lpc177x_8x_gpio.o(.text)
    FIO_ByteReadValue                        0x000254ef   Thumb Code    24  lpc177x_8x_gpio.o(.text)
    CLKPWR_SetCLKDiv                         0x00025511   Thumb Code    62  lpc177x_8x_clkpwr.o(.text)
    CLKPWR_GetCLK                            0x0002554f   Thumb Code    34  lpc177x_8x_clkpwr.o(.text)
    CLKPWR_ConfigPPWR                        0x00025571   Thumb Code    28  lpc177x_8x_clkpwr.o(.text)
    CLKPWR_Sleep                             0x0002558d   Thumb Code    12  lpc177x_8x_clkpwr.o(.text)
    CLKPWR_DeepSleep                         0x00025599   Thumb Code    18  lpc177x_8x_clkpwr.o(.text)
    CLKPWR_PowerDown                         0x000255ab   Thumb Code    18  lpc177x_8x_clkpwr.o(.text)
    CLKPWR_DeepPowerDown                     0x000255bd   Thumb Code    18  lpc177x_8x_clkpwr.o(.text)
    SSP_Init                                 0x000255e9   Thumb Code   128  lpc177x_8x_ssp.o(.text)
    SSP_DeInit                               0x00025669   Thumb Code    30  lpc177x_8x_ssp.o(.text)
    SSP_GetDataSize                          0x00025687   Thumb Code     8  lpc177x_8x_ssp.o(.text)
    SSP_ConfigStructInit                     0x0002568f   Thumb Code    20  lpc177x_8x_ssp.o(.text)
    SSP_Cmd                                  0x000256a3   Thumb Code    20  lpc177x_8x_ssp.o(.text)
    SSP_LoopBackCmd                          0x000256b7   Thumb Code    20  lpc177x_8x_ssp.o(.text)
    SSP_SlaveOutputCmd                       0x000256cb   Thumb Code    20  lpc177x_8x_ssp.o(.text)
    SSP_SendData                             0x000256df   Thumb Code     4  lpc177x_8x_ssp.o(.text)
    SSP_ReceiveData                          0x000256e3   Thumb Code     6  lpc177x_8x_ssp.o(.text)
    SSP_ReadWrite                            0x000256e9   Thumb Code   380  lpc177x_8x_ssp.o(.text)
    SSP_GetStatus                            0x00025865   Thumb Code    10  lpc177x_8x_ssp.o(.text)
    SSP_IntConfig                            0x0002586f   Thumb Code    20  lpc177x_8x_ssp.o(.text)
    SSP_GetRawIntStatus                      0x00025883   Thumb Code    10  lpc177x_8x_ssp.o(.text)
    SSP_GetRawIntStatusReg                   0x0002588d   Thumb Code     4  lpc177x_8x_ssp.o(.text)
    SSP_GetIntStatus                         0x00025891   Thumb Code    10  lpc177x_8x_ssp.o(.text)
    SSP_ClearIntPending                      0x0002589b   Thumb Code     4  lpc177x_8x_ssp.o(.text)
    SSP_DMACmd                               0x0002589f   Thumb Code    20  lpc177x_8x_ssp.o(.text)
    UART_Init                                0x000259ed   Thumb Code   230  lpc177x_8x_uart.o(.text)
    UART_TxCmd                               0x00025ad3   Thumb Code    26  lpc177x_8x_uart.o(.text)
    UART_DeInit                              0x00025aed   Thumb Code    76  lpc177x_8x_uart.o(.text)
    UART_ConfigStructInit                    0x00025b39   Thumb Code    18  lpc177x_8x_uart.o(.text)
    UART_SendByte                            0x00025b4b   Thumb Code     6  lpc177x_8x_uart.o(.text)
    UART_ReceiveByte                         0x00025b51   Thumb Code     6  lpc177x_8x_uart.o(.text)
    UART_Send                                0x00025b57   Thumb Code   112  lpc177x_8x_uart.o(.text)
    UART_Receive                             0x00025bc7   Thumb Code    82  lpc177x_8x_uart.o(.text)
    UART_ForceBreak                          0x00025c19   Thumb Code    12  lpc177x_8x_uart.o(.text)
    UART_IntConfig                           0x00025c25   Thumb Code    84  lpc177x_8x_uart.o(.text)
    UART_GetLineStatus                       0x00025c79   Thumb Code    14  lpc177x_8x_uart.o(.text)
    UART_GetIntId                            0x00025c87   Thumb Code    10  lpc177x_8x_uart.o(.text)
    UART_CheckBusy                           0x00025c91   Thumb Code    14  lpc177x_8x_uart.o(.text)
    UART_FIFOConfig                          0x00025c9f   Thumb Code    64  lpc177x_8x_uart.o(.text)
    UART_FIFOConfigStructInit                0x00025cdf   Thumb Code    14  lpc177x_8x_uart.o(.text)
    UART_ABCmd                               0x00025ced   Thumb Code   102  lpc177x_8x_uart.o(.text)
    UART_ABClearIntPending                   0x00025d53   Thumb Code    10  lpc177x_8x_uart.o(.text)
    UART_IrDAInvtInputCmd                    0x00025d5d   Thumb Code    46  lpc177x_8x_uart.o(.text)
    UART_IrDACmd                             0x00025d8b   Thumb Code    22  lpc177x_8x_uart.o(.text)
    UART_IrDAPulseDivConfig                  0x00025da1   Thumb Code    24  lpc177x_8x_uart.o(.text)
    UART_FullModemForcePinState              0x00025db9   Thumb Code    36  lpc177x_8x_uart.o(.text)
    UART_FullModemConfigMode                 0x00025ddd   Thumb Code    42  lpc177x_8x_uart.o(.text)
    UART_FullModemGetStatus                  0x00025e07   Thumb Code     4  lpc177x_8x_uart.o(.text)
    UART_RS485Config                         0x00025e0b   Thumb Code    88  lpc177x_8x_uart.o(.text)
    UART_RS485ReceiverCmd                    0x00025e63   Thumb Code    22  lpc177x_8x_uart.o(.text)
    UART_RS485Send                           0x00025e79   Thumb Code    52  lpc177x_8x_uart.o(.text)
    UART_RS485SendSlvAddr                    0x00025ead   Thumb Code    14  lpc177x_8x_uart.o(.text)
    UART_RS485SendData                       0x00025ebb   Thumb Code     4  lpc177x_8x_uart.o(.text)
    UARTPutChar                              0x00025ec5   Thumb Code    14  debug_frmwrk.o(.text)
    UARTGetChar                              0x00025ed3   Thumb Code    24  debug_frmwrk.o(.text)
    UARTPuts                                 0x00025eeb   Thumb Code    30  debug_frmwrk.o(.text)
    UARTGetValue                             0x00025f09   Thumb Code   276  debug_frmwrk.o(.text)
    UART3SEND                                0x0002601d   Thumb Code    40  debug_frmwrk.o(.text)
    UARTPuts_                                0x00026045   Thumb Code    18  debug_frmwrk.o(.text)
    UARTPutDec                               0x00026057   Thumb Code    72  debug_frmwrk.o(.text)
    UARTPutDec16                             0x0002609f   Thumb Code   126  debug_frmwrk.o(.text)
    UARTPutDec32                             0x0002611d   Thumb Code   258  debug_frmwrk.o(.text)
    UARTPutHex_                              0x0002621f   Thumb Code    42  debug_frmwrk.o(.text)
    UARTPutHex                               0x00026249   Thumb Code    48  debug_frmwrk.o(.text)
    UARTPutHex16_                            0x00026279   Thumb Code    42  debug_frmwrk.o(.text)
    UARTPutHex16                             0x000262a3   Thumb Code    48  debug_frmwrk.o(.text)
    UARTPutHex32_                            0x000262d3   Thumb Code    42  debug_frmwrk.o(.text)
    UARTPutHex32                             0x000262fd   Thumb Code    48  debug_frmwrk.o(.text)
    _printf                                  0x0002632d   Thumb Code    30  debug_frmwrk.o(.text)
    debug_frmwrk_init                        0x0002634b   Thumb Code   300  debug_frmwrk.o(.text)
    Uart0RecTimeOut                          0x00026477   Thumb Code    36  debug_frmwrk.o(.text)
    UART0_IRQHandler                         0x0002649b   Thumb Code    98  debug_frmwrk.o(.text)
    CRC16                                    0x000264fd   Thumb Code    38  debug_frmwrk.o(.text)
    MODS_SendWithCRC                         0x00026523   Thumb Code    52  debug_frmwrk.o(.text)
    BEBufToUint16                            0x00026557   Thumb Code     6  debug_frmwrk.o(.text)
    DMA_SendWithCRC                          0x0002655d   Thumb Code    42  debug_frmwrk.o(.text)
    debug_uart3_init                         0x00026587   Thumb Code   170  debug_frmwrk.o(.text)
    UART3_IRQHandler                         0x00026631   Thumb Code    52  debug_frmwrk.o(.text)
    RecHandle                                0x000268f1   Thumb Code    18  debug_frmwrk.o(.text)
    PINSEL_ConfigPin                         0x00026909   Thumb Code    20  lpc177x_8x_pinsel.o(.text)
    PINSEL_SetPinMode                        0x0002691d   Thumb Code    20  lpc177x_8x_pinsel.o(.text)
    PINSEL_SetHysMode                        0x00026931   Thumb Code    26  lpc177x_8x_pinsel.o(.text)
    PINSEL_SetSlewMode                       0x0002694b   Thumb Code    26  lpc177x_8x_pinsel.o(.text)
    PINSEL_SetInBufMode                      0x00026965   Thumb Code    26  lpc177x_8x_pinsel.o(.text)
    PINSEL_SetI2CMode                        0x0002697f   Thumb Code    22  lpc177x_8x_pinsel.o(.text)
    PINSEL_SetOpenDrainMode                  0x00026995   Thumb Code    26  lpc177x_8x_pinsel.o(.text)
    PINSEL_SetAnalogPinMode                  0x000269af   Thumb Code   102  lpc177x_8x_pinsel.o(.text)
    PINSEL_DacEnable                         0x00026a15   Thumb Code    36  lpc177x_8x_pinsel.o(.text)
    PINSEL_SetFilter                         0x00026a39   Thumb Code    48  lpc177x_8x_pinsel.o(.text)
    EEPROM_Init                              0x00026a79   Thumb Code   100  lpc177x_8x_eeprom.o(.text)
    EEPROM_Write                             0x00026add   Thumb Code   220  lpc177x_8x_eeprom.o(.text)
    EEPROM_Read                              0x00026bb9   Thumb Code   198  lpc177x_8x_eeprom.o(.text)
    EEPROM_Erase                             0x00026c7f   Thumb Code    70  lpc177x_8x_eeprom.o(.text)
    EEPROM_PowerDown                         0x00026cc5   Thumb Code    16  lpc177x_8x_eeprom.o(.text)
    GPDMA_Init                               0x00026ce1   Thumb Code    54  lpc177x_8x_gpdma.o(.text)
    GPDMA_Setup                              0x00026d17   Thumb Code   418  lpc177x_8x_gpdma.o(.text)
    GPDMA_ChannelCmd                         0x00026eb9   Thumb Code    26  lpc177x_8x_gpdma.o(.text)
    GPDMA_IntGetStatus                       0x00026ed3   Thumb Code    52  lpc177x_8x_gpdma.o(.text)
    GPDMA_ClearIntPending                    0x00026f07   Thumb Code    18  lpc177x_8x_gpdma.o(.text)
    FAT_GetFATType                           0x00026f2d   Thumb Code    32  usbhost_fat.o(.text)
    FAT_Init                                 0x00026f4d   Thumb Code   238  usbhost_fat.o(.text)
    FAT_PutSFN                               0x0002703b   Thumb Code   142  usbhost_fat.o(.text)
    FAT_ChkEntType                           0x000270c9   Thumb Code    32  usbhost_fat.o(.text)
    FAT_GetFreeEntry                         0x000270e9   Thumb Code    90  usbhost_fat.o(.text)
    FAT_StrCaseCmp                           0x00027143   Thumb Code    52  usbhost_fat.o(.text)
    FAT_GetSfnExt                            0x00027177   Thumb Code    40  usbhost_fat.o(.text)
    FAT_GetSfnName                           0x0002719f   Thumb Code    30  usbhost_fat.o(.text)
    FAT_GetSFN                               0x000271bd   Thumb Code    60  usbhost_fat.o(.text)
    FAT_FindEntry                            0x000271f9   Thumb Code   140  usbhost_fat.o(.text)
    FAT_CreateEntry                          0x00027285   Thumb Code    36  usbhost_fat.o(.text)
    FILE_Open                                0x000272a9   Thumb Code    68  usbhost_fat.o(.text)
    FAT_ClusRead                             0x000272ed   Thumb Code   202  usbhost_fat.o(.text)
    FAT_GetNextClus                          0x000273b7   Thumb Code    56  usbhost_fat.o(.text)
    FILE_Read                                0x000273ef   Thumb Code   162  usbhost_fat.o(.text)
    FAT_UpdateFAT                            0x00027491   Thumb Code    64  usbhost_fat.o(.text)
    FAT_GetFreeClus                          0x000274d1   Thumb Code    80  usbhost_fat.o(.text)
    FAT_ClusWrite                            0x00027521   Thumb Code   218  usbhost_fat.o(.text)
    FAT_GetEndClus                           0x000275fb   Thumb Code    20  usbhost_fat.o(.text)
    FILE_Write                               0x0002760f   Thumb Code   206  usbhost_fat.o(.text)
    FAT_UpdateEntry                          0x000276dd   Thumb Code    48  usbhost_fat.o(.text)
    FILE_Close                               0x0002770d   Thumb Code    70  usbhost_fat.o(.text)
    Host_DelayUS                             0x0002775d   Thumb Code    18  usbhost_lpc17xx.o(.text)
    Host_DelayMS                             0x0002776f   Thumb Code    34  usbhost_lpc17xx.o(.text)
    Host_HCCAInit                            0x00027791   Thumb Code    24  usbhost_lpc17xx.o(.text)
    Host_TDInit                              0x000277a9   Thumb Code    12  usbhost_lpc17xx.o(.text)
    Host_EDInit                              0x000277b5   Thumb Code    12  usbhost_lpc17xx.o(.text)
    Host_Init                                0x000277c1   Thumb Code   342  usbhost_lpc17xx.o(.text)
    USB_IRQHandler                           0x00027917   Thumb Code   208  usbhost_lpc17xx.o(.text)
    Host_WDHWait                             0x000279e7   Thumb Code    14  usbhost_lpc17xx.o(.text)
    Host_ProcessTD                           0x000279f5   Thumb Code   146  usbhost_lpc17xx.o(.text)
    WriteLE16U                               0x00027a87   Thumb Code    16  usbhost_lpc17xx.o(.text)
    Host_FillSetup                           0x00027a97   Thumb Code    64  usbhost_lpc17xx.o(.text)
    Host_CtrlSend                            0x00027ad7   Thumb Code    68  usbhost_lpc17xx.o(.text)
    ReadLE16U                                0x00027b1b   Thumb Code    20  usbhost_lpc17xx.o(.text)
    Host_CtrlRecv                            0x00027b2f   Thumb Code    68  usbhost_lpc17xx.o(.text)
    Host_EnumDev                             0x00027b73   Thumb Code   316  usbhost_lpc17xx.o(.text)
    ReadLE32U                                0x00027caf   Thumb Code    28  usbhost_lpc17xx.o(.text)
    WriteLE32U                               0x00027ccb   Thumb Code    16  usbhost_lpc17xx.o(.text)
    ReadBE32U                                0x00027cdb   Thumb Code    28  usbhost_lpc17xx.o(.text)
    WriteBE32U                               0x00027cf7   Thumb Code    16  usbhost_lpc17xx.o(.text)
    ReadBE16U                                0x00027d07   Thumb Code    20  usbhost_lpc17xx.o(.text)
    WriteBE16U                               0x00027d1b   Thumb Code    16  usbhost_lpc17xx.o(.text)
    Fill_MSCommand                           0x00027d2d   Thumb Code   144  usbhost_ms.o(.text)
    MS_Inquire                               0x00027dbd   Thumb Code   124  usbhost_ms.o(.text)
    MS_ReadCapacity                          0x00027e39   Thumb Code   124  usbhost_ms.o(.text)
    MS_GetSenseInfo                          0x00027eb5   Thumb Code    96  usbhost_ms.o(.text)
    MS_TestUnitReady                         0x00027f15   Thumb Code    76  usbhost_ms.o(.text)
    MS_GetMaxLUN                             0x00027f61   Thumb Code    26  usbhost_ms.o(.text)
    MS_Init                                  0x00027f7b   Thumb Code    64  usbhost_ms.o(.text)
    MS_ParseConfiguration                    0x00027fbb   Thumb Code   170  usbhost_ms.o(.text)
    MS_BulkRecv                              0x00028065   Thumb Code   126  usbhost_ms.o(.text)
    MS_BulkSend                              0x000280e3   Thumb Code   130  usbhost_ms.o(.text)
    __aeabi_uldivmod                         0x00028165   Thumb Code    98  uldiv.o(.text)
    ___aeabi_memcpy8$move                    0x000281c7   Thumb Code     0  memmovea.o(.text)
    __aeabi_memcpy                           0x000281c7   Thumb Code    64  memmovea.o(.text)
    __aeabi_memcpy4                          0x000281c7   Thumb Code     0  memmovea.o(.text)
    __aeabi_memmove                          0x000281c7   Thumb Code     0  memmovea.o(.text)
    __aeabi_memmove4                         0x000281c7   Thumb Code     0  memmovea.o(.text)
    __aeabi_memmove8                         0x000281c7   Thumb Code     0  memmovea.o(.text)
    __aeabi_memset                           0x00028207   Thumb Code    14  memseta.o(.text)
    __aeabi_memset4                          0x00028207   Thumb Code     0  memseta.o(.text)
    __aeabi_memset8                          0x00028207   Thumb Code     0  memseta.o(.text)
    __aeabi_memclr                           0x00028215   Thumb Code     4  memseta.o(.text)
    __aeabi_memclr4                          0x00028215   Thumb Code     0  memseta.o(.text)
    __aeabi_memclr8                          0x00028215   Thumb Code     0  memseta.o(.text)
    _memset$wrapper                          0x00028219   Thumb Code    18  memseta.o(.text)
    strcat                                   0x0002822b   Thumb Code    24  strcat.o(.text)
    strlen                                   0x00028243   Thumb Code    14  strlen.o(.text)
    strcmp                                   0x00028251   Thumb Code    28  strcmp.o(.text)
    strncat                                  0x0002826d   Thumb Code    40  strncat.o(.text)
    strcpy                                   0x00028295   Thumb Code    18  strcpy.o(.text)
    strncmp                                  0x000282a7   Thumb Code    30  strncmp.o(.text)
    __aeabi_fadd                             0x000282c5   Thumb Code   164  fadd.o(.text)
    __aeabi_fsub                             0x00028369   Thumb Code     6  fadd.o(.text)
    __aeabi_frsub                            0x0002836f   Thumb Code     6  fadd.o(.text)
    __aeabi_fmul                             0x00028375   Thumb Code   100  fmul.o(.text)
    __aeabi_fdiv                             0x000283d9   Thumb Code   124  fdiv.o(.text)
    __aeabi_dadd                             0x00028455   Thumb Code   322  dadd.o(.text)
    __aeabi_dsub                             0x00028597   Thumb Code     6  dadd.o(.text)
    __aeabi_drsub                            0x0002859d   Thumb Code     6  dadd.o(.text)
    __aeabi_dmul                             0x000285a3   Thumb Code   228  dmul.o(.text)
    __aeabi_ddiv                             0x00028687   Thumb Code   222  ddiv.o(.text)
    __aeabi_ui2f                             0x00028765   Thumb Code    10  ffltui.o(.text)
    __aeabi_i2d                              0x0002876f   Thumb Code    34  dflti.o(.text)
    __aeabi_ui2d                             0x00028791   Thumb Code    26  dfltui.o(.text)
    __aeabi_f2uiz                            0x000287ab   Thumb Code    40  ffixui.o(.text)
    __aeabi_d2uiz                            0x000287d3   Thumb Code    50  dfixui.o(.text)
    __aeabi_f2d                              0x00028805   Thumb Code    38  f2d.o(.text)
    __aeabi_cdcmpeq                          0x0002882d   Thumb Code     0  cdcmple.o(.text)
    __aeabi_cdcmple                          0x0002882d   Thumb Code    48  cdcmple.o(.text)
    __aeabi_d2f                              0x0002885d   Thumb Code    56  d2f.o(.text)
    __aeabi_cfcmpeq                          0x00028895   Thumb Code     0  cfcmple.o(.text)
    __aeabi_cfcmple                          0x00028895   Thumb Code    20  cfcmple.o(.text)
    __aeabi_cfrcmple                         0x000288a9   Thumb Code    20  cfrcmple.o(.text)
    __aeabi_uidiv                            0x000288bd   Thumb Code     0  uidiv.o(.text)
    __aeabi_uidivmod                         0x000288bd   Thumb Code    44  uidiv.o(.text)
    __aeabi_llsl                             0x000288e9   Thumb Code    30  llshl.o(.text)
    _ll_shift_l                              0x000288e9   Thumb Code     0  llshl.o(.text)
    __aeabi_llsr                             0x00028907   Thumb Code    32  llushr.o(.text)
    _ll_ushift_r                             0x00028907   Thumb Code     0  llushr.o(.text)
    __aeabi_lasr                             0x00028927   Thumb Code    36  llsshr.o(.text)
    _ll_sshift_r                             0x00028927   Thumb Code     0  llsshr.o(.text)
    __I$use$fp                               0x0002894b   Thumb Code     0  iusefp.o(.text)
    _float_round                             0x0002894b   Thumb Code    18  fepilogue.o(.text)
    _float_epilogue                          0x0002895d   Thumb Code    92  fepilogue.o(.text)
    _double_round                            0x000289b9   Thumb Code    30  depilogue.o(.text)
    _double_epilogue                         0x000289d7   Thumb Code   156  depilogue.o(.text)
    __ARM_scalbn                             0x00028a73   Thumb Code    46  dscalb.o(.text)
    scalbn                                   0x00028a73   Thumb Code     0  dscalb.o(.text)
    __aeabi_d2ulz                            0x00028aa1   Thumb Code    48  dfixul.o(.text)
    __aeabi_cdrcmple                         0x00028ad1   Thumb Code    48  cdrcmple.o(.text)
    __scatterload                            0x00028b01   Thumb Code    28  init.o(.text)
    __scatterload_rt2                        0x00028b01   Thumb Code     0  init.o(.text)
    _dsqrt                                   0x00028b25   Thumb Code   162  dsqrt.o(.text)
    __decompress                             0x00028bc7   Thumb Code     0  __dczerorl2.o(.text)
    __decompress1                            0x00028bc7   Thumb Code    86  __dczerorl2.o(.text)
    __0sprintf                               0x00028c1d   Thumb Code    34  printfa.o(i.__0sprintf)
    __1sprintf                               0x00028c1d   Thumb Code     0  printfa.o(i.__0sprintf)
    __2sprintf                               0x00028c1d   Thumb Code     0  printfa.o(i.__0sprintf)
    __c89sprintf                             0x00028c1d   Thumb Code     0  printfa.o(i.__0sprintf)
    sprintf                                  0x00028c1d   Thumb Code     0  printfa.o(i.__0sprintf)
    __0vsprintf                              0x00028c45   Thumb Code    30  printfa.o(i.__0vsprintf)
    __1vsprintf                              0x00028c45   Thumb Code     0  printfa.o(i.__0vsprintf)
    __2vsprintf                              0x00028c45   Thumb Code     0  printfa.o(i.__0vsprintf)
    __c89vsprintf                            0x00028c45   Thumb Code     0  printfa.o(i.__0vsprintf)
    vsprintf                                 0x00028c45   Thumb Code     0  printfa.o(i.__0vsprintf)
    __ARM_fpclassify                         0x00028c69   Thumb Code    40  fpclassify.o(i.__ARM_fpclassify)
    __kernel_poly                            0x00028c91   Thumb Code   170  poly.o(i.__kernel_poly)
    __mathlib_dbl_divzero                    0x00028d3d   Thumb Code    12  dunder.o(i.__mathlib_dbl_divzero)
    __mathlib_dbl_infnan2                    0x00028d4d   Thumb Code     4  dunder.o(i.__mathlib_dbl_infnan2)
    __mathlib_dbl_invalid                    0x00028d51   Thumb Code    12  dunder.o(i.__mathlib_dbl_invalid)
    __mathlib_dbl_overflow                   0x00028d5d   Thumb Code    14  dunder.o(i.__mathlib_dbl_overflow)
    __mathlib_dbl_underflow                  0x00028d6d   Thumb Code    10  dunder.o(i.__mathlib_dbl_underflow)
    __scatterload_copy                       0x00028d7d   Thumb Code    14  handlers.o(i.__scatterload_copy)
    __scatterload_null                       0x00028d8b   Thumb Code     2  handlers.o(i.__scatterload_null)
    __scatterload_zeroinit                   0x00028d8d   Thumb Code    14  handlers.o(i.__scatterload_zeroinit)
    __set_errno                              0x00028d9d   Thumb Code     6  errno.o(i.__set_errno)
    pow                                      0x00029665   Thumb Code  2512  pow.o(i.pow)
    sqrt                                     0x0002a03d   Thumb Code    76  sqrt.o(i.sqrt)
    GB_21                                    0x0002a088   Data        7735  lpc177x_8x_lcd.o(.constdata)
    GB_16                                    0x0002bebf   Data        5984  lpc177x_8x_lcd.o(.constdata)
    LogoStream                               0x0002d620   Data        1440  logo.o(.constdata)
    User_LimitList_Value                     0x0002dbc8   Data           8  use_disp.o(.constdata)
    Num_1                                    0x0002dbd0   Data          81  use_disp.o(.constdata)
    Test_Setitem_E                           0x0002dc21   Data          80  use_disp.o(.constdata)
    Test_Setitem                             0x0002dc71   Data          90  use_disp.o(.constdata)
    Fac_Calitem                              0x0002dccb   Data          90  use_disp.o(.constdata)
    Fac_ICalitem                             0x0002dd25   Data          90  use_disp.o(.constdata)
    CtrV_Calitem                             0x0002dd7f   Data          90  use_disp.o(.constdata)
    Button_TipPage2                          0x0002ddd9   Data          40  use_disp.o(.constdata)
    Button_TipPage3                          0x0002de01   Data          40  use_disp.o(.constdata)
    User_FUNC                                0x0002de29   Data         216  use_disp.o(.constdata)
    RangeDisp_Main                           0x0002df01   Data          92  use_disp.o(.constdata)
    RangeDisp_Second                         0x0002df5d   Data          92  use_disp.o(.constdata)
    Fun_SelectValue                          0x0002dfb9   Data          28  use_disp.o(.constdata)
    User_Freq                                0x0002dfd5   Data         451  use_disp.o(.constdata)
    User_Level                               0x0002e198   Data          33  use_disp.o(.constdata)
    LevleButton_Tip                          0x0002e1b9   Data          16  use_disp.o(.constdata)
    User_Range                               0x0002e1c9   Data          77  use_disp.o(.constdata)
    RangeButton_Tip                          0x0002e216   Data          32  use_disp.o(.constdata)
    BiasButton_Tip                           0x0002e236   Data          16  use_disp.o(.constdata)
    User_Speed                               0x0002e246   Data          33  use_disp.o(.constdata)
    SpeedButton_Tip                          0x0002e267   Data          24  use_disp.o(.constdata)
    User_Comp                                0x0002e27f   Data          22  use_disp.o(.constdata)
    Limit_Scan_Fun                           0x0002e295   Data          10  use_disp.o(.constdata)
    Limit_Scan_Page                          0x0002e29f   Data          14  use_disp.o(.constdata)
    Sys_Bais_Value                           0x0002e2ad   Data          21  use_disp.o(.constdata)
    Sys_Addr_value                           0x0002e2c2   Data          42  use_disp.o(.constdata)
    Switch_Value                             0x0002e2ec   Data          15  use_disp.o(.constdata)
    IRaly_Value                              0x0002e2fb   Data          15  use_disp.o(.constdata)
    CompButton_Tip                           0x0002e30a   Data          16  use_disp.o(.constdata)
    Setup_Trig                               0x0002e31a   Data          44  use_disp.o(.constdata)
    Setup_Rsou                               0x0002e346   Data          22  use_disp.o(.constdata)
    SetupRev_A_Button_Tip                    0x0002e35c   Data          24  use_disp.o(.constdata)
    Setup_Dcr                                0x0002e374   Data          22  use_disp.o(.constdata)
    Range_Item                               0x0002e38a   Data          48  use_disp.o(.constdata)
    Range_Item_E                             0x0002e3ba   Data          48  use_disp.o(.constdata)
    Set_testitem                             0x0002e3ea   Data          72  use_disp.o(.constdata)
    Set_testitem_E                           0x0002e432   Data          60  use_disp.o(.constdata)
    Sys_Setitem                              0x0002e46e   Data         132  use_disp.o(.constdata)
    Sys_Setitem_E                            0x0002e4f2   Data         132  use_disp.o(.constdata)
    All_TopName                              0x0002e576   Data         242  use_disp.o(.constdata)
    All_TopName_E                            0x0002e668   Data         242  use_disp.o(.constdata)
    Range_Count_Item                         0x0002e75a   Data          21  use_disp.o(.constdata)
    Range_Count_Item_E                       0x0002e76f   Data          21  use_disp.o(.constdata)
    User_Check_Opencircuit                   0x0002e784   Data          16  use_disp.o(.constdata)
    DEBUG_Check_Opencircuit_E                0x0002e794   Data          16  use_disp.o(.constdata)
    User_Check_Shortcircuit                  0x0002e7a4   Data          16  use_disp.o(.constdata)
    User_Check_Item_E                        0x0002e7b4   Data          26  use_disp.o(.constdata)
    User_LimitList_Item                      0x0002e7ce   Data          48  use_disp.o(.constdata)
    User_LimitList_Item_E                    0x0002e7fe   Data          48  use_disp.o(.constdata)
    User_LimitList_Item2                     0x0002e82e   Data          40  use_disp.o(.constdata)
    User_ListScan_Item                       0x0002e856   Data          63  use_disp.o(.constdata)
    User_ListScan_Item_E                     0x0002e895   Data          63  use_disp.o(.constdata)
    Sys_Language_Value                       0x0002e8d4   Data          16  use_disp.o(.constdata)
    Sys_Buard_Value                          0x0002e8e4   Data          56  use_disp.o(.constdata)
    Set_Unit                                 0x0002e91c   Data          60  use_disp.o(.constdata)
    Disp_Unit                                0x0002e958   Data          27  use_disp.o(.constdata)
    Disp_Range_Main_NUm                      0x0002e973   Data          24  use_disp.o(.constdata)
    Disp_Range_Main_Disp                     0x0002e98b   Data          21  use_disp.o(.constdata)
    Correction_Capacitance                   0x0002e9a0   Data          64  use_disp.o(.constdata)
    Correction_Resist                        0x0002e9e0   Data          40  use_disp.o(.constdata)
    NUM_OUT                                  0x0002ea08   Data          44  use_disp.o(.constdata)
    FreqNum                                  0x0002ea40   Data         152  use_disp.o(.constdata)
    _C                                       0x0002f53c   Data         280  asciilib.o(.constdata)
    _p                                       0x0002f654   Data         280  asciilib.o(.constdata)
    _num16                                   0x0002f76c   Data         768  asciilib.o(.constdata)
    _num                                     0x0002fa6c   Data        2720  asciilib.o(.constdata)
    Out_Assic2                               0x0003050c   Data         576  asciilib.o(.constdata)
    Out_Assic                                0x0003074c   Data        8800  asciilib.o(.constdata)
    nBitmapDot                               0x000329ac   Data         144  asciilib.o(.constdata)
    Disp_Unit1                               0x00032a3c   Data           7  test.o(.constdata)
    Disp_Main_Ord                            0x00032a43   Data          69  test.o(.constdata)
    Scan_Value                               0x00032a88   Data           8  key.o(.constdata)
    s_CRCLo                                  0x00032b90   Data         256  debug_frmwrk.o(.constdata)
    GPDMA_LUTPerAddr                         0x00032c90   Data         128  lpc177x_8x_gpdma.o(.constdata)
    GPDMA_LUTPerBurst                        0x00032d10   Data          32  lpc177x_8x_gpdma.o(.constdata)
    GPDMA_LUTPerWid                          0x00032d30   Data          32  lpc177x_8x_gpdma.o(.constdata)
    __mathlib_zero                           0x00032dd8   Data           8  qnan.o(.constdata)
    Region$$Table$$Base                      0x00032e58   Number         0  anon$$obj.o(Region$$Table)
    Region$$Table$$Limit                     0x00032e78   Number         0  anon$$obj.o(Region$$Table)
    SysTickCnt                               0x10000000   Data           4  main.o(.data)
    count1ms                                 0x10000004   Data           2  timer.o(.data)
    timer0_counter                           0x10000008   Data           4  timer.o(.data)
    timer1_counter                           0x1000000c   Data           4  timer.o(.data)
    timer2_counter                           0x10000010   Data           4  timer.o(.data)
    timer3_counter                           0x10000014   Data           4  timer.o(.data)
    spintest                                 0x10000018   Data           4  timer.o(.data)
    Colour                                   0x1000001c   Data           8  lpc177x_8x_lcd.o(.data)
    LogoPic                                  0x10000024   Data          28  logo.o(.data)
    DisplaySample                            0x10000048   Data          12  touchpanel.o(.data)
    Correc_successflag                       0x10000054   Data           1  use_disp.o(.data)
    PRaw                                     0x10000058   Data           4  use_disp.o(.data)
    CmdStr                                   0x1000005c   Data         204  use_disp.o(.data)
    RecStr                                   0x10000128   Data         204  use_disp.o(.data)
    Avg_Count                                0x100001f4   Data           1  test.o(.data)
    primcomp                                 0x100001f5   Data           1  test.o(.data)
    scedcomp                                 0x100001f6   Data           1  test.o(.data)
    coder_flag                               0x100001f7   Data           1  test.o(.data)
    spinbit                                  0x100001f8   Data           1  test.o(.data)
    spinbitmax                               0x100001f9   Data           1  test.o(.data)
    spindelay                                0x100001fa   Data           1  test.o(.data)
    spinsave                                 0x100001fb   Data           1  test.o(.data)
    bootdelay                                0x100001fc   Data           1  test.o(.data)
    PASSWORD                                 0x10000200   Data           4  test.o(.data)
    Tick_10ms                                0x10000204   Data           4  test.o(.data)
    encodertest1                             0x10000224   Data           4  test.o(.data)
    encodertest3                             0x10000228   Data           4  test.o(.data)
    encodertest4                             0x1000022c   Data           4  test.o(.data)
    Irange                                   0x10000230   Data           1  globalvalue.o(.data)
    Prange                                   0x10000231   Data           1  globalvalue.o(.data)
    sendflag                                 0x10000232   Data           1  globalvalue.o(.data)
    Send_Mainord                             0x10000233   Data           6  globalvalue.o(.data)
    usb_oenflag                              0x10000239   Data           1  globalvalue.o(.data)
    Comp_flag                                0x1000023a   Data           1  globalvalue.o(.data)
    debug_over                               0x1000023b   Data           1  globalvalue.o(.data)
    Rtc_intflag                              0x1000023c   Data           1  globalvalue.o(.data)
    mainswitch                               0x1000023d   Data           1  globalvalue.o(.data)
    busyflag                                 0x1000023e   Data           1  globalvalue.o(.data)
    g_mods_timeout                           0x1000023f   Data           1  globalvalue.o(.data)
    softswitch                               0x10000240   Data           1  globalvalue.o(.data)
    temperature                              0x10000241   Data           1  globalvalue.o(.data)
    Uart_Send_Flag                           0x10000242   Data           1  globalvalue.o(.data)
    SystemStatus                             0x10000244   Data           4  globalvalue.o(.data)
    Usb_Open_flag                            0x10000248   Data           1  globalvalue.o(.data)
    DMADest_Buffer                           0x1000024b   Data           8  dma.o(.data)
    SystemCoreClock                          0x10000254   Data           4  system_lpc177x_8x.o(.data)
    PeripheralClock                          0x10000258   Data           4  system_lpc177x_8x.o(.data)
    EMCClock                                 0x1000025c   Data           4  system_lpc177x_8x.o(.data)
    USBClock                                 0x10000260   Data           4  system_lpc177x_8x.o(.data)
    graphunit                                0x10000264   Data           1  debug_frmwrk.o(.data)
    USART_RX_STA                             0x10000266   Data           2  debug_frmwrk.o(.data)
    _db_msg                                  0x10000268   Data           4  debug_frmwrk.o(.data)
    _db_msg_                                 0x1000026c   Data           4  debug_frmwrk.o(.data)
    _db_char                                 0x10000270   Data           4  debug_frmwrk.o(.data)
    _db_dec                                  0x10000274   Data           4  debug_frmwrk.o(.data)
    _db_dec_16                               0x10000278   Data           4  debug_frmwrk.o(.data)
    _db_dec_32                               0x1000027c   Data           4  debug_frmwrk.o(.data)
    _db_hex                                  0x10000280   Data           4  debug_frmwrk.o(.data)
    _db_hex_16                               0x10000284   Data           4  debug_frmwrk.o(.data)
    _db_hex_32                               0x10000288   Data           4  debug_frmwrk.o(.data)
    _db_hex_                                 0x1000028c   Data           4  debug_frmwrk.o(.data)
    _db_hex_16_                              0x10000290   Data           4  debug_frmwrk.o(.data)
    _db_hex_32_                              0x10000294   Data           4  debug_frmwrk.o(.data)
    _db_get_char                             0x10000298   Data           4  debug_frmwrk.o(.data)
    _db_get_val                              0x1000029c   Data           4  debug_frmwrk.o(.data)
    pGPDMACh                                 0x100002a0   Data          32  lpc177x_8x_gpdma.o(.data)
    HOST_TDControlStatus                     0x100002c0   Data           1  usbhost_lpc17xx.o(.data)
    HOST_RhscIntr                            0x100002c4   Data           4  usbhost_lpc17xx.o(.data)
    HOST_WdhIntr                             0x100002c8   Data           4  usbhost_lpc17xx.o(.data)
    UnrecoverableIntCount                    0x100002cc   Data           4  usbhost_lpc17xx.o(.data)
    gUSBConnected                            0x100002d0   Data           4  usbhost_lpc17xx.o(.data)
    EDCtrl                                   0x100002d4   Data           4  usbhost_lpc17xx.o(.data)
    EDBulkIn                                 0x100002d8   Data           4  usbhost_lpc17xx.o(.data)
    EDBulkOut                                0x100002dc   Data           4  usbhost_lpc17xx.o(.data)
    TDHead                                   0x100002e0   Data           4  usbhost_lpc17xx.o(.data)
    TDTail                                   0x100002e4   Data           4  usbhost_lpc17xx.o(.data)
    Hcca                                     0x100002e8   Data           4  usbhost_lpc17xx.o(.data)
    TDBuffer                                 0x100002ec   Data           4  usbhost_lpc17xx.o(.data)
    FATBuffer                                0x100002f0   Data           4  usbhost_lpc17xx.o(.data)
    UserBuffer                               0x100002f4   Data           4  usbhost_lpc17xx.o(.data)
    MS_BlkSize                               0x100002fc   Data           4  usbhost_ms.o(.data)
    dataCfg                                  0x10000308   Data          24  touchpanel.o(.bss)
    matrix                                   0x10000320   Data          56  touchpanel.o(.bss)
    ScreenSample                             0x10000358   Data          12  touchpanel.o(.bss)
    Avg_Test_Main                            0x10000364   Data         150  test.o(.bss)
    Avg_Test_Second                          0x100003fa   Data         150  test.o(.bss)
    USART_RX_BUF                             0x10000490   Data         200  test.o(.bss)
    SaveData                                 0x10000558   Data       15120  globalvalue.o(.bss)
    SaveSIM                                  0x10004068   Data         620  globalvalue.o(.bss)
    Saveeeprom                               0x100042d4   Data         652  globalvalue.o(.bss)
    Test_Dispvalue                           0x10004560   Data         172  globalvalue.o(.bss)
    Comp_Testvalue                           0x1000460c   Data          96  globalvalue.o(.bss)
    Comp_Change                              0x1000466c   Data          80  globalvalue.o(.bss)
    g_tModS                                  0x100046bc   Data         163  globalvalue.o(.bss)
    Count_buff                               0x10004760   Data          48  globalvalue.o(.bss)
    DispBuf                                  0x10004790   Data          12  globalvalue.o(.bss)
    RTC_TIME_DISP                            0x1000479c   Data          32  rtc.o(.bss)
    GPDMACfg                                 0x100047bc   Data          36  dma.o(.bss)
    GPDMACfg1                                0x100047e0   Data          36  dma.o(.bss)
    ComBuf                                   0x10004a06   Data          88  debug_frmwrk.o(.bss)
    ComBuf3                                  0x10004a5e   Data          88  debug_frmwrk.o(.bss)
    __initial_sp                             0x10004ec0   Data           0  startup_lpc177x_8x.o(STACK)



==============================================================================

Memory Map of the image

  Image Entry point : 0x000180e5

  Load Region LR_IROM1 (Base: 0x00018000, Size: 0x0001b17c, Max: 0x00080000, ABSOLUTE, COMPRESSED[0x0001af74])

    Execution Region ER_IROM1 (Exec base: 0x00018000, Load base: 0x00018000, Size: 0x0001ae78, Max: 0x00080000, ABSOLUTE)

    Exec Addr    Load Addr    Size         Type   Attr      Idx    E Section Name        Object

    0x00018000   0x00018000   0x000000e4   Data   RO          629    RESET               startup_lpc177x_8x.o
    0x000180e4   0x000180e4   0x00000000   Code   RO          924  * .ARM.Collect$$$$00000000  mc_w.l(entry.o)
    0x000180e4   0x000180e4   0x00000004   Code   RO         1271    .ARM.Collect$$$$00000001  mc_w.l(entry2.o)
    0x000180e8   0x000180e8   0x00000004   Code   RO         1274    .ARM.Collect$$$$00000004  mc_w.l(entry5.o)
    0x000180ec   0x000180ec   0x00000000   Code   RO         1276    .ARM.Collect$$$$00000008  mc_w.l(entry7b.o)
    0x000180ec   0x000180ec   0x00000000   Code   RO         1278    .ARM.Collect$$$$0000000A  mc_w.l(entry8b.o)
    0x000180ec   0x000180ec   0x00000008   Code   RO         1279    .ARM.Collect$$$$0000000B  mc_w.l(entry9a.o)
    0x000180f4   0x000180f4   0x00000000   Code   RO         1281    .ARM.Collect$$$$0000000D  mc_w.l(entry10a.o)
    0x000180f4   0x000180f4   0x00000000   Code   RO         1283    .ARM.Collect$$$$0000000F  mc_w.l(entry11a.o)
    0x000180f4   0x000180f4   0x00000004   Code   RO         1272    .ARM.Collect$$$$00002712  mc_w.l(entry2.o)
    0x000180f8   0x000180f8   0x00000228   Code   RO            2    .text               ex_sdram.o
    0x00018320   0x00018320   0x000001dc   Code   RO           54    .text               main.o
    0x000184fc   0x000184fc   0x000002b0   Code   RO          164    .text               timer.o
    0x000187ac   0x000187ac   0x00000aec   Code   RO          196    .text               lpc177x_8x_lcd.o
    0x00019298   0x00019298   0x00000548   Code   RO          252    .text               touchpanel.o
    0x000197e0   0x000197e0   0x00007744   Code   RO          274    .text               use_disp.o
    0x00020f24   0x00020f24   0x00000034   Code   RO          366    .text               asciilib.o
    0x00020f58   0x00020f58   0x000034c4   Code   RO          392    .text               test.o
    0x0002441c   0x0002441c   0x0000003c   Code   RO          449    .text               globalvalue.o
    0x00024458   0x00024458   0x0000055a   Code   RO          513    .text               lpc177x_8x_rtc.o
    0x000249b2   0x000249b2   0x00000002   PAD
    0x000249b4   0x000249b4   0x00000490   Code   RO          529    .text               key.o
    0x00024e44   0x00024e44   0x00000068   Code   RO          577    .text               rtc.o
    0x00024eac   0x00024eac   0x00000198   Code   RO          599    .text               dma.o
    0x00025044   0x00025044   0x00000024   Code   RO          630    .text               startup_lpc177x_8x.o
    0x00025068   0x00025068   0x000001b8   Code   RO          635    .text               system_lpc177x_8x.o
    0x00025220   0x00025220   0x000002f0   Code   RO          663    .text               lpc177x_8x_gpio.o
    0x00025510   0x00025510   0x000000d8   Code   RO          699    .text               lpc177x_8x_clkpwr.o
    0x000255e8   0x000255e8   0x000002d8   Code   RO          719    .text               lpc177x_8x_ssp.o
    0x000258c0   0x000258c0   0x00000604   Code   RO          736    .text               lpc177x_8x_uart.o
    0x00025ec4   0x00025ec4   0x00000a44   Code   RO          753    .text               debug_frmwrk.o
    0x00026908   0x00026908   0x00000170   Code   RO          784    .text               lpc177x_8x_pinsel.o
    0x00026a78   0x00026a78   0x00000268   Code   RO          800    .text               lpc177x_8x_eeprom.o
    0x00026ce0   0x00026ce0   0x0000024c   Code   RO          816    .text               lpc177x_8x_gpdma.o
    0x00026f2c   0x00026f2c   0x00000830   Code   RO          839    .text               usbhost_fat.o
    0x0002775c   0x0002775c   0x000005ce   Code   RO          858    .text               usbhost_lpc17xx.o
    0x00027d2a   0x00027d2a   0x00000002   PAD
    0x00027d2c   0x00027d2c   0x00000438   Code   RO          892    .text               usbhost_ms.o
    0x00028164   0x00028164   0x00000062   Code   RO          927    .text               mc_w.l(uldiv.o)
    0x000281c6   0x000281c6   0x00000040   Code   RO          931    .text               mc_w.l(memmovea.o)
    0x00028206   0x00028206   0x00000024   Code   RO          933    .text               mc_w.l(memseta.o)
    0x0002822a   0x0002822a   0x00000018   Code   RO          935    .text               mc_w.l(strcat.o)
    0x00028242   0x00028242   0x0000000e   Code   RO          937    .text               mc_w.l(strlen.o)
    0x00028250   0x00028250   0x0000001c   Code   RO          939    .text               mc_w.l(strcmp.o)
    0x0002826c   0x0002826c   0x00000028   Code   RO          941    .text               mc_w.l(strncat.o)
    0x00028294   0x00028294   0x00000012   Code   RO          943    .text               mc_w.l(strcpy.o)
    0x000282a6   0x000282a6   0x0000001e   Code   RO          945    .text               mc_w.l(strncmp.o)
    0x000282c4   0x000282c4   0x000000b0   Code   RO         1212    .text               mf_w.l(fadd.o)
    0x00028374   0x00028374   0x00000064   Code   RO         1214    .text               mf_w.l(fmul.o)
    0x000283d8   0x000283d8   0x0000007c   Code   RO         1216    .text               mf_w.l(fdiv.o)
    0x00028454   0x00028454   0x0000014e   Code   RO         1218    .text               mf_w.l(dadd.o)
    0x000285a2   0x000285a2   0x000000e4   Code   RO         1220    .text               mf_w.l(dmul.o)
    0x00028686   0x00028686   0x000000de   Code   RO         1222    .text               mf_w.l(ddiv.o)
    0x00028764   0x00028764   0x0000000a   Code   RO         1224    .text               mf_w.l(ffltui.o)
    0x0002876e   0x0002876e   0x00000022   Code   RO         1226    .text               mf_w.l(dflti.o)
    0x00028790   0x00028790   0x0000001a   Code   RO         1228    .text               mf_w.l(dfltui.o)
    0x000287aa   0x000287aa   0x00000028   Code   RO         1230    .text               mf_w.l(ffixui.o)
    0x000287d2   0x000287d2   0x00000032   Code   RO         1232    .text               mf_w.l(dfixui.o)
    0x00028804   0x00028804   0x00000026   Code   RO         1234    .text               mf_w.l(f2d.o)
    0x0002882a   0x0002882a   0x00000002   PAD
    0x0002882c   0x0002882c   0x00000030   Code   RO         1236    .text               mf_w.l(cdcmple.o)
    0x0002885c   0x0002885c   0x00000038   Code   RO         1238    .text               mf_w.l(d2f.o)
    0x00028894   0x00028894   0x00000014   Code   RO         1240    .text               mf_w.l(cfcmple.o)
    0x000288a8   0x000288a8   0x00000014   Code   RO         1242    .text               mf_w.l(cfrcmple.o)
    0x000288bc   0x000288bc   0x0000002c   Code   RO         1288    .text               mc_w.l(uidiv.o)
    0x000288e8   0x000288e8   0x0000001e   Code   RO         1290    .text               mc_w.l(llshl.o)
    0x00028906   0x00028906   0x00000020   Code   RO         1292    .text               mc_w.l(llushr.o)
    0x00028926   0x00028926   0x00000024   Code   RO         1294    .text               mc_w.l(llsshr.o)
    0x0002894a   0x0002894a   0x00000000   Code   RO         1303    .text               mc_w.l(iusefp.o)
    0x0002894a   0x0002894a   0x0000006e   Code   RO         1304    .text               mf_w.l(fepilogue.o)
    0x000289b8   0x000289b8   0x000000ba   Code   RO         1306    .text               mf_w.l(depilogue.o)
    0x00028a72   0x00028a72   0x0000002e   Code   RO         1308    .text               mf_w.l(dscalb.o)
    0x00028aa0   0x00028aa0   0x00000030   Code   RO         1310    .text               mf_w.l(dfixul.o)
    0x00028ad0   0x00028ad0   0x00000030   Code   RO         1312    .text               mf_w.l(cdrcmple.o)
    0x00028b00   0x00028b00   0x00000024   Code   RO         1314    .text               mc_w.l(init.o)
    0x00028b24   0x00028b24   0x000000a2   Code   RO         1318    .text               mf_w.l(dsqrt.o)
    0x00028bc6   0x00028bc6   0x00000056   Code   RO         1328    .text               mc_w.l(__dczerorl2.o)
    0x00028c1c   0x00028c1c   0x00000028   Code   RO         1186    i.__0sprintf        mc_w.l(printfa.o)
    0x00028c44   0x00028c44   0x00000024   Code   RO         1190    i.__0vsprintf       mc_w.l(printfa.o)
    0x00028c68   0x00028c68   0x00000028   Code   RO         1258    i.__ARM_fpclassify  m_ws.l(fpclassify.o)
    0x00028c90   0x00028c90   0x000000aa   Code   RO         1260    i.__kernel_poly     m_ws.l(poly.o)
    0x00028d3a   0x00028d3a   0x00000002   PAD
    0x00028d3c   0x00028d3c   0x00000010   Code   RO         1244    i.__mathlib_dbl_divzero  m_ws.l(dunder.o)
    0x00028d4c   0x00028d4c   0x00000004   Code   RO         1246    i.__mathlib_dbl_infnan2  m_ws.l(dunder.o)
    0x00028d50   0x00028d50   0x0000000c   Code   RO         1247    i.__mathlib_dbl_invalid  m_ws.l(dunder.o)
    0x00028d5c   0x00028d5c   0x0000000e   Code   RO         1248    i.__mathlib_dbl_overflow  m_ws.l(dunder.o)
    0x00028d6a   0x00028d6a   0x00000002   PAD
    0x00028d6c   0x00028d6c   0x00000010   Code   RO         1250    i.__mathlib_dbl_underflow  m_ws.l(dunder.o)
    0x00028d7c   0x00028d7c   0x0000000e   Code   RO         1322    i.__scatterload_copy  mc_w.l(handlers.o)
    0x00028d8a   0x00028d8a   0x00000002   Code   RO         1323    i.__scatterload_null  mc_w.l(handlers.o)
    0x00028d8c   0x00028d8c   0x0000000e   Code   RO         1324    i.__scatterload_zeroinit  mc_w.l(handlers.o)
    0x00028d9a   0x00028d9a   0x00000002   PAD
    0x00028d9c   0x00028d9c   0x0000000c   Code   RO         1298    i.__set_errno       mc_w.l(errno.o)
    0x00028da8   0x00028da8   0x00000184   Code   RO         1191    i._fp_digits        mc_w.l(printfa.o)
    0x00028f2c   0x00028f2c   0x000006dc   Code   RO         1192    i._printf_core      mc_w.l(printfa.o)
    0x00029608   0x00029608   0x00000024   Code   RO         1193    i._printf_post_padding  mc_w.l(printfa.o)
    0x0002962c   0x0002962c   0x0000002e   Code   RO         1194    i._printf_pre_padding  mc_w.l(printfa.o)
    0x0002965a   0x0002965a   0x0000000a   Code   RO         1196    i._sputc            mc_w.l(printfa.o)
    0x00029664   0x00029664   0x000009d8   Code   RO          915    i.pow               m_ws.l(pow.o)
    0x0002a03c   0x0002a03c   0x0000004c   Code   RO         1264    i.sqrt              m_ws.l(sqrt.o)
    0x0002a088   0x0002a088   0x00003597   Data   RO          197    .constdata          lpc177x_8x_lcd.o
    0x0002d61f   0x0002d61f   0x00000001   PAD
    0x0002d620   0x0002d620   0x000005a0   Data   RO          234    .constdata          logo.o
    0x0002dbc0   0x0002dbc0   0x00000e7e   Data   RO          275    .constdata          use_disp.o
    0x0002ea3e   0x0002ea3e   0x00000002   PAD
    0x0002ea40   0x0002ea40   0x00000098   Data   RO          285    .constdata          use_disp.o
    0x0002ead8   0x0002ead8   0x00000a64   Data   RO          367    .constdata          asciilib.o
    0x0002f53c   0x0002f53c   0x00000118   Data   RO          368    .constdata          asciilib.o
    0x0002f654   0x0002f654   0x00000118   Data   RO          369    .constdata          asciilib.o
    0x0002f76c   0x0002f76c   0x00000300   Data   RO          370    .constdata          asciilib.o
    0x0002fa6c   0x0002fa6c   0x00000aa0   Data   RO          371    .constdata          asciilib.o
    0x0003050c   0x0003050c   0x00000240   Data   RO          372    .constdata          asciilib.o
    0x0003074c   0x0003074c   0x00002260   Data   RO          373    .constdata          asciilib.o
    0x000329ac   0x000329ac   0x00000090   Data   RO          374    .constdata          asciilib.o
    0x00032a3c   0x00032a3c   0x00000007   Data   RO          395    .constdata          test.o
    0x00032a43   0x00032a43   0x00000045   Data   RO          398    .constdata          test.o
    0x00032a88   0x00032a88   0x00000008   Data   RO          530    .constdata          key.o
    0x00032a90   0x00032a90   0x00000200   Data   RO          756    .constdata          debug_frmwrk.o
    0x00032c90   0x00032c90   0x000000c0   Data   RO          817    .constdata          lpc177x_8x_gpdma.o
    0x00032d50   0x00032d50   0x00000088   Data   RO          916    .constdata          m_ws.l(pow.o)
    0x00032dd8   0x00032dd8   0x00000008   Data   RO         1262    .constdata          m_ws.l(qnan.o)
    0x00032de0   0x00032de0   0x0000000e   Data   RO          235    .conststring        logo.o
    0x00032dee   0x00032dee   0x00000002   PAD
    0x00032df0   0x00032df0   0x00000009   Data   RO          400    .conststring        test.o
    0x00032df9   0x00032df9   0x00000003   PAD
    0x00032dfc   0x00032dfc   0x00000059   Data   RO          757    .conststring        debug_frmwrk.o
    0x00032e55   0x00032e55   0x00000003   PAD
    0x00032e58   0x00032e58   0x00000020   Data   RO         1320    Region$$Table       anon$$obj.o


    Execution Region RW_IRAM1 (Exec base: 0x10000000, Load base: 0x00032e78, Size: 0x00004ec0, Max: 0x00010000, ABSOLUTE, COMPRESSED[0x000000fc])

    Exec Addr    Load Addr    Size         Type   Attr      Idx    E Section Name        Object

    0x10000000   COMPRESSED   0x00000004   Data   RW           56    .data               main.o
    0x10000004   COMPRESSED   0x00000014   Data   RW          165    .data               timer.o
    0x10000018   COMPRESSED   0x00000004   Data   RW          166    .data               timer.o
    0x1000001c   COMPRESSED   0x00000008   Data   RW          198    .data               lpc177x_8x_lcd.o
    0x10000024   COMPRESSED   0x0000001c   Data   RW          236    .data               logo.o
    0x10000040   COMPRESSED   0x00000014   Data   RW          254    .data               touchpanel.o
    0x10000054   COMPRESSED   0x000001a0   Data   RW          325    .data               use_disp.o
    0x100001f4   COMPRESSED   0x0000003c   Data   RW          401    .data               test.o
    0x10000230   COMPRESSED   0x00000001   Data   RW          459    .data               globalvalue.o
    0x10000231   COMPRESSED   0x00000001   Data   RW          460    .data               globalvalue.o
    0x10000232   COMPRESSED   0x00000001   Data   RW          462    .data               globalvalue.o
    0x10000233   COMPRESSED   0x00000006   Data   RW          463    .data               globalvalue.o
    0x10000239   COMPRESSED   0x00000001   Data   RW          464    .data               globalvalue.o
    0x1000023a   COMPRESSED   0x00000001   Data   RW          466    .data               globalvalue.o
    0x1000023b   COMPRESSED   0x00000001   Data   RW          467    .data               globalvalue.o
    0x1000023c   COMPRESSED   0x00000001   Data   RW          468    .data               globalvalue.o
    0x1000023d   COMPRESSED   0x00000001   Data   RW          469    .data               globalvalue.o
    0x1000023e   COMPRESSED   0x00000001   Data   RW          474    .data               globalvalue.o
    0x1000023f   COMPRESSED   0x00000001   Data   RW          478    .data               globalvalue.o
    0x10000240   COMPRESSED   0x00000001   Data   RW          483    .data               globalvalue.o
    0x10000241   COMPRESSED   0x00000001   Data   RW          484    .data               globalvalue.o
    0x10000242   COMPRESSED   0x00000001   Data   RW          485    .data               globalvalue.o
    0x10000243   COMPRESSED   0x00000001   PAD
    0x10000244   COMPRESSED   0x00000004   Data   RW          488    .data               globalvalue.o
    0x10000248   COMPRESSED   0x00000001   Data   RW          491    .data               globalvalue.o
    0x10000249   COMPRESSED   0x00000002   Data   RW          531    .data               key.o
    0x1000024b   COMPRESSED   0x00000008   Data   RW          602    .data               dma.o
    0x10000253   COMPRESSED   0x00000001   PAD
    0x10000254   COMPRESSED   0x00000010   Data   RW          636    .data               system_lpc177x_8x.o
    0x10000264   COMPRESSED   0x0000003c   Data   RW          758    .data               debug_frmwrk.o
    0x100002a0   COMPRESSED   0x00000020   Data   RW          818    .data               lpc177x_8x_gpdma.o
    0x100002c0   COMPRESSED   0x00000038   Data   RW          859    .data               usbhost_lpc17xx.o
    0x100002f8   COMPRESSED   0x00000008   Data   RW          893    .data               usbhost_ms.o
    0x10000300   COMPRESSED   0x00000004   Data   RW         1299    .data               mc_w.l(errno.o)
    0x10000304   COMPRESSED   0x00000004   PAD
    0x10000308        -       0x0000005c   Zero   RW          253    .bss                touchpanel.o
    0x10000364        -       0x000001f4   Zero   RW          393    .bss                test.o
    0x10000558        -       0x00003b10   Zero   RW          450    .bss                globalvalue.o
    0x10004068        -       0x0000026c   Zero   RW          451    .bss                globalvalue.o
    0x100042d4        -       0x0000028c   Zero   RW          452    .bss                globalvalue.o
    0x10004560        -       0x000000ac   Zero   RW          453    .bss                globalvalue.o
    0x1000460c        -       0x00000060   Zero   RW          454    .bss                globalvalue.o
    0x1000466c        -       0x00000050   Zero   RW          455    .bss                globalvalue.o
    0x100046bc        -       0x000000a3   Zero   RW          456    .bss                globalvalue.o
    0x1000475f   COMPRESSED   0x00000001   PAD
    0x10004760        -       0x00000030   Zero   RW          457    .bss                globalvalue.o
    0x10004790        -       0x0000000c   Zero   RW          458    .bss                globalvalue.o
    0x1000479c        -       0x00000020   Zero   RW          578    .bss                rtc.o
    0x100047bc        -       0x00000048   Zero   RW          601    .bss                dma.o
    0x10004804        -       0x000002b2   Zero   RW          754    .bss                debug_frmwrk.o
    0x10004ab6   COMPRESSED   0x00000002   PAD
    0x10004ab8        -       0x00000208   Zero   RW          840    .bss                usbhost_fat.o
    0x10004cc0        -       0x00000200   Zero   RW          627    STACK               startup_lpc177x_8x.o


==============================================================================

Image component sizes


      Code (inc. data)   RO Data    RW Data    ZI Data      Debug   Object Name

        52          8      16228          0          0       1559   asciilib.o
      2628        236        601         60        690      15200   debug_frmwrk.o
       408         28          0          8         72      18229   dma.o
       552         26          0          0          0      28727   ex_sdram.o
        60         10          0         24      16963      10167   globalvalue.o
      1168         14          8          2          0      10287   key.o
         0          0       1454         28          0        481   logo.o
       216         26          0          0          0       1583   lpc177x_8x_clkpwr.o
       616         12          0          0          0       2141   lpc177x_8x_eeprom.o
       588         26        192         32          0       7333   lpc177x_8x_gpdma.o
       752         28          0          0          0       9314   lpc177x_8x_gpio.o
      2796         74      13719          8          0      23396   lpc177x_8x_lcd.o
       368          4          0          0          0       4346   lpc177x_8x_pinsel.o
      1370         64          0          0          0       6115   lpc177x_8x_rtc.o
       728         14          0          0          0       6138   lpc177x_8x_ssp.o
      1540         30          0          0          0       9675   lpc177x_8x_uart.o
       476         24          0          4          0      55264   main.o
       104         14          0          0         32       3353   rtc.o
        36          8        228          0        512        860   startup_lpc177x_8x.o
       440         22          0         16          0       1283   system_lpc177x_8x.o
     13508       1090         85         60        500      57015   test.o
       688         36          0         24          0      19634   timer.o
      1352         52          0         20         92       4809   touchpanel.o
      2096         18          0          0        520      10222   usbhost_fat.o
      1486         56          0         56          0      26113   usbhost_lpc17xx.o
      1080         22          0          8          0       5331   usbhost_ms.o
     30532       2260       3862        416          0      51386   use_disp.o

    ----------------------------------------------------------------------
     65644       4202      36420        768      19384     389961   Object Totals
         0          0         32          0          0          0   (incl. Generated)
         4          0         11          2          3          0   (incl. Padding)

    ----------------------------------------------------------------------

      Code (inc. data)   RO Data    RW Data    ZI Data      Debug   Library Member Name

        62         10          0          0          0        340   dunder.o
        40          0          0          0          0         68   fpclassify.o
       170          0          0          0          0         96   poly.o
      2520        190        136          0          0        324   pow.o
         0          0          8          0          0          0   qnan.o
        76          0          0          0          0         84   sqrt.o
        86          0          0          0          0          0   __dczerorl2.o
         0          0          0          0          0          0   entry.o
         0          0          0          0          0          0   entry10a.o
         0          0          0          0          0          0   entry11a.o
         8          4          0          0          0          0   entry2.o
         4          0          0          0          0          0   entry5.o
         0          0          0          0          0          0   entry7b.o
         0          0          0          0          0          0   entry8b.o
         8          4          0          0          0          0   entry9a.o
        12          6          0          4          0         68   errno.o
        30          0          0          0          0          0   handlers.o
        36          8          0          0          0         68   init.o
         0          0          0          0          0          0   iusefp.o
        30          0          0          0          0         68   llshl.o
        36          0          0          0          0         68   llsshr.o
        32          0          0          0          0         68   llushr.o
        64          0          0          0          0         76   memmovea.o
        36          0          0          0          0        108   memseta.o
      2312         92          0          0          0        600   printfa.o
        24          0          0          0          0         68   strcat.o
        28          0          0          0          0         76   strcmp.o
        18          0          0          0          0         68   strcpy.o
        14          0          0          0          0         68   strlen.o
        40          0          0          0          0         76   strncat.o
        30          0          0          0          0         80   strncmp.o
        44          0          0          0          0         80   uidiv.o
        98          0          0          0          0         92   uldiv.o
        48          0          0          0          0         68   cdcmple.o
        48          0          0          0          0         68   cdrcmple.o
        20          0          0          0          0         68   cfcmple.o
        20          0          0          0          0         68   cfrcmple.o
        56          0          0          0          0         88   d2f.o
       334          0          0          0          0        148   dadd.o
       222          0          0          0          0        100   ddiv.o
       186          0          0          0          0        176   depilogue.o
        50          0          0          0          0         76   dfixui.o
        48          0          0          0          0         68   dfixul.o
        34          0          0          0          0         76   dflti.o
        26          0          0          0          0         76   dfltui.o
       228          0          0          0          0         96   dmul.o
        46          0          0          0          0         80   dscalb.o
       162          0          0          0          0        100   dsqrt.o
        38          0          0          0          0         68   f2d.o
       176          0          0          0          0        140   fadd.o
       124          0          0          0          0         88   fdiv.o
       110          0          0          0          0        168   fepilogue.o
        40          0          0          0          0         68   ffixui.o
        10          0          0          0          0         68   ffltui.o
       100          0          0          0          0         76   fmul.o

    ----------------------------------------------------------------------
      7992        314        144          4          4       4676   Library Totals
         8          0          0          0          4          0   (incl. Padding)

    ----------------------------------------------------------------------

      Code (inc. data)   RO Data    RW Data    ZI Data      Debug   Library Name

      2868        200        144          0          0        912   m_ws.l
      2990        114          0          4          0       1732   mc_w.l
      2126          0          0          0          0       2032   mf_w.l

    ----------------------------------------------------------------------
      7992        314        144          4          4       4676   Library Totals

    ----------------------------------------------------------------------

==============================================================================


      Code (inc. data)   RO Data    RW Data    ZI Data      Debug   

     73636       4516      36564        772      19388     388941   Grand Totals
     73636       4516      36564        252      19388     388941   ELF Image Totals (compressed)
     73636       4516      36564        252          0          0   ROM Totals

==============================================================================

    Total RO  Size (Code + RO Data)               110200 ( 107.62kB)
    Total RW  Size (RW Data + ZI Data)             20160 (  19.69kB)
    Total ROM Size (Code + RO Data + RW Data)     110452 ( 107.86kB)

==============================================================================

