Component: ARM Compiler 5.06 update 6 (build 750) Tool: armlink [4d35ed]

==============================================================================

Section Cross References

    ex_sdram.o(.text) refers to timer.o(.text) for delayMs
    ex_sdram.o(.text) refers to system_lpc177x_8x.o(.data) for SystemCoreClock
    main.o(.text) refers to lpc177x_8x_gpio.o(.text) for GPIO_GetIntStatus
    main.o(.text) refers to lpc177x_8x_clkpwr.o(.text) for CLKPWR_GetCLK
    main.o(.text) refers to key.o(.text) for HW_keyInt
    main.o(.text) refers to debug_frmwrk.o(.text) for debug_frmwrk_init
    main.o(.text) refers to dma.o(.text) for lpc1788_DMA_Init
    main.o(.text) refers to lpc177x_8x_eeprom.o(.text) for EEPROM_Init
    main.o(.text) refers to rtc.o(.text) for RTC_INT
    main.o(.text) refers to ex_sdram.o(.text) for SDRAM_Init
    main.o(.text) refers to lpc177x_8x_lcd.o(.text) for GLCD_Ctrl
    main.o(.text) refers to test.o(.text) for Power_Process
    main.o(.text) refers to globalvalue.o(.data) for softswitch
    main.o(.text) refers to logo.o(.data) for LogoPic
    main.o(.text) refers to main.o(.data) for SysTickCnt
    timer.o(.text) refers to system_lpc177x_8x.o(.data) for PeripheralClock
    timer.o(.text) refers to test.o(.data) for Tick_10ms
    timer.o(.text) refers to globalvalue.o(.data) for mainswitch
    timer.o(.text) refers to timer.o(.data) for timer0_counter
    lpc177x_8x_lcd.o(.text) refers to system_lpc177x_8x.o(.data) for PeripheralClock
    lpc177x_8x_lcd.o(.text) refers to asciilib.o(.text) for GetASCIICode
    lpc177x_8x_lcd.o(.text) refers to lpc177x_8x_lcd.o(.constdata) for GB_21
    lpc177x_8x_lcd.o(.text) refers to lpc177x_8x_lcd.o(.data) for Colour
    lpc177x_8x_lcd.o(.text) refers to asciilib.o(.constdata) for _num
    lpc177x_8x_lcd.o(.text) refers to globalvalue.o(.bss) for DispBuf
    logo.o(.data) refers to logo.o(.constdata) for LogoStream
    logo.o(.data) refers to logo.o(.conststring) for .conststring
    touchpanel.o(.text) refers to lpc177x_8x_ssp.o(.text) for SSP_ReadWrite
    touchpanel.o(.text) refers to lpc177x_8x_pinsel.o(.text) for PINSEL_ConfigPin
    touchpanel.o(.text) refers to lpc177x_8x_gpio.o(.text) for GPIO_SetDir
    touchpanel.o(.text) refers to memseta.o(.text) for __aeabi_memclr4
    touchpanel.o(.text) refers to dflti.o(.text) for __aeabi_i2d
    touchpanel.o(.text) refers to cdcmple.o(.text) for __aeabi_cdcmpeq
    touchpanel.o(.text) refers to touchpanel.o(.bss) for dataCfg
    touchpanel.o(.text) refers to touchpanel.o(.data) for screen
    touchpanel.o(.text) refers to dfltui.o(.text) for __aeabi_ui2d
    touchpanel.o(.text) refers to dmul.o(.text) for __aeabi_dmul
    touchpanel.o(.text) refers to dadd.o(.text) for __aeabi_dadd
    touchpanel.o(.text) refers to ddiv.o(.text) for __aeabi_ddiv
    touchpanel.o(.text) refers to dfixui.o(.text) for __aeabi_d2uiz
    touchpanel.o(.text) refers to lpc177x_8x_lcd.o(.text) for lcd_Clear
    use_disp.o(.text) refers to lpc177x_8x_lcd.o(.text) for LCD_DrawRect
    use_disp.o(.text) refers to lpc177x_8x_lcd.o(.data) for Colour
    use_disp.o(.text) refers to use_disp.o(.constdata) for Set_Unit
    use_disp.o(.text) refers to globalvalue.o(.bss) for SaveData
    use_disp.o(.text) refers to asciilib.o(.constdata) for Out_Assic
    use_disp.o(.text) refers to printfa.o(i.__0sprintf) for __2sprintf
    use_disp.o(.text) refers to rtc.o(.bss) for RTC_TIME_DISP
    use_disp.o(.text) refers to memmovea.o(.text) for __aeabi_memcpy4
    use_disp.o(.text) refers to use_disp.o(.data) for Correc_successflag
    use_disp.o(.text) refers to dfltui.o(.text) for __aeabi_ui2d
    use_disp.o(.text) refers to cdrcmple.o(.text) for __aeabi_cdrcmple
    use_disp.o(.text) refers to ffltui.o(.text) for __aeabi_ui2f
    use_disp.o(.text) refers to f2d.o(.text) for __aeabi_f2d
    use_disp.o(.text) refers to pow.o(i.pow) for pow
    use_disp.o(.text) refers to dfixui.o(.text) for __aeabi_d2uiz
    use_disp.o(.text) refers to key.o(.text) for HW_KeyScsn
    use_disp.o(.text) refers to ddiv.o(.text) for __aeabi_ddiv
    use_disp.o(.text) refers to dmul.o(.text) for __aeabi_dmul
    use_disp.o(.text) refers to main.o(.text) for Delay
    use_disp.o(.text) refers to debug_frmwrk.o(.text) for UARTPuts
    use_disp.o(.text) refers to globalvalue.o(.data) for SystemStatus
    use_disp.o(.text) refers to debug_frmwrk.o(.bss) for ComBuf
    use_disp.o(.text) refers to memseta.o(.text) for __aeabi_memclr4
    use_disp.o(.text) refers to strcpy.o(.text) for strcpy
    use_disp.o(.text) refers to strlen.o(.text) for strlen
    use_disp.o(.text) refers to strcat.o(.text) for strcat
    use_disp.o(.text) refers to test.o(.constdata) for Disp_Main_Ord
    use_disp.o(.text) refers to test.o(.bss) for USART_RX_BUF
    use_disp.o(.text) refers to strncat.o(.text) for strncat
    use_disp.o(.text) refers to strncmp.o(.text) for strncmp
    use_disp.o(.text) refers to lpc177x_8x_eeprom.o(.text) for EEPROM_Write
[...]
    __aeabi_memset8                          0x000002a7   Thumb Code     0  memseta.o(.text)
    __aeabi_memclr                           0x000002b5   Thumb Code     4  memseta.o(.text)
    __aeabi_memclr4                          0x000002b5   Thumb Code     0  memseta.o(.text)
    __aeabi_memclr8                          0x000002b5   Thumb Code     0  memseta.o(.text)
    _memset$wrapper                          0x000002b9   Thumb Code    18  memseta.o(.text)
    strcat                                   0x000002cb   Thumb Code    24  strcat.o(.text)
    strlen                                   0x000002e3   Thumb Code    14  strlen.o(.text)
    __aeabi_ui2f                             0x000002f1   Thumb Code    10  ffltui.o(.text)
    __I$use$fp                               0x000002fb   Thumb Code     0  iusefp.o(.text)
    __scatterload_null                       0x000002fb   Thumb Code     2  handlers.o(i.__scatterload_null)
    EMC_GPIO_Init                            0x00000301   Thumb Code   286  ex_sdram.o(.text)
    SDRAM_Init                               0x0000041f   Thumb Code   326  ex_sdram.o(.text)
    GPIO_IRQHandler                          0x000005a9   Thumb Code    92  main.o(.text)
    main                                     0x00000605   Thumb Code   432  main.o(.text)
    SysTick_Handler                          0x000007b5   Thumb Code    12  main.o(.text)
    Delay                                    0x000007c1   Thumb Code    18  main.o(.text)
    delayMs                                  0x000007f1   Thumb Code   252  timer.o(.text)
    TIMER0_IRQHandler                        0x000008ed   Thumb Code    60  timer.o(.text)
    TIMER1_IRQHandler                        0x00000929   Thumb Code    18  timer.o(.text)
    TIMER2_IRQHandler                        0x0000093b   Thumb Code    18  timer.o(.text)
    TIMER3_IRQHandler                        0x0000094d   Thumb Code    18  timer.o(.text)
    enable_timer                             0x0000095f   Thumb Code    48  timer.o(.text)
    disable_timer                            0x0000098f   Thumb Code    48  timer.o(.text)
    reset_timer                              0x000009bf   Thumb Code    66  timer.o(.text)
    init_timer                               0x00000a01   Thumb Code   210  timer.o(.text)
    GLCD_Ctrl                                0x00000b15   Thumb Code    96  lpc177x_8x_lcd.o(.text)
    GLCD_SetPallet                           0x00000b75   Thumb Code    18  lpc177x_8x_lcd.o(.text)
    GLCD_Init                                0x00000b87   Thumb Code   522  lpc177x_8x_lcd.o(.text)
    lcd_Clear                                0x00000d91   Thumb Code    18  lpc177x_8x_lcd.o(.text)
    LCD_DrawRect                             0x00000da3   Thumb Code    78  lpc177x_8x_lcd.o(.text)
    LCD_SetPoint                             0x00000df1   Thumb Code    48  lpc177x_8x_lcd.o(.text)
    LCD_DrawLine                             0x00000e21   Thumb Code   302  lpc177x_8x_lcd.o(.text)
    PutChar                                  0x00000f4f   Thumb Code    96  lpc177x_8x_lcd.o(.text)
    PutChar_12                               0x00000faf   Thumb Code    96  lpc177x_8x_lcd.o(.text)
    GUI_Text                                 0x0000100f   Thumb Code    80  lpc177x_8x_lcd.o(.text)
    lcd_display_coord                        0x0000105f   Thumb Code   294  lpc177x_8x_lcd.o(.text)
    findHzIndex                              0x00001185   Thumb Code    54  lpc177x_8x_lcd.o(.text)
    findHzIndex_16                           0x000011bb   Thumb Code    58  lpc177x_8x_lcd.o(.text)
    LCD_ShowFontCN_40_55                     0x000011f5   Thumb Code   134  lpc177x_8x_lcd.o(.text)
    LCD_ShowFontCN_16                        0x0000127b   Thumb Code   228  lpc177x_8x_lcd.o(.text)
    LCD_ShowFontCN                           0x0000135f   Thumb Code   224  lpc177x_8x_lcd.o(.text)
    WriteOneHzChar                           0x0000143f   Thumb Code    26  lpc177x_8x_lcd.o(.text)
    WriteOneHzChar_16                        0x00001459   Thumb Code    26  lpc177x_8x_lcd.o(.text)
    WriteString                              0x00001473   Thumb Code   194  lpc177x_8x_lcd.o(.text)
    WriteString_Big                          0x00001535   Thumb Code   132  lpc177x_8x_lcd.o(.text)
    WriteString_16                           0x000015b9   Thumb Code   198  lpc177x_8x_lcd.o(.text)
    WriteString_12                           0x0000167f   Thumb Code   198  lpc177x_8x_lcd.o(.text)
    Hex_Format                               0x00001745   Thumb Code   198  lpc177x_8x_lcd.o(.text)
    Disp_Fastbutton                          0x00001819   Thumb Code   246  use_disp.o(.text)
    Disp_button_Num_time                     0x0000190f   Thumb Code    44  use_disp.o(.text)
    Disp_button_Num_V                        0x0000193b   Thumb Code    32  use_disp.o(.text)
    Disp_button_Num_A                        0x0000195b   Thumb Code    32  use_disp.o(.text)
    Disp_button_Num_ms                       0x0000197b   Thumb Code    32  use_disp.o(.text)
    Disp_button_Num_Input                    0x0000199b   Thumb Code   272  use_disp.o(.text)
    Disp_button_Num_Freq                     0x00001aab   Thumb Code    44  use_disp.o(.text)
    Disp_button_Num_Avg                      0x00001ad7   Thumb Code    32  use_disp.o(.text)
    Disp_Button_Test                         0x00001af7   Thumb Code    88  use_disp.o(.text)
    Disp_Button_value1                       0x00001b4f   Thumb Code   510  use_disp.o(.text)
    Disp_Button_ItemScan_no                  0x00001d4d   Thumb Code   164  use_disp.o(.text)
    Disp_Button_ItemScanSet                  0x00001df1   Thumb Code   388  use_disp.o(.text)
    Disp_Button_TestSet                      0x00001f75   Thumb Code   768  use_disp.o(.text)
    Disp_Button_SysSet                       0x00002275   Thumb Code    90  use_disp.o(.text)
    Disp_Button_Correction                   0x000022cf   Thumb Code   140  use_disp.o(.text)
    Disp_TopBar_Color                        0x0000235b   Thumb Code    20  use_disp.o(.text)
    Disp_MidRect                             0x0000236f   Thumb Code    22  use_disp.o(.text)
    Disp_TestScreen                          0x00002385   Thumb Code    28  use_disp.o(.text)
    Disp_Test_Item                           0x000023a1   Thumb Code   274  use_disp.o(.text)
    Disp_Range_MidRect                       0x000024b3   Thumb Code    22  use_disp.o(.text)
    Disp_RangeScreen                         0x000024c9   Thumb Code    28  use_disp.o(.text)
    Disp_RangeDispvalue                      0x000024e5   Thumb Code   102  use_disp.o(.text)
    Disp_Range_Item                          0x0000254b   Thumb Code   504  use_disp.o(.text)
    Disp_Rang_Count_MidRect                  0x00002743   Thumb Code    40  use_disp.o(.text)
    Disp_Range_CountScreen                   0x0000276b   Thumb Code    28  use_disp.o(.text)
    Disp_Set_Unit_16                         0x00002787   Thumb Code    36  use_disp.o(.text)
    Disp_Range_Count_Item                    0x000027ab   Thumb Code  1108  use_disp.o(.text)
    Disp_List_Count_MidRect                  0x00002bff   Thumb Code    22  use_disp.o(.text)
    Disp_List_CountScreen                    0x00002c15   Thumb Code    16  use_disp.o(.text)
    Disp_List_Count_Item                     0x00002c25   Thumb Code   184  use_disp.o(.text)
    Disp_TestSet_MidRect                     0x00002cdd   Thumb Code    22  use_disp.o(.text)
    Disp_TestSetScreen                       0x00002cf3   Thumb Code    28  use_disp.o(.text)
    Disp_Test_Set_Item                       0x00002d8f   Thumb Code   340  use_disp.o(.text)
    Disp_RangeDispValue                      0x00002ee3   Thumb Code   504  use_disp.o(.text)
    Disp_Range_ComDispValue                  0x000030db   Thumb Code   208  use_disp.o(.text)
    Disp_Scan_Compvalue                      0x000031ab   Thumb Code   728  use_disp.o(.text)
    Disp_Scan_SetCompvalue                   0x00003483   Thumb Code  1100  use_disp.o(.text)
    Disp_LIMIT_ComDispValue                  0x000038cf   Thumb Code   278  use_disp.o(.text)
    Disp_Test_value                          0x000039e5   Thumb Code   896  use_disp.o(.text)
    DispSet_value                            0x00003d65   Thumb Code   604  use_disp.o(.text)
    Disp_Set_Unit_12                         0x00003fc1   Thumb Code    32  use_disp.o(.text)
    Disp_LimitSEt_value                      0x00003fe1   Thumb Code  1660  use_disp.o(.text)
    Disp_Debug_value                         0x0000465d   Thumb Code  1454  use_disp.o(.text)
    Disp_Sys_value                           0x00004c0b   Thumb Code  2586  use_disp.o(.text)
    Disp_Usercheck_Screen                    0x00005625   Thumb Code    24  use_disp.o(.text)
    Disp_FacrCheck_Item                      0x0000563d   Thumb Code   202  use_disp.o(.text)
    Disp_FacCal                              0x00005707   Thumb Code   838  use_disp.o(.text)
    Disp_Fac_Debug_R                         0x00005a4d   Thumb Code   428  use_disp.o(.text)
    Disp_Fac_Debug_C                         0x00005bf9   Thumb Code   644  use_disp.o(.text)
    Disp_UserCheck_Item                      0x00005e7d   Thumb Code   124  use_disp.o(.text)
    Disp_LimitList_MidRect                   0x00005ef9   Thumb Code    22  use_disp.o(.text)
    Disp_LimitList_Screen                    0x00005f0f   Thumb Code    12  use_disp.o(.text)
    Disp_LimitList_Item                      0x00005f1b   Thumb Code   408  use_disp.o(.text)
    Disp_ListScan_MidRect                    0x000060b3   Thumb Code    22  use_disp.o(.text)
    Disp_ListScan_Screen                     0x000060c9   Thumb Code    12  use_disp.o(.text)
    Disp_ListScan_Item                       0x000060d5   Thumb Code   204  use_disp.o(.text)
    Disp_SysLine                             0x000061a1   Thumb Code   346  use_disp.o(.text)
    Disp_Sys_Screen                          0x000062fb   Thumb Code    24  use_disp.o(.text)
    Disp_Sys_Item                            0x000063a3   Thumb Code   262  use_disp.o(.text)
    Disp_serve_Screen                        0x000064a9   Thumb Code    24  use_disp.o(.text)
    Disp_Serve_correction                    0x000064c1   Thumb Code   162  use_disp.o(.text)
    Disp_Start_Corr                          0x00006563   Thumb Code   106  use_disp.o(.text)
    Disp_Serve_correctionR                   0x000065cd   Thumb Code   130  use_disp.o(.text)
    Disp_Correction_Set                      0x0000664f   Thumb Code   628  use_disp.o(.text)
    Disp_Correction_SetR                     0x000068c3   Thumb Code   350  use_disp.o(.text)
    Time_Set_Cot                             0x00006a21   Thumb Code    30  use_disp.o(.text)
    Time_Set_Cov                             0x00006a3f   Thumb Code   646  use_disp.o(.text)
    Freq_Set_Cov                             0x00006cc5   Thumb Code   262  use_disp.o(.text)
    Input_Set_Cov                            0x00006dcb   Thumb Code   110  use_disp.o(.text)
    Input_Set_CovPre                         0x00006e39   Thumb Code    76  use_disp.o(.text)
    Disp_Cp_D                                0x00006e85   Thumb Code   100  use_disp.o(.text)
    Disp_Cp_Q                                0x00006ee9   Thumb Code   100  use_disp.o(.text)
    Disp_Cp_G                                0x00006f4d   Thumb Code   100  use_disp.o(.text)
    Disp_Cp_Rp                               0x00006fb1   Thumb Code   100  use_disp.o(.text)
    Disp_Cs_Rs                               0x00007015   Thumb Code   100  use_disp.o(.text)
    Disp_Cs_D                                0x00007079   Thumb Code   152  use_disp.o(.text)
    Disp_Cs_Q                                0x00007111   Thumb Code   100  use_disp.o(.text)
    Disp_Lp_Q                                0x00007175   Thumb Code   100  use_disp.o(.text)
    Disp_Lp_Rp                               0x000071d9   Thumb Code   100  use_disp.o(.text)
    Disp_Lp_Rd                               0x0000723d   Thumb Code   100  use_disp.o(.text)
    Disp_Lp_D                                0x000072a1   Thumb Code   100  use_disp.o(.text)
    Disp_Lp_G                                0x00007305   Thumb Code   100  use_disp.o(.text)
    Disp_Ls_D                                0x00007369   Thumb Code   100  use_disp.o(.text)
    Disp_Ls_Q                                0x000073cd   Thumb Code   100  use_disp.o(.text)
    Disp_Ls_Rs                               0x00007431   Thumb Code   100  use_disp.o(.text)
    Disp_Ls_Rd                               0x00007495   Thumb Code   144  use_disp.o(.text)
    Disp_Z_d                                 0x00007525   Thumb Code   100  use_disp.o(.text)
    Disp_Z_r                                 0x00007589   Thumb Code   100  use_disp.o(.text)
    Disp_Y_d                                 0x000075ed   Thumb Code   100  use_disp.o(.text)
    Disp_Y_r                                 0x00007651   Thumb Code   100  use_disp.o(.text)
    Disp_R_X                                 0x000076b5   Thumb Code   100  use_disp.o(.text)
    Disp_Rs_Q                                0x00007719   Thumb Code   100  use_disp.o(.text)
    Disp_Rp_Q                                0x0000777d   Thumb Code   100  use_disp.o(.text)
    Disp_G_B                                 0x000077e1   Thumb Code   100  use_disp.o(.text)
    Disp_Button_Fun_Set                      0x00007845   Thumb Code  1134  use_disp.o(.text)
    FAN_CTRL                                 0x00007cb3   Thumb Code   102  use_disp.o(.text)
    Disp_Testvalue                           0x00007d19   Thumb Code   418  use_disp.o(.text)
    Disp_Big_MainUnit                        0x00007ebb   Thumb Code    26  use_disp.o(.text)
    Disp_Big_SecondUnit                      0x00007ed5   Thumb Code    72  use_disp.o(.text)
    Start_Correction                         0x00007f1d   Thumb Code    60  use_disp.o(.text)
    Init_C                                   0x00007f59   Thumb Code   138  use_disp.o(.text)
    Correction_C                             0x00007fe3   Thumb Code    80  use_disp.o(.text)
    Save_C                                   0x00008033   Thumb Code    52  use_disp.o(.text)
    Init_R                                   0x00008067   Thumb Code    54  use_disp.o(.text)
    Correction_R                             0x0000809d   Thumb Code    78  use_disp.o(.text)
    Save_R                                   0x000080eb   Thumb Code    52  use_disp.o(.text)
    Exit_correction                          0x0000811f   Thumb Code    62  use_disp.o(.text)
    Clear_Instr                              0x0000815d   Thumb Code    22  use_disp.o(.text)
    Close_Clear                              0x00008173   Thumb Code    20  use_disp.o(.text)
    Open_Clear                               0x00008187   Thumb Code    20  use_disp.o(.text)
    Short_Clear                              0x0000819b   Thumb Code    20  use_disp.o(.text)
    Send_Freq                                0x000081af   Thumb Code    52  use_disp.o(.text)
    Send_UartStart                           0x000081e3   Thumb Code   198  use_disp.o(.text)
    softdelay                                0x000082a9   Thumb Code    12  use_disp.o(.text)
    Send_Request                             0x000082b5   Thumb Code   750  use_disp.o(.text)
    SetErr_ACK                               0x000085a3   Thumb Code   176  use_disp.o(.text)
    SerialRemoteHandleL                      0x00008653   Thumb Code   830  use_disp.o(.text)
    Send_Main_Ord                            0x00008991   Thumb Code   138  use_disp.o(.text)
    Disp_Range_DispMainUnit                  0x00008a1b   Thumb Code    56  use_disp.o(.text)
    Disp_Range_DispSecondUnit                0x00008a53   Thumb Code    60  use_disp.o(.text)
    Disp_RangeTestvalue                      0x00008a8f   Thumb Code   108  use_disp.o(.text)
    Disp_Range_Num                           0x00008afb   Thumb Code    24  use_disp.o(.text)
    Disp_RangeCount                          0x00008b13   Thumb Code    80  use_disp.o(.text)
    Disp_Test_Unit_v                         0x00008b63   Thumb Code    20  use_disp.o(.text)
    Disp_Test_Unit_mA                        0x00008b77   Thumb Code    20  use_disp.o(.text)
    Savetoeeprom                             0x00008b8b   Thumb Code    24  use_disp.o(.text)
    ReadSavedata                             0x00008ba3   Thumb Code    24  use_disp.o(.text)
    lcd_image                                0x00008bbb   Thumb Code    42  use_disp.o(.text)
    Send_Uart3                               0x00008be5   Thumb Code    14  use_disp.o(.text)
    Disp_Usbflag                             0x00008bf3   Thumb Code    60  use_disp.o(.text)
    Disp_switch                              0x00008c2f   Thumb Code    66  use_disp.o(.text)
    CMD_Resend                               0x00008d01   Thumb Code    44  test.o(.text)
    Read_Temp                                0x00008d2d   Thumb Code    12  test.o(.text)
    MODS_Poll                                0x00008d39   Thumb Code    86  test.o(.text)
    input_password                           0x00008d8f   Thumb Code   926  test.o(.text)
    Inttofloat                               0x0000912d   Thumb Code   126  test.o(.text)
    Set_Compbcd_float                        0x000091ab   Thumb Code   304  test.o(.text)
    Power_Process                            0x000092db   Thumb Code   178  test.o(.text)
    Send_T0_USB                              0x0000938d   Thumb Code   686  test.o(.text)
    Disp_NumKeyboard_time                    0x0000963b   Thumb Code   846  test.o(.text)
    Disp_Set_T                               0x00009989   Thumb Code   118  test.o(.text)
    Disp_NumKeyboard_Set                     0x000099ff   Thumb Code   846  test.o(.text)
    Disp_Set_C                               0x00009d4d   Thumb Code    88  test.o(.text)
    Disp_Set_Num                             0x00009da5   Thumb Code    74  test.o(.text)
    Test_Process                             0x00009def   Thumb Code  1586  test.o(.text)
    File_Process                             0x0000a421   Thumb Code   140  test.o(.text)
    Setup_Process                            0x0000a4ad   Thumb Code   782  test.o(.text)
    Data_StoreProcess                        0x0000a7bb   Thumb Code   140  test.o(.text)
    Test_Comp_Fmq                            0x0000a847   Thumb Code    82  test.o(.text)
    Test_Comp                                0x0000a899   Thumb Code  1006  test.o(.text)
    Range_Process                            0x0000ac87   Thumb Code   372  test.o(.text)
    Range_CountProcess                       0x0000adfb   Thumb Code   388  test.o(.text)
    ItemProcess                              0x0000af7f   Thumb Code   536  test.o(.text)
    Freq_Set_Num                             0x0000b197   Thumb Code   110  test.o(.text)
    Use_ITEMSetProcess                       0x0000b205   Thumb Code   700  test.o(.text)
    Input_compvalue                          0x0000b4c1   Thumb Code  1548  test.o(.text)
    Disp_Set_InputpreSecNum                  0x0000bacd   Thumb Code    76  test.o(.text)
    Disp_Set_InputpreNum                     0x0000bb19   Thumb Code   104  test.o(.text)
    Disp_Set_InputNum                        0x0000bb81   Thumb Code    76  test.o(.text)
    Use_LimitSetProcess                      0x0000bbcd   Thumb Code  1414  test.o(.text)
    Use_SysSetProcess                        0x0000c153   Thumb Code  2962  test.o(.text)
    Use_DebugProcess                         0x0000cce5   Thumb Code   400  test.o(.text)
    Fac_DebugProcess                         0x0000ce75   Thumb Code  1314  test.o(.text)
    Uart_Process                             0x0000d397   Thumb Code   148  test.o(.text)
    Avg_Test                                 0x0000d42b   Thumb Code    94  test.o(.text)
    PackStandFrame                           0x0000d489   Thumb Code    38  test.o(.text)
    Disp_Set_CompNum                         0x0000d4af   Thumb Code    74  test.o(.text)
    Avg_Set_Num                              0x0000d4f9   Thumb Code   190  test.o(.text)
    Set_daot                                 0x0000d5b7   Thumb Code    78  test.o(.text)
    Write_Usbdata                            0x0000d605   Thumb Code    58  test.o(.text)
    Soft_Turnon                              0x0000d63f   Thumb Code    92  test.o(.text)
    Uart3_Process                            0x0000d69b   Thumb Code   500  test.o(.text)
    input_num                                0x0000d88f   Thumb Code   704  test.o(.text)
    RTC_Init                                 0x0000db95   Thumb Code    30  lpc177x_8x_rtc.o(.text)
    RTC_DeInit                               0x0000dbb3   Thumb Code    20  lpc177x_8x_rtc.o(.text)
    RTC_ResetClockTickCounter                0x0000dbc7   Thumb Code    18  lpc177x_8x_rtc.o(.text)
    RTC_Cmd                                  0x0000dbd9   Thumb Code    24  lpc177x_8x_rtc.o(.text)
    RTC_CntIncrIntConfig                     0x0000dbf1   Thumb Code   202  lpc177x_8x_rtc.o(.text)
    RTC_AlarmIntConfig                       0x0000dcbb   Thumb Code   202  lpc177x_8x_rtc.o(.text)
    RTC_SetTime                              0x0000dd85   Thumb Code   204  lpc177x_8x_rtc.o(.text)
    RTC_GetTime                              0x0000de51   Thumb Code    98  lpc177x_8x_rtc.o(.text)
    RTC_SetFullTime                          0x0000deb3   Thumb Code    70  lpc177x_8x_rtc.o(.text)
    RTC_GetFullTime                          0x0000def9   Thumb Code    70  lpc177x_8x_rtc.o(.text)
    RTC_SetAlarmTime                         0x0000df3f   Thumb Code   228  lpc177x_8x_rtc.o(.text)
    RTC_GetAlarmTime                         0x0000e023   Thumb Code   102  lpc177x_8x_rtc.o(.text)
    RTC_SetFullAlarmTime                     0x0000e089   Thumb Code    70  lpc177x_8x_rtc.o(.text)
    RTC_GetFullAlarmTime                     0x0000e0cf   Thumb Code    70  lpc177x_8x_rtc.o(.text)
    RTC_GetIntPending                        0x0000e115   Thumb Code    16  lpc177x_8x_rtc.o(.text)
    RTC_ClearIntPending                      0x0000e125   Thumb Code     8  lpc177x_8x_rtc.o(.text)
    RTC_CalibCounterCmd                      0x0000e12d   Thumb Code    24  lpc177x_8x_rtc.o(.text)
    RTC_CalibConfig                          0x0000e145   Thumb Code    24  lpc177x_8x_rtc.o(.text)
    RTC_WriteGPREG                           0x0000e15d   Thumb Code    14  lpc177x_8x_rtc.o(.text)
    RTC_ReadGPREG                            0x0000e16b   Thumb Code    16  lpc177x_8x_rtc.o(.text)
    Start_Debugled                           0x0000e17d   Thumb Code    42  key.o(.text)
    Beep_on                                  0x0000e1a7   Thumb Code    14  key.o(.text)
    Beep_Off                                 0x0000e1b5   Thumb Code    14  key.o(.text)
    Bais_LedOn                               0x0000e1c3   Thumb Code    14  key.o(.text)
    FAN_ON                                   0x0000e1d1   Thumb Code    24  key.o(.text)
    FAN_OFF                                  0x0000e1e9   Thumb Code    24  key.o(.text)
    DE485                                    0x0000e201   Thumb Code    24  key.o(.text)
    RE485                                    0x0000e219   Thumb Code    24  key.o(.text)
    Bais_LedOff                              0x0000e231   Thumb Code    14  key.o(.text)
    Lock_LedOn                               0x0000e23f   Thumb Code    12  key.o(.text)
    Lock_LedOff                              0x0000e24b   Thumb Code    12  key.o(.text)
    Lock_Control_On                          0x0000e257   Thumb Code    14  key.o(.text)
    Lock_Control_Off                         0x0000e265   Thumb Code    14  key.o(.text)
    Plc_pass                                 0x0000e273   Thumb Code    24  key.o(.text)
    Pass_Led                                 0x0000e28b   Thumb Code    24  key.o(.text)
    All_LedOff1                              0x0000e2a3   Thumb Code    20  key.o(.text)
    Turnoff_backlight                        0x0000e2b7   Thumb Code    12  key.o(.text)
    All_LedOff                               0x0000e2c3   Thumb Code    34  key.o(.text)
    Plc_Fail                                 0x0000e2e5   Thumb Code    24  key.o(.text)
    Fail_led                                 0x0000e2fd   Thumb Code    24  key.o(.text)
    Power_Relay                              0x0000e315   Thumb Code    36  key.o(.text)
    Power_On_led                             0x0000e339   Thumb Code    30  key.o(.text)
    Power_Off_led                            0x0000e357   Thumb Code    30  key.o(.text)
    Turnon_backlight                         0x0000e375   Thumb Code    12  key.o(.text)
    GPIO_485_Config                          0x0000e381   Thumb Code     2  key.o(.text)
    GPIO_Led_Configuration                   0x0000e383   Thumb Code    84  key.o(.text)
    GPIO_Plc_Configuration                   0x0000e3d7   Thumb Code    66  key.o(.text)
    GPIO_Key_Configuration                   0x0000e419   Thumb Code   116  key.o(.text)
    _164Delaay                               0x0000e48d   Thumb Code    14  key.o(.text)
    HW_Sendvalueto164                        0x0000e49b   Thumb Code    78  key.o(.text)
    HW_keyInt                                0x0000e4e9   Thumb Code    14  key.o(.text)
    HW_KeyScsn1                              0x0000e4f7   Thumb Code   254  key.o(.text)
    HW_KeyScsn                               0x0000e5f5   Thumb Code    58  key.o(.text)
    Delay_Key                                0x0000e62f   Thumb Code    14  key.o(.text)
    Key_Beep                                 0x0000e63d   Thumb Code    26  key.o(.text)
    DMA_IRQHandler                           0x0000e669   Thumb Code   220  dma.o(.text)
    lpc1788_DMA_Init                         0x0000e745   Thumb Code   174  dma.o(.text)
    DMASendInit                              0x0000e7f3   Thumb Code    62  dma.o(.text)
    SystemCoreClockUpdate                    0x0000e85d   Thumb Code   672  system_lpc177x_8x.o(.text)
    SystemInit                               0x0000eafd   Thumb Code   190  system_lpc177x_8x.o(.text)
    GPIO_SetDir                              0x0000ec89   Thumb Code    40  lpc177x_8x_gpio.o(.text)
    GPIO_SetValue                            0x0000ecb1   Thumb Code    20  lpc177x_8x_gpio.o(.text)
    GPIO_ClearValue                          0x0000ecc5   Thumb Code    20  lpc177x_8x_gpio.o(.text)
    GPIO_OutputValue                         0x0000ecd9   Thumb Code    30  lpc177x_8x_gpio.o(.text)
    GPIO_ReadValue                           0x0000ecf7   Thumb Code    22  lpc177x_8x_gpio.o(.text)
    GPIO_IntCmd                              0x0000ed0d   Thumb Code    60  lpc177x_8x_gpio.o(.text)
    GPIO_GetIntStatus                        0x0000ed49   Thumb Code    86  lpc177x_8x_gpio.o(.text)
    GPIO_ClearInt                            0x0000ed9f   Thumb Code    28  lpc177x_8x_gpio.o(.text)
    FIO_SetDir                               0x0000edbb   Thumb Code    20  lpc177x_8x_gpio.o(.text)
    FIO_SetValue                             0x0000edcf   Thumb Code    16  lpc177x_8x_gpio.o(.text)
    FIO_ClearValue                           0x0000eddf   Thumb Code    16  lpc177x_8x_gpio.o(.text)
    FIO_ReadValue                            0x0000edef   Thumb Code    12  lpc177x_8x_gpio.o(.text)
    FIO_IntCmd                               0x0000edfb   Thumb Code    20  lpc177x_8x_gpio.o(.text)
    FIO_GetIntStatus                         0x0000ee0f   Thumb Code    20  lpc177x_8x_gpio.o(.text)
    FIO_ClearInt                             0x0000ee23   Thumb Code    16  lpc177x_8x_gpio.o(.text)
    FIO_SetMask                              0x0000ee33   Thumb Code    40  lpc177x_8x_gpio.o(.text)
    FIO_HalfWordSetDir                       0x0000ee5b   Thumb Code    62  lpc177x_8x_gpio.o(.text)
    FIO_HalfWordSetMask                      0x0000ee99   Thumb Code    62  lpc177x_8x_gpio.o(.text)
    FIO_HalfWordSetValue                     0x0000eed7   Thumb Code    32  lpc177x_8x_gpio.o(.text)
    FIO_HalfWordClearValue                   0x0000eef7   Thumb Code    32  lpc177x_8x_gpio.o(.text)
    FIO_HalfWordReadValue                    0x0000ef17   Thumb Code    30  lpc177x_8x_gpio.o(.text)
    FIO_ByteSetDir                           0x0000ef35   Thumb Code    58  lpc177x_8x_gpio.o(.text)
    FIO_ByteSetMask                          0x0000ef6f   Thumb Code    74  lpc177x_8x_gpio.o(.text)
    FIO_ByteSetValue                         0x0000efb9   Thumb Code    48  lpc177x_8x_gpio.o(.text)
    FIO_ByteClearValue                       0x0000efe9   Thumb Code    38  lpc177x_8x_gpio.o(.text)
    FIO_ByteReadValue                        0x0000f00f   Thumb Code    36  lpc177x_8x_gpio.o(.text)
    CLKPWR_SetCLKDiv                         0x0000f035   Thumb Code    94  lpc177x_8x_clkpwr.o(.text)
    CLKPWR_GetCLK                            0x0000f093   Thumb Code    46  lpc177x_8x_clkpwr.o(.text)
    CLKPWR_ConfigPPWR                        0x0000f0c1   Thumb Code    38  lpc177x_8x_clkpwr.o(.text)
    CLKPWR_Sleep                             0x0000f0e7   Thumb Code    12  lpc177x_8x_clkpwr.o(.text)
    CLKPWR_DeepSleep                         0x0000f0f3   Thumb Code    18  lpc177x_8x_clkpwr.o(.text)
    CLKPWR_PowerDown                         0x0000f105   Thumb Code    18  lpc177x_8x_clkpwr.o(.text)
    CLKPWR_DeepPowerDown                     0x0000f117   Thumb Code    18  lpc177x_8x_clkpwr.o(.text)
    UART_Init                                0x0000f2d5   Thumb Code   312  lpc177x_8x_uart.o(.text)
    UART_TxCmd                               0x0000f40d   Thumb Code    68  lpc177x_8x_uart.o(.text)
    UART_DeInit                              0x0000f451   Thumb Code    74  lpc177x_8x_uart.o(.text)
    UART_ConfigStructInit                    0x0000f49b   Thumb Code    18  lpc177x_8x_uart.o(.text)
    UART_SendByte                            0x0000f4ad   Thumb Code    14  lpc177x_8x_uart.o(.text)
    UART_ReceiveByte                         0x0000f4bb   Thumb Code    16  lpc177x_8x_uart.o(.text)
    UART_Send                                0x0000f4cb   Thumb Code   152  lpc177x_8x_uart.o(.text)
    UART_Receive                             0x0000f563   Thumb Code   114  lpc177x_8x_uart.o(.text)
    UART_ForceBreak                          0x0000f5d5   Thumb Code    26  lpc177x_8x_uart.o(.text)
    UART_IntConfig                           0x0000f5ef   Thumb Code   132  lpc177x_8x_uart.o(.text)
    UART_GetLineStatus                       0x0000f673   Thumb Code    16  lpc177x_8x_uart.o(.text)
    UART_GetIntId                            0x0000f683   Thumb Code    12  lpc177x_8x_uart.o(.text)
    UART_CheckBusy                           0x0000f68f   Thumb Code    18  lpc177x_8x_uart.o(.text)
    UART_FIFOConfig                          0x0000f6a1   Thumb Code   104  lpc177x_8x_uart.o(.text)
    UART_FIFOConfigStructInit                0x0000f709   Thumb Code    14  lpc177x_8x_uart.o(.text)
    UART_ABCmd                               0x0000f717   Thumb Code   126  lpc177x_8x_uart.o(.text)
    UART_ABClearIntPending                   0x0000f795   Thumb Code    22  lpc177x_8x_uart.o(.text)
    UART_IrDAInvtInputCmd                    0x0000f7ab   Thumb Code    34  lpc177x_8x_uart.o(.text)
    UART_IrDACmd                             0x0000f7cd   Thumb Code    32  lpc177x_8x_uart.o(.text)
    UART_IrDAPulseDivConfig                  0x0000f7ed   Thumb Code    30  lpc177x_8x_uart.o(.text)
    UART_FullModemForcePinState              0x0000f80b   Thumb Code    48  lpc177x_8x_uart.o(.text)
    UART_FullModemConfigMode                 0x0000f83b   Thumb Code    56  lpc177x_8x_uart.o(.text)
    UART_FullModemGetStatus                  0x0000f873   Thumb Code     6  lpc177x_8x_uart.o(.text)
    UART_RS485Config                         0x0000f879   Thumb Code    96  lpc177x_8x_uart.o(.text)
    UART_RS485ReceiverCmd                    0x0000f8d9   Thumb Code    32  lpc177x_8x_uart.o(.text)
    UART_RS485Send                           0x0000f8f9   Thumb Code    88  lpc177x_8x_uart.o(.text)
    UART_RS485SendSlvAddr                    0x0000f951   Thumb Code    18  lpc177x_8x_uart.o(.text)
    UART_RS485SendData                       0x0000f963   Thumb Code    22  lpc177x_8x_uart.o(.text)
    UARTPutChar                              0x0000f97d   Thumb Code    18  debug_frmwrk.o(.text)
    UARTGetChar                              0x0000f98f   Thumb Code    26  debug_frmwrk.o(.text)
    UARTPuts                                 0x0000f9a9   Thumb Code    36  debug_frmwrk.o(.text)
    UARTGetValue                             0x0000f9cd   Thumb Code   348  debug_frmwrk.o(.text)
    UART3SEND                                0x0000fb29   Thumb Code    42  debug_frmwrk.o(.text)
    UARTPuts_                                0x0000fb53   Thumb Code    24  debug_frmwrk.o(.text)
    UARTPutDec                               0x0000fb6b   Thumb Code    96  debug_frmwrk.o(.text)
    UARTPutDec16                             0x0000fbcb   Thumb Code   160  debug_frmwrk.o(.text)
    UARTPutDec32                             0x0000fc6b   Thumb Code   280  debug_frmwrk.o(.text)
    UARTPutHex_                              0x0000fd83   Thumb Code    58  debug_frmwrk.o(.text)
    UARTPutHex                               0x0000fdbd   Thumb Code    66  debug_frmwrk.o(.text)
    UARTPutHex16_                            0x0000fdff   Thumb Code    58  debug_frmwrk.o(.text)
    UARTPutHex16                             0x0000fe39   Thumb Code   192  debug_frmwrk.o(.text)
    UARTPutHex32_                            0x0000fef9   Thumb Code    58  debug_frmwrk.o(.text)
    UARTPutHex32                             0x0000ff33   Thumb Code    68  debug_frmwrk.o(.text)
    _printf                                  0x0000ff77   Thumb Code    38  debug_frmwrk.o(.text)
    debug_frmwrk_init                        0x0000ff9d   Thumb Code   194  debug_frmwrk.o(.text)
    Uart0RecTimeOut                          0x0001005f   Thumb Code    50  debug_frmwrk.o(.text)
    UART0_IRQHandler                         0x00010091   Thumb Code   172  debug_frmwrk.o(.text)
    CRC16                                    0x0001013d   Thumb Code    48  debug_frmwrk.o(.text)
    MODS_SendWithCRC                         0x0001016d   Thumb Code    64  debug_frmwrk.o(.text)
    DMA_SendWithCRC                          0x000101f3   Thumb Code    40  debug_frmwrk.o(.text)
    BEBufToUint16                            0x0001023d   Thumb Code    12  debug_frmwrk.o(.text)
    debug_uart3_init                         0x00010249   Thumb Code   202  debug_frmwrk.o(.text)
    UART3_IRQHandler                         0x00010313   Thumb Code    62  debug_frmwrk.o(.text)
    RecHandle                                0x0001072d   Thumb Code    34  debug_frmwrk.o(.text)
    PINSEL_ConfigPin                         0x0001077b   Thumb Code    40  lpc177x_8x_pinsel.o(.text)
    PINSEL_SetPinMode                        0x000107a3   Thumb Code    40  lpc177x_8x_pinsel.o(.text)
    PINSEL_SetHysMode                        0x000107cb   Thumb Code    46  lpc177x_8x_pinsel.o(.text)
    PINSEL_SetSlewMode                       0x000107f9   Thumb Code    46  lpc177x_8x_pinsel.o(.text)
    PINSEL_SetInBufMode                      0x00010827   Thumb Code    46  lpc177x_8x_pinsel.o(.text)
    PINSEL_SetI2CMode                        0x00010855   Thumb Code    42  lpc177x_8x_pinsel.o(.text)
    PINSEL_SetOpenDrainMode                  0x0001087f   Thumb Code    46  lpc177x_8x_pinsel.o(.text)
    PINSEL_SetAnalogPinMode                  0x000108ad   Thumb Code   126  lpc177x_8x_pinsel.o(.text)
    PINSEL_DacEnable                         0x0001092b   Thumb Code    54  lpc177x_8x_pinsel.o(.text)
    PINSEL_SetFilter                         0x00010961   Thumb Code    74  lpc177x_8x_pinsel.o(.text)
    EEPROM_Init                              0x000109b1   Thumb Code   110  lpc177x_8x_eeprom.o(.text)
    EEPROM_Write                             0x00010a1f   Thumb Code   238  lpc177x_8x_eeprom.o(.text)
    EEPROM_Read                              0x00010b0d   Thumb Code   224  lpc177x_8x_eeprom.o(.text)
    EEPROM_Erase                             0x00010bed   Thumb Code    88  lpc177x_8x_eeprom.o(.text)
    EEPROM_PowerDown                         0x00010c45   Thumb Code    20  lpc177x_8x_eeprom.o(.text)
    GPDMA_Init                               0x00010c69   Thumb Code    68  lpc177x_8x_gpdma.o(.text)
    GPDMA_Setup                              0x00010cad   Thumb Code   592  lpc177x_8x_gpdma.o(.text)
    GPDMA_ChannelCmd                         0x00010efd   Thumb Code    32  lpc177x_8x_gpdma.o(.text)
    GPDMA_IntGetStatus                       0x00010f1d   Thumb Code   148  lpc177x_8x_gpdma.o(.text)
    GPDMA_ClearIntPending                    0x00010fb1   Thumb Code    26  lpc177x_8x_gpdma.o(.text)
    FAT_GetFATType                           0x00010fe9   Thumb Code    48  usbhost_fat.o(.text)
    FAT_Init                                 0x00011019   Thumb Code   328  usbhost_fat.o(.text)
    FAT_PutSFN                               0x00011161   Thumb Code   172  usbhost_fat.o(.text)
    FAT_ChkEntType                           0x0001120d   Thumb Code    34  usbhost_fat.o(.text)
    FAT_GetFreeEntry                         0x0001122f   Thumb Code   106  usbhost_fat.o(.text)
    FAT_StrCaseCmp                           0x00011299   Thumb Code    72  usbhost_fat.o(.text)
    FAT_GetSfnExt                            0x000112e1   Thumb Code    52  usbhost_fat.o(.text)
    FAT_GetSfnName                           0x00011315   Thumb Code    40  usbhost_fat.o(.text)
    FAT_GetSFN                               0x0001133d   Thumb Code    64  usbhost_fat.o(.text)
    FAT_FindEntry                            0x0001137d   Thumb Code   160  usbhost_fat.o(.text)
    FAT_CreateEntry                          0x0001141d   Thumb Code    48  usbhost_fat.o(.text)
    FILE_Open                                0x0001144d   Thumb Code   102  usbhost_fat.o(.text)
    FAT_ClusRead                             0x000114b3   Thumb Code   264  usbhost_fat.o(.text)
    FAT_GetNextClus                          0x000115bb   Thumb Code    82  usbhost_fat.o(.text)
    FILE_Read                                0x0001160d   Thumb Code   224  usbhost_fat.o(.text)
    FAT_UpdateFAT                            0x000116ed   Thumb Code    78  usbhost_fat.o(.text)
    FAT_GetFreeClus                          0x0001173b   Thumb Code    90  usbhost_fat.o(.text)
    FAT_ClusWrite                            0x00011795   Thumb Code   304  usbhost_fat.o(.text)
    FAT_GetEndClus                           0x000118c5   Thumb Code    28  usbhost_fat.o(.text)
    FILE_Write                               0x000118e1   Thumb Code   252  usbhost_fat.o(.text)
    FAT_UpdateEntry                          0x000119dd   Thumb Code    50  usbhost_fat.o(.text)
    FILE_Close                               0x00011a0f   Thumb Code    72  usbhost_fat.o(.text)
    Host_DelayUS                             0x00011a65   Thumb Code    24  usbhost_lpc17xx.o(.text)
    Host_DelayMS                             0x00011a7d   Thumb Code    32  usbhost_lpc17xx.o(.text)
    Host_HCCAInit                            0x00011a9d   Thumb Code    26  usbhost_lpc17xx.o(.text)
    Host_TDInit                              0x00011ab7   Thumb Code    12  usbhost_lpc17xx.o(.text)
    Host_EDInit                              0x00011ac3   Thumb Code    12  usbhost_lpc17xx.o(.text)
    Host_Init                                0x00011acf   Thumb Code   490  usbhost_lpc17xx.o(.text)
    USB_IRQHandler                           0x00011cb9   Thumb Code   352  usbhost_lpc17xx.o(.text)
    Host_WDHWait                             0x00011e19   Thumb Code    18  usbhost_lpc17xx.o(.text)
    Host_ProcessTD                           0x00011e2b   Thumb Code   322  usbhost_lpc17xx.o(.text)
    WriteLE16U                               0x00011f6d   Thumb Code    16  usbhost_lpc17xx.o(.text)
    Host_FillSetup                           0x00011f7d   Thumb Code    86  usbhost_lpc17xx.o(.text)
    Host_CtrlSend                            0x00011fd3   Thumb Code    98  usbhost_lpc17xx.o(.text)
    ReadLE16U                                0x00012035   Thumb Code    22  usbhost_lpc17xx.o(.text)
    Host_CtrlRecv                            0x0001204b   Thumb Code    98  usbhost_lpc17xx.o(.text)
    Host_EnumDev                             0x000120ad   Thumb Code   348  usbhost_lpc17xx.o(.text)
    ReadLE32U                                0x00012209   Thumb Code    32  usbhost_lpc17xx.o(.text)
    WriteLE32U                               0x00012229   Thumb Code    28  usbhost_lpc17xx.o(.text)
    ReadBE32U                                0x00012245   Thumb Code    32  usbhost_lpc17xx.o(.text)
    WriteBE32U                               0x00012265   Thumb Code    28  usbhost_lpc17xx.o(.text)
    ReadBE16U                                0x00012281   Thumb Code    22  usbhost_lpc17xx.o(.text)
    WriteBE16U                               0x00012297   Thumb Code    16  usbhost_lpc17xx.o(.text)
    Fill_MSCommand                           0x000122c1   Thumb Code   186  usbhost_ms.o(.text)
    MS_Inquire                               0x0001237b   Thumb Code   138  usbhost_ms.o(.text)
    MS_ReadCapacity                          0x00012405   Thumb Code   132  usbhost_ms.o(.text)
    MS_GetSenseInfo                          0x00012489   Thumb Code   104  usbhost_ms.o(.text)
    MS_TestUnitReady                         0x000124f1   Thumb Code    80  usbhost_ms.o(.text)
    MS_GetMaxLUN                             0x00012541   Thumb Code    30  usbhost_ms.o(.text)
    MS_Init                                  0x0001255f   Thumb Code    86  usbhost_ms.o(.text)
    MS_ParseConfiguration                    0x000125b5   Thumb Code   204  usbhost_ms.o(.text)
    MS_BulkRecv                              0x00012681   Thumb Code   170  usbhost_ms.o(.text)
    MS_BulkSend                              0x0001272b   Thumb Code   120  usbhost_ms.o(.text)
    strcmp                                   0x000127b5   Thumb Code    28  strcmp.o(.text)
    strncat                                  0x000127d1   Thumb Code    40  strncat.o(.text)
    strcpy                                   0x000127f9   Thumb Code    18  strcpy.o(.text)
    strncmp                                  0x0001280b   Thumb Code    30  strncmp.o(.text)
    __aeabi_fadd                             0x00012829   Thumb Code   164  fadd.o(.text)
    __aeabi_fsub                             0x000128cd   Thumb Code     6  fadd.o(.text)
    __aeabi_frsub                            0x000128d3   Thumb Code     6  fadd.o(.text)
    __aeabi_fmul                             0x000128d9   Thumb Code   100  fmul.o(.text)
    __aeabi_fdiv                             0x0001293d   Thumb Code   124  fdiv.o(.text)
    __aeabi_dadd                             0x000129b9   Thumb Code   322  dadd.o(.text)
    __aeabi_dsub                             0x00012afb   Thumb Code     6  dadd.o(.text)
    __aeabi_drsub                            0x00012b01   Thumb Code     6  dadd.o(.text)
    __aeabi_dmul                             0x00012b07   Thumb Code   228  dmul.o(.text)
    __aeabi_ddiv                             0x00012beb   Thumb Code   222  ddiv.o(.text)
    __aeabi_i2d                              0x00012cc9   Thumb Code    34  dflti.o(.text)
    __aeabi_ui2d                             0x00012ceb   Thumb Code    26  dfltui.o(.text)
    __aeabi_f2uiz                            0x00012d05   Thumb Code    40  ffixui.o(.text)
    __aeabi_d2uiz                            0x00012d2d   Thumb Code    50  dfixui.o(.text)
    __aeabi_f2d                              0x00012d5f   Thumb Code    38  f2d.o(.text)
    __aeabi_cdrcmple                         0x00012d85   Thumb Code    48  cdrcmple.o(.text)
    __aeabi_d2f                              0x00012db5   Thumb Code    56  d2f.o(.text)
    __aeabi_cfcmpeq                          0x00012ded   Thumb Code     0  cfcmple.o(.text)
    __aeabi_cfcmple                          0x00012ded   Thumb Code    20  cfcmple.o(.text)
    __aeabi_cfrcmple                         0x00012e01   Thumb Code    20  cfrcmple.o(.text)
    __aeabi_uidiv                            0x00012e15   Thumb Code     0  uidiv.o(.text)
    __aeabi_uidivmod                         0x00012e15   Thumb Code    44  uidiv.o(.text)
    __aeabi_llsl                             0x00012e41   Thumb Code    30  llshl.o(.text)
    _ll_shift_l                              0x00012e41   Thumb Code     0  llshl.o(.text)
    __aeabi_llsr                             0x00012e5f   Thumb Code    32  llushr.o(.text)
    _ll_ushift_r                             0x00012e5f   Thumb Code     0  llushr.o(.text)
    __aeabi_lasr                             0x00012e7f   Thumb Code    36  llsshr.o(.text)
    _ll_sshift_r                             0x00012e7f   Thumb Code     0  llsshr.o(.text)
    _float_round                             0x00012ea3   Thumb Code    18  fepilogue.o(.text)
    _float_epilogue                          0x00012eb5   Thumb Code    92  fepilogue.o(.text)
    _double_round                            0x00012f11   Thumb Code    30  depilogue.o(.text)
    _double_epilogue                         0x00012f2f   Thumb Code   156  depilogue.o(.text)
    __ARM_scalbn                             0x00012fcb   Thumb Code    46  dscalb.o(.text)
    scalbn                                   0x00012fcb   Thumb Code     0  dscalb.o(.text)
    __aeabi_d2ulz                            0x00012ff9   Thumb Code    48  dfixul.o(.text)
    __scatterload                            0x00013029   Thumb Code    28  init.o(.text)
    __scatterload_rt2                        0x00013029   Thumb Code     0  init.o(.text)
    _dsqrt                                   0x0001304d   Thumb Code   162  dsqrt.o(.text)
    __decompress                             0x000130ef   Thumb Code     0  __dczerorl2.o(.text)
    __decompress1                            0x000130ef   Thumb Code    86  __dczerorl2.o(.text)
    __0sprintf                               0x00013145   Thumb Code    34  printfa.o(i.__0sprintf)
    __1sprintf                               0x00013145   Thumb Code     0  printfa.o(i.__0sprintf)
    __2sprintf                               0x00013145   Thumb Code     0  printfa.o(i.__0sprintf)
    __c89sprintf                             0x00013145   Thumb Code     0  printfa.o(i.__0sprintf)
    sprintf                                  0x00013145   Thumb Code     0  printfa.o(i.__0sprintf)
    __0vsprintf                              0x0001316d   Thumb Code    30  printfa.o(i.__0vsprintf)
    __1vsprintf                              0x0001316d   Thumb Code     0  printfa.o(i.__0vsprintf)
    __2vsprintf                              0x0001316d   Thumb Code     0  printfa.o(i.__0vsprintf)
    __c89vsprintf                            0x0001316d   Thumb Code     0  printfa.o(i.__0vsprintf)
    vsprintf                                 0x0001316d   Thumb Code     0  printfa.o(i.__0vsprintf)
    __ARM_fpclassify                         0x00013191   Thumb Code    40  fpclassify.o(i.__ARM_fpclassify)
    __kernel_poly                            0x000131b9   Thumb Code   170  poly.o(i.__kernel_poly)
    __mathlib_dbl_divzero                    0x00013265   Thumb Code    12  dunder.o(i.__mathlib_dbl_divzero)
    __mathlib_dbl_infnan2                    0x00013275   Thumb Code     4  dunder.o(i.__mathlib_dbl_infnan2)
    __mathlib_dbl_invalid                    0x00013279   Thumb Code    12  dunder.o(i.__mathlib_dbl_invalid)
    __mathlib_dbl_overflow                   0x00013285   Thumb Code    14  dunder.o(i.__mathlib_dbl_overflow)
    __mathlib_dbl_underflow                  0x00013295   Thumb Code    10  dunder.o(i.__mathlib_dbl_underflow)
    __scatterload_copy                       0x000132a5   Thumb Code    14  handlers.o(i.__scatterload_copy)
    __scatterload_zeroinit                   0x000132b3   Thumb Code    14  handlers.o(i.__scatterload_zeroinit)
    __set_errno                              0x000132c1   Thumb Code     6  errno.o(i.__set_errno)
    pow                                      0x00013b89   Thumb Code  2512  pow.o(i.pow)
    sqrt                                     0x00014561   Thumb Code    76  sqrt.o(i.sqrt)
    GB_21                                    0x000145ac   Data        7735  lpc177x_8x_lcd.o(.constdata)
    GB_16                                    0x000163e3   Data        5984  lpc177x_8x_lcd.o(.constdata)
    LogoStream                               0x00017b44   Data        1440  logo.o(.constdata)
    Num_1                                    0x000180e4   Data          81  use_disp.o(.constdata)
    Test_Setitem_E                           0x00018135   Data          80  use_disp.o(.constdata)
    Test_Setitem                             0x00018185   Data          90  use_disp.o(.constdata)
    Fac_Calitem                              0x000181df   Data          90  use_disp.o(.constdata)
    Fac_ICalitem                             0x00018239   Data          90  use_disp.o(.constdata)
    CtrV_Calitem                             0x00018293   Data          90  use_disp.o(.constdata)
    Button_TipPage1                          0x000182ed   Data          40  use_disp.o(.constdata)
    Button_TipPage2                          0x00018315   Data          40  use_disp.o(.constdata)
    Button_TipPage3                          0x0001833d   Data          40  use_disp.o(.constdata)
    Cp_Button_Tip                            0x00018365   Data          40  use_disp.o(.constdata)
    Cs_Button_Tip                            0x0001838d   Data          40  use_disp.o(.constdata)
    Lp_Button_Tip1                           0x000183b5   Data          40  use_disp.o(.constdata)
    Lp_Button_Tip2                           0x000183dd   Data          40  use_disp.o(.constdata)
    Ls_Button_Tip                            0x00018405   Data          40  use_disp.o(.constdata)
    Z_Button_Tip                             0x0001842d   Data          40  use_disp.o(.constdata)
    Y_Button_Tip                             0x00018455   Data          40  use_disp.o(.constdata)
    R_Button_Tip                             0x0001847d   Data          40  use_disp.o(.constdata)
    User_FUNC                                0x000184a5   Data         216  use_disp.o(.constdata)
    RangeDisp_Main                           0x0001857d   Data          92  use_disp.o(.constdata)
    RangeDisp_Second                         0x000185d9   Data          92  use_disp.o(.constdata)
    Fun_SelectValue                          0x00018635   Data          28  use_disp.o(.constdata)
    FreqNum                                  0x00018654   Data         152  use_disp.o(.constdata)
    User_Freq                                0x000186ec   Data         451  use_disp.o(.constdata)
    Setup_Beep_E                             0x000188af   Data          21  use_disp.o(.constdata)
    Setup_Beep                               0x000188c4   Data          21  use_disp.o(.constdata)
    FreqButton_Tip                           0x000188d9   Data          40  use_disp.o(.constdata)
    User_Level                               0x00018901   Data          33  use_disp.o(.constdata)
    LevleButton_Tip                          0x00018922   Data          16  use_disp.o(.constdata)
    User_Range                               0x00018932   Data          77  use_disp.o(.constdata)
    RangeButton_Tip                          0x0001897f   Data          32  use_disp.o(.constdata)
    User_Biad                                0x0001899f   Data          11  use_disp.o(.constdata)
    BiasButton_Tip                           0x000189aa   Data          16  use_disp.o(.constdata)
    User_Speed                               0x000189ba   Data          33  use_disp.o(.constdata)
    SpeedButton_Tip                          0x000189db   Data          24  use_disp.o(.constdata)
    User_Comp                                0x000189f3   Data          22  use_disp.o(.constdata)
    Limit_Scan_Fun                           0x00018a09   Data          10  use_disp.o(.constdata)
    Limit_Scan_Page                          0x00018a13   Data          14  use_disp.o(.constdata)
    Sys_Bais_Value                           0x00018a21   Data          21  use_disp.o(.constdata)
    Sys_Addr_value                           0x00018a36   Data          42  use_disp.o(.constdata)
    Switch_Value                             0x00018a60   Data          15  use_disp.o(.constdata)
    CompButton_Tip                           0x00018a6f   Data          16  use_disp.o(.constdata)
    User_ListMode                            0x00018a7f   Data          22  use_disp.o(.constdata)
    ListModeButton_Tip                       0x00018a95   Data          16  use_disp.o(.constdata)
    Setup_Trig                               0x00018aa5   Data          44  use_disp.o(.constdata)
    SetupTrig_Button_Tip                     0x00018ad1   Data          32  use_disp.o(.constdata)
    Setup_Alc                                0x00018af1   Data          22  use_disp.o(.constdata)
    SetupAlc_Button_Tip                      0x00018b07   Data          16  use_disp.o(.constdata)
    Setup_Rsou                               0x00018b17   Data          22  use_disp.o(.constdata)
    SetupRsou_Button_Tip                     0x00018b2d   Data          16  use_disp.o(.constdata)
    SetupTrigDly_Button_Tip                  0x00018b3d   Data          16  use_disp.o(.constdata)
    Setup_Rev_A                              0x00018b4d   Data          33  use_disp.o(.constdata)
    SetupRev_A_Button_Tip                    0x00018b6e   Data          24  use_disp.o(.constdata)
    Setup_Rev_B                              0x00018b86   Data          33  use_disp.o(.constdata)
    SetupRev_B_Button_Tip                    0x00018ba7   Data          24  use_disp.o(.constdata)
    SetupAvg_Button_Tip                      0x00018bbf   Data          16  use_disp.o(.constdata)
    Setup_Vm                                 0x00018bcf   Data          22  use_disp.o(.constdata)
    SetupVm_Button_Tip                       0x00018be5   Data          16  use_disp.o(.constdata)
    Setup_Dcr                                0x00018bf5   Data          22  use_disp.o(.constdata)
    SetupDcr_Button_Tip                      0x00018c0b   Data          16  use_disp.o(.constdata)
    SetupRefa_Button_Tip                     0x00018c1b   Data           8  use_disp.o(.constdata)
    SetupRefB_Button_Tip                     0x00018c23   Data           8  use_disp.o(.constdata)
    Correct_Open                             0x00018c2b   Data          22  use_disp.o(.constdata)
    CorrectOpen_Button_Tip                   0x00018c41   Data          16  use_disp.o(.constdata)
    Correct_Short                            0x00018c51   Data          22  use_disp.o(.constdata)
    CorrectShort_Button_Tip                  0x00018c67   Data          16  use_disp.o(.constdata)
    Correct_Load                             0x00018c77   Data          22  use_disp.o(.constdata)
    CorrectLoad_Button_Tip                   0x00018c8d   Data          16  use_disp.o(.constdata)
    CorrectSpot_Button_Tip                   0x00018c9d   Data          32  use_disp.o(.constdata)
    Correct_Freq                             0x00018cbd   Data          22  use_disp.o(.constdata)
    CorrectFreq_Button_Tip                   0x00018cd3   Data          16  use_disp.o(.constdata)
    Correct_Cable                            0x00018ce3   Data          44  use_disp.o(.constdata)
    CorrectCable_Button_Tip                  0x00018d0f   Data          32  use_disp.o(.constdata)
    Range_Item                               0x00018d2f   Data          48  use_disp.o(.constdata)
    Range_Item_E                             0x00018d5f   Data          48  use_disp.o(.constdata)
    Set_testitem                             0x00018d8f   Data          72  use_disp.o(.constdata)
    Set_testitem_E                           0x00018dd7   Data          60  use_disp.o(.constdata)
    Sys_Setitem                              0x00018e13   Data         132  use_disp.o(.constdata)
    Sys_Setitem_E                            0x00018e97   Data         132  use_disp.o(.constdata)
    All_TopName                              0x00018f1b   Data         242  use_disp.o(.constdata)
    All_TopName_E                            0x0001900d   Data         242  use_disp.o(.constdata)
    Range_Count_Item                         0x000190ff   Data          21  use_disp.o(.constdata)
    Range_Count_Item_E                       0x00019114   Data          21  use_disp.o(.constdata)
    User_Check_Item                          0x00019129   Data          26  use_disp.o(.constdata)
    User_Check_Opencircuit                   0x00019143   Data          16  use_disp.o(.constdata)
    DEBUG_Check_Opencircuit                  0x00019153   Data          16  use_disp.o(.constdata)
    DEBUG_Check_Opencircuit_E                0x00019163   Data          16  use_disp.o(.constdata)
    User_Check_Shortcircuit                  0x00019173   Data          16  use_disp.o(.constdata)
    User_Check_Item_E                        0x00019183   Data          26  use_disp.o(.constdata)
    User_LimitList_Item                      0x0001919d   Data          48  use_disp.o(.constdata)
    User_LimitList_Value                     0x000191cd   Data           8  use_disp.o(.constdata)
    User_LimitList_Item_E                    0x000191d5   Data          48  use_disp.o(.constdata)
    User_LimitList_Item2                     0x00019205   Data          40  use_disp.o(.constdata)
    User_LimitScan_Item2                     0x0001922d   Data          44  use_disp.o(.constdata)
    User_ListScan_Item                       0x00019259   Data          63  use_disp.o(.constdata)
    User_ListScan_Item_E                     0x00019298   Data          63  use_disp.o(.constdata)
    Sys_Language_Value                       0x000192d7   Data          16  use_disp.o(.constdata)
    Sys_Buard_Value                          0x000192e7   Data          56  use_disp.o(.constdata)
    Set_Unit                                 0x0001931f   Data          60  use_disp.o(.constdata)
    Disp_Unit                                0x0001935b   Data          27  use_disp.o(.constdata)
    Disp_Range_Main_NUm                      0x00019376   Data          24  use_disp.o(.constdata)
    Disp_Range_Main_Disp                     0x0001938e   Data          21  use_disp.o(.constdata)
    Main_Func_Comp                           0x000193a4   Data         192  use_disp.o(.constdata)
    Correction_Capacitance                   0x00019464   Data          64  use_disp.o(.constdata)
    Correction_Resist                        0x000194a4   Data          40  use_disp.o(.constdata)
    NUM_OUT                                  0x000194cc   Data          44  use_disp.o(.constdata)
    _C                                       0x00019f70   Data         280  asciilib.o(.constdata)
    _p                                       0x0001a088   Data         280  asciilib.o(.constdata)
    _num                                     0x0001a1a0   Data        2720  asciilib.o(.constdata)
    Out_Assic                                0x0001ac40   Data        8800  asciilib.o(.constdata)
    nBitmapDot                               0x0001cea0   Data         144  asciilib.o(.constdata)
    gImage_open                              0x0001cf30   Data       391680  test.o(.constdata)
    Disp_Unit1                               0x0007c930   Data           7  test.o(.constdata)
    Uart_Ordel                               0x0007c937   Data           9  test.o(.constdata)
    READDATA                                 0x0007c940   Data           7  test.o(.constdata)
    Disp_Main_Ord                            0x0007c947   Data          69  test.o(.constdata)
    UNIT_VALUE                               0x0007c98c   Data          60  test.o(.constdata)
    Scan_Value                               0x0007c9c8   Data           8  key.o(.constdata)
    s_CRCLo                                  0x0007cad0   Data         256  debug_frmwrk.o(.constdata)
    GPDMA_LUTPerAddr                         0x0007cbd0   Data         128  lpc177x_8x_gpdma.o(.constdata)
    GPDMA_LUTPerBurst                        0x0007cc50   Data          32  lpc177x_8x_gpdma.o(.constdata)
    GPDMA_LUTPerWid                          0x0007cc70   Data          32  lpc177x_8x_gpdma.o(.constdata)
    __mathlib_zero                           0x0007cd18   Data           8  qnan.o(.constdata)
    Region$$Table$$Base                      0x0007cd98   Number         0  anon$$obj.o(Region$$Table)
    Region$$Table$$Limit                     0x0007cdb8   Number         0  anon$$obj.o(Region$$Table)
    SysTickCnt                               0x10000000   Data           4  main.o(.data)
    color_table                              0x10000004   Data          20  main.o(.data)
    timer0_counter                           0x10000018   Data           4  timer.o(.data)
    timer1_counter                           0x1000001c   Data           4  timer.o(.data)
    timer2_counter                           0x10000020   Data           4  timer.o(.data)
    timer3_counter                           0x10000024   Data           4  timer.o(.data)
    Colour                                   0x10000028   Data           8  lpc177x_8x_lcd.o(.data)
    LogoPic                                  0x10000030   Data          28  logo.o(.data)
    CorrectionflagC                          0x1000004c   Data           1  use_disp.o(.data)
    CorrectionflagR                          0x1000004d   Data           1  use_disp.o(.data)
    Correc_successflag                       0x1000004e   Data           1  use_disp.o(.data)
    CmdStr                                   0x1000004f   Data         204  use_disp.o(.data)
    RecStr                                   0x1000011b   Data         204  use_disp.o(.data)
    Setup_Valueall                           0x100001e8   Data           8  use_disp.o(.data)
    PASSWORD                                 0x100001f0   Data           4  test.o(.data)
    Avg_Count                                0x100001f4   Data           1  test.o(.data)
    primcomp                                 0x100001f5   Data           1  test.o(.data)
    scedcomp                                 0x100001f6   Data           1  test.o(.data)
    Tick_10ms                                0x100001f8   Data           4  test.o(.data)
    OldTick                                  0x100001fc   Data           4  test.o(.data)
    Send_Mainord                             0x10000224   Data           6  globalvalue.o(.data)
    usb_oenflag                              0x1000022a   Data           1  globalvalue.o(.data)
    Debug_over                               0x1000022b   Data           1  globalvalue.o(.data)
    Comp_flag                                0x1000022c   Data           1  globalvalue.o(.data)
    debug_over                               0x1000022d   Data           1  globalvalue.o(.data)
    Rtc_intflag                              0x1000022e   Data           1  globalvalue.o(.data)
    mainswitch                               0x1000022f   Data           1  globalvalue.o(.data)
    Irange                                   0x10000230   Data           1  globalvalue.o(.data)
    overflag                                 0x10000231   Data           1  globalvalue.o(.data)
    V_CS                                     0x10000234   Data           4  globalvalue.o(.data)
    I_CS                                     0x10000238   Data           4  globalvalue.o(.data)
    Mode                                     0x1000023c   Data           1  globalvalue.o(.data)
    LM_S                                     0x1000023d   Data           1  globalvalue.o(.data)
    busyflag                                 0x1000023e   Data           1  globalvalue.o(.data)
    ptflag                                   0x1000023f   Data           1  globalvalue.o(.data)
    I_ADC                                    0x10000240   Data           2  globalvalue.o(.data)
    V_ADC                                    0x10000242   Data           2  globalvalue.o(.data)
    g_mods_timeout                           0x10000244   Data           1  globalvalue.o(.data)
    LOW_I                                    0x10000245   Data           1  globalvalue.o(.data)
    H_L                                      0x10000246   Data           1  globalvalue.o(.data)
    SWITCH_A                                 0x10000247   Data           1  globalvalue.o(.data)
    LVL_DA                                   0x10000248   Data           4  globalvalue.o(.data)
    softswitch                               0x1000024c   Data           1  globalvalue.o(.data)
    temperature                              0x1000024d   Data           1  globalvalue.o(.data)
    sendflag                                 0x1000024e   Data           1  globalvalue.o(.data)
    Uart_Send_Flag                           0x1000024f   Data           1  globalvalue.o(.data)
    MenuIndex                                0x10000250   Data           4  globalvalue.o(.data)
    MenuSelect                               0x10000254   Data           4  globalvalue.o(.data)
    SystemStatus                             0x10000258   Data           4  globalvalue.o(.data)
    SystemMessage                            0x1000025c   Data           4  globalvalue.o(.data)
    Disp_Coordinates                         0x10000260   Data           6  globalvalue.o(.data)
    Usb_Open_flag                            0x10000266   Data           1  globalvalue.o(.data)
    DMADest_Buffer                           0x10000269   Data           8  dma.o(.data)
    SystemCoreClock                          0x10000274   Data           4  system_lpc177x_8x.o(.data)
    PeripheralClock                          0x10000278   Data           4  system_lpc177x_8x.o(.data)
    EMCClock                                 0x1000027c   Data           4  system_lpc177x_8x.o(.data)
    USBClock                                 0x10000280   Data           4  system_lpc177x_8x.o(.data)
    _db_msg                                  0x10000284   Data           4  debug_frmwrk.o(.data)
    _db_msg_                                 0x10000288   Data           4  debug_frmwrk.o(.data)
    _db_char                                 0x1000028c   Data           4  debug_frmwrk.o(.data)
    _db_dec                                  0x10000290   Data           4  debug_frmwrk.o(.data)
    _db_dec_16                               0x10000294   Data           4  debug_frmwrk.o(.data)
    _db_dec_32                               0x10000298   Data           4  debug_frmwrk.o(.data)
    _db_hex                                  0x1000029c   Data           4  debug_frmwrk.o(.data)
    _db_hex_16                               0x100002a0   Data           4  debug_frmwrk.o(.data)
    _db_hex_32                               0x100002a4   Data           4  debug_frmwrk.o(.data)
    _db_hex_                                 0x100002a8   Data           4  debug_frmwrk.o(.data)
    _db_hex_16_                              0x100002ac   Data           4  debug_frmwrk.o(.data)
    _db_hex_32_                              0x100002b0   Data           4  debug_frmwrk.o(.data)
    _db_get_char                             0x100002b4   Data           4  debug_frmwrk.o(.data)
    _db_get_val                              0x100002b8   Data           4  debug_frmwrk.o(.data)
    USART_RX_STA                             0x100002bc   Data           2  debug_frmwrk.o(.data)
    pGPDMACh                                 0x100002c0   Data          32  lpc177x_8x_gpdma.o(.data)
    gUSBConnected                            0x100002e0   Data           4  usbhost_lpc17xx.o(.data)
    HOST_RhscIntr                            0x100002e4   Data           4  usbhost_lpc17xx.o(.data)
    HOST_WdhIntr                             0x100002e8   Data           4  usbhost_lpc17xx.o(.data)
    HOST_TDControlStatus                     0x100002ec   Data           1  usbhost_lpc17xx.o(.data)
    EDCtrl                                   0x100002f0   Data           4  usbhost_lpc17xx.o(.data)
    EDBulkIn                                 0x100002f4   Data           4  usbhost_lpc17xx.o(.data)
    EDBulkOut                                0x100002f8   Data           4  usbhost_lpc17xx.o(.data)
    TDHead                                   0x100002fc   Data           4  usbhost_lpc17xx.o(.data)
    TDTail                                   0x10000300   Data           4  usbhost_lpc17xx.o(.data)
    Hcca                                     0x10000304   Data           4  usbhost_lpc17xx.o(.data)
    TDBufNonVol                              0x10000308   Data           4  usbhost_lpc17xx.o(.data)
    TDBuffer                                 0x1000030c   Data           4  usbhost_lpc17xx.o(.data)
    FATBuffer                                0x10000310   Data           4  usbhost_lpc17xx.o(.data)
    UserBuffer                               0x10000314   Data           4  usbhost_lpc17xx.o(.data)
    UnrecoverableIntCount                    0x10000318   Data           4  usbhost_lpc17xx.o(.data)
    MS_BlkSize                               0x1000031c   Data           4  usbhost_ms.o(.data)
    Avg_Test_Main                            0x10000328   Data         150  test.o(.bss)
    Avg_Test_Second                          0x100003be   Data         150  test.o(.bss)
    USART_RX_BUF                             0x10000454   Data         200  test.o(.bss)
    SaveData                                 0x1000051c   Data       15120  globalvalue.o(.bss)
    SaveSIM                                  0x1000402c   Data         604  globalvalue.o(.bss)
    Saveeeprom                               0x10004288   Data         652  globalvalue.o(.bss)
    Test_Dispvalue                           0x10004514   Data         172  globalvalue.o(.bss)
    Comp_Testvalue                           0x100045c0   Data          96  globalvalue.o(.bss)
    Comp_Change                              0x10004620   Data          80  globalvalue.o(.bss)
    g_tModS                                  0x10004670   Data         163  globalvalue.o(.bss)
    Count_buff                               0x10004714   Data          48  globalvalue.o(.bss)
    DispBuf                                  0x10004744   Data          12  globalvalue.o(.bss)
    RTC_TIME_DISP                            0x10004750   Data          32  rtc.o(.bss)
    DMAsend_Buffer                           0x10004770   Data          21  dma.o(.bss)
    GPDMACfg                                 0x10004788   Data          36  dma.o(.bss)
    GPDMACfg1                                0x100047ac   Data          36  dma.o(.bss)
    ComBuf                                   0x100047d0   Data          88  debug_frmwrk.o(.bss)
    ComBuf3                                  0x10004828   Data          88  debug_frmwrk.o(.bss)
    recbuf                                   0x10004880   Data         200  debug_frmwrk.o(.bss)
    __initial_sp                             0x10004f58   Data           0  startup_lpc177x_8x.o(STACK)



==============================================================================

Memory Map of the image

  Image Entry point : 0x000000e5

  Load Region LR_IROM1 (Base: 0x00000000, Size: 0x0007d0e0, Max: 0x00080000, ABSOLUTE, COMPRESSED[0x0007cebc])

    Execution Region ER_IROM1 (Exec base: 0x00000000, Load base: 0x00000000, Size: 0x0007cdb8, Max: 0x00080000, ABSOLUTE)

    Exec Addr    Load Addr    Size         Type   Attr      Idx    E Section Name        Object

    0x00000000   0x00000000   0x000000e4   Data   RO          486    RESET               startup_lpc177x_8x.o
    0x000000e4   0x000000e4   0x00000000   Code   RO          775  * .ARM.Collect$$$$00000000  mc_w.l(entry.o)
    0x000000e4   0x000000e4   0x00000004   Code   RO         1124    .ARM.Collect$$$$00000001  mc_w.l(entry2.o)
    0x000000e8   0x000000e8   0x00000004   Code   RO         1127    .ARM.Collect$$$$00000004  mc_w.l(entry5.o)
    0x000000ec   0x000000ec   0x00000000   Code   RO         1129    .ARM.Collect$$$$00000008  mc_w.l(entry7b.o)
    0x000000ec   0x000000ec   0x00000000   Code   RO         1131    .ARM.Collect$$$$0000000A  mc_w.l(entry8b.o)
    0x000000ec   0x000000ec   0x00000008   Code   RO         1132    .ARM.Collect$$$$0000000B  mc_w.l(entry9a.o)
    0x000000f4   0x000000f4   0x00000000   Code   RO         1134    .ARM.Collect$$$$0000000D  mc_w.l(entry10a.o)
    0x000000f4   0x000000f4   0x00000000   Code   RO         1136    .ARM.Collect$$$$0000000F  mc_w.l(entry11a.o)
    0x000000f4   0x000000f4   0x00000004   Code   RO         1125    .ARM.Collect$$$$00002712  mc_w.l(entry2.o)
    0x000000f8   0x000000f8   0x00000040   Code   RO          307    .text               asciilib.o
    0x00000138   0x00000138   0x00000040   Code   RO          376    .text               globalvalue.o
    0x00000178   0x00000178   0x00000068   Code   RO          436    .text               rtc.o
    0x000001e0   0x000001e0   0x00000024   Code   RO          488    .text               startup_lpc177x_8x.o
    0x00000204   0x00000204   0x00000062   Code   RO          778    .text               mc_w.l(uldiv.o)
    0x00000266   0x00000266   0x00000040   Code   RO          782    .text               mc_w.l(memmovea.o)
    0x000002a6   0x000002a6   0x00000024   Code   RO          784    .text               mc_w.l(memseta.o)
    0x000002ca   0x000002ca   0x00000018   Code   RO          786    .text               mc_w.l(strcat.o)
    0x000002e2   0x000002e2   0x0000000e   Code   RO          788    .text               mc_w.l(strlen.o)
    0x000002f0   0x000002f0   0x0000000a   Code   RO         1075    .text               mf_w.l(ffltui.o)
    0x000002fa   0x000002fa   0x00000000   Code   RO         1156    .text               mc_w.l(iusefp.o)
    0x000002fa   0x000002fa   0x00000002   Code   RO         1174    i.__scatterload_null  mc_w.l(handlers.o)
    0x000002fc   0x000002fc   0x00000004   Code   RO          487    .ARM.__at_0x02FC    startup_lpc177x_8x.o
    0x00000300   0x00000300   0x00000288   Code   RO            2    .text               ex_sdram.o
    0x00000588   0x00000588   0x00000268   Code   RO           54    .text               main.o
    0x000007f0   0x000007f0   0x00000324   Code   RO          163    .text               timer.o
    0x00000b14   0x00000b14   0x00000d04   Code   RO          190    .text               lpc177x_8x_lcd.o
    0x00001818   0x00001818   0x000074e8   Code   RO          265    .text               use_disp.o
    0x00008d00   0x00008d00   0x00004e94   Code   RO          326    .text               test.o
    0x0000db94   0x0000db94   0x000005e6   Code   RO          400    .text               lpc177x_8x_rtc.o
    0x0000e17a   0x0000e17a   0x00000002   PAD
    0x0000e17c   0x0000e17c   0x000004ec   Code   RO          416    .text               key.o
    0x0000e668   0x0000e668   0x000001f4   Code   RO          458    .text               dma.o
    0x0000e85c   0x0000e85c   0x00000384   Code   RO          495    .text               system_lpc177x_8x.o
    0x0000ebe0   0x0000ebe0   0x00000452   Code   RO          523    .text               lpc177x_8x_gpio.o
    0x0000f032   0x0000f032   0x00000002   PAD
    0x0000f034   0x0000f034   0x00000110   Code   RO          558    .text               lpc177x_8x_clkpwr.o
    0x0000f144   0x0000f144   0x00000838   Code   RO          593    .text               lpc177x_8x_uart.o
    0x0000f97c   0x0000f97c   0x00000dec   Code   RO          609    .text               debug_frmwrk.o
    0x00010768   0x00010768   0x00000248   Code   RO          639    .text               lpc177x_8x_pinsel.o
    0x000109b0   0x000109b0   0x000002b8   Code   RO          655    .text               lpc177x_8x_eeprom.o
    0x00010c68   0x00010c68   0x00000380   Code   RO          671    .text               lpc177x_8x_gpdma.o
    0x00010fe8   0x00010fe8   0x00000a7c   Code   RO          694    .text               usbhost_fat.o
    0x00011a64   0x00011a64   0x0000085c   Code   RO          712    .text               usbhost_lpc17xx.o
    0x000122c0   0x000122c0   0x000004f4   Code   RO          744    .text               usbhost_ms.o
    0x000127b4   0x000127b4   0x0000001c   Code   RO          790    .text               mc_w.l(strcmp.o)
    0x000127d0   0x000127d0   0x00000028   Code   RO          792    .text               mc_w.l(strncat.o)
    0x000127f8   0x000127f8   0x00000012   Code   RO          794    .text               mc_w.l(strcpy.o)
    0x0001280a   0x0001280a   0x0000001e   Code   RO          796    .text               mc_w.l(strncmp.o)
    0x00012828   0x00012828   0x000000b0   Code   RO         1063    .text               mf_w.l(fadd.o)
    0x000128d8   0x000128d8   0x00000064   Code   RO         1065    .text               mf_w.l(fmul.o)
    0x0001293c   0x0001293c   0x0000007c   Code   RO         1067    .text               mf_w.l(fdiv.o)
    0x000129b8   0x000129b8   0x0000014e   Code   RO         1069    .text               mf_w.l(dadd.o)
    0x00012b06   0x00012b06   0x000000e4   Code   RO         1071    .text               mf_w.l(dmul.o)
    0x00012bea   0x00012bea   0x000000de   Code   RO         1073    .text               mf_w.l(ddiv.o)
    0x00012cc8   0x00012cc8   0x00000022   Code   RO         1077    .text               mf_w.l(dflti.o)
    0x00012cea   0x00012cea   0x0000001a   Code   RO         1079    .text               mf_w.l(dfltui.o)
    0x00012d04   0x00012d04   0x00000028   Code   RO         1081    .text               mf_w.l(ffixui.o)
    0x00012d2c   0x00012d2c   0x00000032   Code   RO         1083    .text               mf_w.l(dfixui.o)
    0x00012d5e   0x00012d5e   0x00000026   Code   RO         1085    .text               mf_w.l(f2d.o)
    0x00012d84   0x00012d84   0x00000030   Code   RO         1089    .text               mf_w.l(cdrcmple.o)
    0x00012db4   0x00012db4   0x00000038   Code   RO         1091    .text               mf_w.l(d2f.o)
    0x00012dec   0x00012dec   0x00000014   Code   RO         1093    .text               mf_w.l(cfcmple.o)
    0x00012e00   0x00012e00   0x00000014   Code   RO         1095    .text               mf_w.l(cfrcmple.o)
    0x00012e14   0x00012e14   0x0000002c   Code   RO         1141    .text               mc_w.l(uidiv.o)
    0x00012e40   0x00012e40   0x0000001e   Code   RO         1143    .text               mc_w.l(llshl.o)
    0x00012e5e   0x00012e5e   0x00000020   Code   RO         1145    .text               mc_w.l(llushr.o)
    0x00012e7e   0x00012e7e   0x00000024   Code   RO         1147    .text               mc_w.l(llsshr.o)
    0x00012ea2   0x00012ea2   0x0000006e   Code   RO         1157    .text               mf_w.l(fepilogue.o)
    0x00012f10   0x00012f10   0x000000ba   Code   RO         1159    .text               mf_w.l(depilogue.o)
    0x00012fca   0x00012fca   0x0000002e   Code   RO         1161    .text               mf_w.l(dscalb.o)
    0x00012ff8   0x00012ff8   0x00000030   Code   RO         1163    .text               mf_w.l(dfixul.o)
    0x00013028   0x00013028   0x00000024   Code   RO         1165    .text               mc_w.l(init.o)
    0x0001304c   0x0001304c   0x000000a2   Code   RO         1169    .text               mf_w.l(dsqrt.o)
    0x000130ee   0x000130ee   0x00000056   Code   RO         1179    .text               mc_w.l(__dczerorl2.o)
    0x00013144   0x00013144   0x00000028   Code   RO         1037    i.__0sprintf        mc_w.l(printfa.o)
    0x0001316c   0x0001316c   0x00000024   Code   RO         1041    i.__0vsprintf       mc_w.l(printfa.o)
    0x00013190   0x00013190   0x00000028   Code   RO         1111    i.__ARM_fpclassify  m_ws.l(fpclassify.o)
    0x000131b8   0x000131b8   0x000000aa   Code   RO         1113    i.__kernel_poly     m_ws.l(poly.o)
    0x00013262   0x00013262   0x00000002   PAD
    0x00013264   0x00013264   0x00000010   Code   RO         1097    i.__mathlib_dbl_divzero  m_ws.l(dunder.o)
    0x00013274   0x00013274   0x00000004   Code   RO         1099    i.__mathlib_dbl_infnan2  m_ws.l(dunder.o)
    0x00013278   0x00013278   0x0000000c   Code   RO         1100    i.__mathlib_dbl_invalid  m_ws.l(dunder.o)
    0x00013284   0x00013284   0x0000000e   Code   RO         1101    i.__mathlib_dbl_overflow  m_ws.l(dunder.o)
    0x00013292   0x00013292   0x00000002   PAD
    0x00013294   0x00013294   0x00000010   Code   RO         1103    i.__mathlib_dbl_underflow  m_ws.l(dunder.o)
    0x000132a4   0x000132a4   0x0000000e   Code   RO         1173    i.__scatterload_copy  mc_w.l(handlers.o)
    0x000132b2   0x000132b2   0x0000000e   Code   RO         1175    i.__scatterload_zeroinit  mc_w.l(handlers.o)
    0x000132c0   0x000132c0   0x0000000c   Code   RO         1151    i.__set_errno       mc_w.l(errno.o)
    0x000132cc   0x000132cc   0x00000184   Code   RO         1042    i._fp_digits        mc_w.l(printfa.o)
    0x00013450   0x00013450   0x000006dc   Code   RO         1043    i._printf_core      mc_w.l(printfa.o)
    0x00013b2c   0x00013b2c   0x00000024   Code   RO         1044    i._printf_post_padding  mc_w.l(printfa.o)
    0x00013b50   0x00013b50   0x0000002e   Code   RO         1045    i._printf_pre_padding  mc_w.l(printfa.o)
    0x00013b7e   0x00013b7e   0x0000000a   Code   RO         1047    i._sputc            mc_w.l(printfa.o)
    0x00013b88   0x00013b88   0x000009d8   Code   RO          766    i.pow               m_ws.l(pow.o)
    0x00014560   0x00014560   0x0000004c   Code   RO         1117    i.sqrt              m_ws.l(sqrt.o)
    0x000145ac   0x000145ac   0x00003597   Data   RO          191    .constdata          lpc177x_8x_lcd.o
    0x00017b43   0x00017b43   0x00000001   PAD
    0x00017b44   0x00017b44   0x000005a0   Data   RO          227    .constdata          logo.o
    0x000180e4   0x000180e4   0x00001428   Data   RO          266    .constdata          use_disp.o
    0x0001950c   0x0001950c   0x00003a24   Data   RO          308    .constdata          asciilib.o
    0x0001cf30   0x0001cf30   0x0005fa98   Data   RO          328    .constdata          test.o
    0x0007c9c8   0x0007c9c8   0x00000008   Data   RO          417    .constdata          key.o
    0x0007c9d0   0x0007c9d0   0x00000200   Data   RO          611    .constdata          debug_frmwrk.o
    0x0007cbd0   0x0007cbd0   0x000000c0   Data   RO          672    .constdata          lpc177x_8x_gpdma.o
    0x0007cc90   0x0007cc90   0x00000088   Data   RO          767    .constdata          m_ws.l(pow.o)
    0x0007cd18   0x0007cd18   0x00000008   Data   RO         1115    .constdata          m_ws.l(qnan.o)
    0x0007cd20   0x0007cd20   0x0000000e   Data   RO          228    .conststring        logo.o
    0x0007cd2e   0x0007cd2e   0x00000002   PAD
    0x0007cd30   0x0007cd30   0x00000009   Data   RO          329    .conststring        test.o
    0x0007cd39   0x0007cd39   0x00000003   PAD
    0x0007cd3c   0x0007cd3c   0x00000059   Data   RO          612    .conststring        debug_frmwrk.o
    0x0007cd95   0x0007cd95   0x00000003   PAD
    0x0007cd98   0x0007cd98   0x00000020   Data   RO         1171    Region$$Table       anon$$obj.o


    Execution Region RW_IRAM1 (Exec base: 0x10000000, Load base: 0x0007cdb8, Size: 0x00004f58, Max: 0x00010000, ABSOLUTE, COMPRESSED[0x00000104])

    Exec Addr    Load Addr    Size         Type   Attr      Idx    E Section Name        Object

    0x10000000   COMPRESSED   0x00000018   Data   RW           55    .data               main.o
    0x10000018   COMPRESSED   0x00000010   Data   RW          164    .data               timer.o
    0x10000028   COMPRESSED   0x00000008   Data   RW          192    .data               lpc177x_8x_lcd.o
    0x10000030   COMPRESSED   0x0000001c   Data   RW          229    .data               logo.o
    0x1000004c   COMPRESSED   0x000001a4   Data   RW          267    .data               use_disp.o
    0x100001f0   COMPRESSED   0x00000034   Data   RW          330    .data               test.o
    0x10000224   COMPRESSED   0x00000043   Data   RW          378    .data               globalvalue.o
    0x10000267   COMPRESSED   0x00000002   Data   RW          418    .data               key.o
    0x10000269   COMPRESSED   0x00000008   Data   RW          460    .data               dma.o
    0x10000271   COMPRESSED   0x00000003   PAD
    0x10000274   COMPRESSED   0x00000010   Data   RW          496    .data               system_lpc177x_8x.o
    0x10000284   COMPRESSED   0x0000003a   Data   RW          613    .data               debug_frmwrk.o
    0x100002be   COMPRESSED   0x00000002   PAD
    0x100002c0   COMPRESSED   0x00000020   Data   RW          673    .data               lpc177x_8x_gpdma.o
    0x100002e0   COMPRESSED   0x0000003c   Data   RW          713    .data               usbhost_lpc17xx.o
    0x1000031c   COMPRESSED   0x00000008   Data   RW          745    .data               usbhost_ms.o
    0x10000324   COMPRESSED   0x00000004   Data   RW         1152    .data               mc_w.l(errno.o)
    0x10000328        -       0x000001f4   Zero   RW          327    .bss                test.o
    0x1000051c        -       0x00004234   Zero   RW          377    .bss                globalvalue.o
    0x10004750        -       0x00000020   Zero   RW          437    .bss                rtc.o
    0x10004770        -       0x00000060   Zero   RW          459    .bss                dma.o
    0x100047d0        -       0x00000379   Zero   RW          610    .bss                debug_frmwrk.o
    0x10004b49   COMPRESSED   0x00000003   PAD
    0x10004b4c        -       0x00000208   Zero   RW          695    .bss                usbhost_fat.o
    0x10004d54   COMPRESSED   0x00000004   PAD
    0x10004d58        -       0x00000200   Zero   RW          484    STACK               startup_lpc177x_8x.o


==============================================================================

Image component sizes


      Code (inc. data)   RO Data    RW Data    ZI Data      Debug   Object Name

        64         10      14884          0          0       1421   asciilib.o
      3564        292        601         58        889      14810   debug_frmwrk.o
       500         44          0          8         96      18208   dma.o
       648         36          0          0          0      28691   ex_sdram.o
        64          8          0         67      16948       9867   globalvalue.o
      1260         18          8          2          0       5856   key.o
         0          0       1454         28          0        481   logo.o
       272         28          0          0          0       1527   lpc177x_8x_clkpwr.o
       696         16          0          0          0       1909   lpc177x_8x_eeprom.o
       896         36        192         32          0       7201   lpc177x_8x_gpdma.o
      1106         28          0          0          0       9280   lpc177x_8x_gpio.o
      3332         80      13719          8          0      21421   lpc177x_8x_lcd.o
       584          6          0          0          0       4770   lpc177x_8x_pinsel.o
      1510         64          0          0          0       5615   lpc177x_8x_rtc.o
      2104         30          0          0          0       9545   lpc177x_8x_uart.o
       616         44          0         24          0      51404   main.o
       104         14          0          0         32       3337   rtc.o
        40         12        228          0        512       1096   startup_lpc177x_8x.o
       900         38          0         16          0       1271   system_lpc177x_8x.o
     20116       1408     391841         52        500      53875   test.o
       804         44          0         16          0      19341   timer.o
      2684         40          0          0        520       9416   usbhost_fat.o
      2140        126          0         60          0      26203   usbhost_lpc17xx.o
      1268         42          0          8          0       4941   usbhost_ms.o
     29928       2502       5160        420          0      45231   use_disp.o

    ----------------------------------------------------------------------
     75204       4966     428128        804      19504     356717   Object Totals
         0          0         32          0          0          0   (incl. Generated)
         4          0          9          5          7          0   (incl. Padding)

    ----------------------------------------------------------------------

      Code (inc. data)   RO Data    RW Data    ZI Data      Debug   Library Member Name

        62         10          0          0          0        340   dunder.o
        40          0          0          0          0         68   fpclassify.o
       170          0          0          0          0         96   poly.o
      2520        190        136          0          0        324   pow.o
         0          0          8          0          0          0   qnan.o
        76          0          0          0          0         84   sqrt.o
        86          0          0          0          0          0   __dczerorl2.o
         0          0          0          0          0          0   entry.o
         0          0          0          0          0          0   entry10a.o
         0          0          0          0          0          0   entry11a.o
         8          4          0          0          0          0   entry2.o
         4          0          0          0          0          0   entry5.o
         0          0          0          0          0          0   entry7b.o
         0          0          0          0          0          0   entry8b.o
         8          4          0          0          0          0   entry9a.o
        12          6          0          4          0         68   errno.o
        30          0          0          0          0          0   handlers.o
        36          8          0          0          0         68   init.o
         0          0          0          0          0          0   iusefp.o
        30          0          0          0          0         68   llshl.o
        36          0          0          0          0         68   llsshr.o
        32          0          0          0          0         68   llushr.o
        64          0          0          0          0         76   memmovea.o
        36          0          0          0          0        108   memseta.o
      2312         92          0          0          0        600   printfa.o
        24          0          0          0          0         68   strcat.o
        28          0          0          0          0         76   strcmp.o
        18          0          0          0          0         68   strcpy.o
        14          0          0          0          0         68   strlen.o
        40          0          0          0          0         76   strncat.o
        30          0          0          0          0         80   strncmp.o
        44          0          0          0          0         80   uidiv.o
        98          0          0          0          0         92   uldiv.o
        48          0          0          0          0         68   cdrcmple.o
        20          0          0          0          0         68   cfcmple.o
        20          0          0          0          0         68   cfrcmple.o
        56          0          0          0          0         88   d2f.o
       334          0          0          0          0        148   dadd.o
       222          0          0          0          0        100   ddiv.o
       186          0          0          0          0        176   depilogue.o
        50          0          0          0          0         76   dfixui.o
        48          0          0          0          0         68   dfixul.o
        34          0          0          0          0         76   dflti.o
        26          0          0          0          0         76   dfltui.o
       228          0          0          0          0         96   dmul.o
        46          0          0          0          0         80   dscalb.o
       162          0          0          0          0        100   dsqrt.o
        38          0          0          0          0         68   f2d.o
       176          0          0          0          0        140   fadd.o
       124          0          0          0          0         88   fdiv.o
       110          0          0          0          0        168   fepilogue.o
        40          0          0          0          0         68   ffixui.o
        10          0          0          0          0         68   ffltui.o
       100          0          0          0          0         76   fmul.o

    ----------------------------------------------------------------------
      7940        314        144          4          0       4608   Library Totals
         4          0          0          0          0          0   (incl. Padding)

    ----------------------------------------------------------------------

      Code (inc. data)   RO Data    RW Data    ZI Data      Debug   Library Name

      2868        200        144          0          0        912   m_ws.l
      2990        114          0          4          0       1732   mc_w.l
      2078          0          0          0          0       1964   mf_w.l

    ----------------------------------------------------------------------
      7940        314        144          4          0       4608   Library Totals

    ----------------------------------------------------------------------

==============================================================================


      Code (inc. data)   RO Data    RW Data    ZI Data      Debug   

     83144       5280     428272        808      19504     356929   Grand Totals
     83144       5280     428272        260      19504     356929   ELF Image Totals (compressed)
     83144       5280     428272        260          0          0   ROM Totals

==============================================================================

    Total RO  Size (Code + RO Data)               511416 ( 499.43kB)
    Total RW  Size (RW Data + ZI Data)             20312 (  19.84kB)
    Total ROM Size (Code + RO Data + RW Data)     511676 ( 499.68kB)

==============================================================================

